__tests__/mocks/handlers.ts(87,13): error TS2339: Property 'query' does not exist on type 'DefaultBodyType'.
__tests__/templates/api-route.template.ts(14,10): error TS2459: Module '"../../jest.setup"' declares 'server' locally, but it is not exported.
__tests__/templates/api-route.template.ts(28,21): error TS2304: Cannot find name 'handler'.
__tests__/templates/api-route.template.ts(45,21): error TS2304: Cannot find name 'handler'.
__tests__/templates/api-route.template.ts(50,13): error TS2353: Object literal may only specify known properties, and 'url' does not exist in type 'RequestInit'.
__tests__/templates/api-route.template.ts(66,21): error TS2304: Cannot find name 'handler'.
__tests__/templates/api-route.template.ts(70,13): error TS2353: Object literal may only specify known properties, and 'url' does not exist in type 'RequestInit'.
__tests__/templates/api-route.template.ts(90,21): error TS2304: Cannot find name 'handler'.
__tests__/templates/api-route.template.ts(117,21): error TS2304: Cannot find name 'handler'.
__tests__/templates/api-route.template.ts(149,21): error TS2304: Cannot find name 'handler'.
__tests__/templates/api-route.template.ts(164,21): error TS2304: Cannot find name 'handler'.
__tests__/templates/api-route.template.ts(184,21): error TS2304: Cannot find name 'handler'.
__tests__/templates/api-route.template.ts(212,21): error TS2304: Cannot find name 'handler'.
__tests__/templates/api-route.template.ts(233,21): error TS2304: Cannot find name 'handler'.
__tests__/templates/api-route.template.ts(270,17): error TS2304: Cannot find name 'handler'.
__tests__/templates/api-route.template.ts(297,17): error TS2304: Cannot find name 'handler'.
__tests__/templates/api-route.template.ts(302,9): error TS2353: Object literal may only specify known properties, and 'url' does not exist in type 'RequestInit'.
__tests__/templates/api-route.template.ts(316,9): error TS2353: Object literal may only specify known properties, and 'url' does not exist in type 'RequestInit'.
__tests__/templates/api-route.template.ts(334,21): error TS2304: Cannot find name 'handler'.
__tests__/utils/cleanup.ts(170,19): error TS2540: Cannot assign to 'NODE_ENV' because it is a read-only property.
__tests__/utils/supabase-test-helpers.ts(140,45): error TS2345: Argument of type 'Function' is not assignable to parameter of type '(value: { data: any; error: any; count: number | undefined; status: number; statusText: string; }) => { data: any; error: any; count: number | undefined; status: number; statusText: string; } | PromiseLike<...>'.
  Type 'Function' provides no match for the signature '(value: { data: any; error: any; count: number | undefined; status: number; statusText: string; }): { data: any; error: any; count: number | undefined; status: number; statusText: string; } | PromiseLike<...>'.
__tests__/utils/supabase-test-helpers.ts(149,11): error TS7053: Element implicitly has an 'any' type because expression of type 'string' can't be used to index type '{ select: Mock<any, [columns?: any], any>; insert: Mock<any, [data: any], any>; update: Mock<any, [data: any], any>; upsert: Mock<any, [data: any], any>; delete: Mock<any, [], any>; ... 27 more ...; then: (resolve: any) => Promise<...>; }'.
  No index signature with a parameter of type 'string' was found on type '{ select: Mock<any, [columns?: any], any>; insert: Mock<any, [data: any], any>; update: Mock<any, [data: any], any>; upsert: Mock<any, [data: any], any>; delete: Mock<any, [], any>; ... 27 more ...; then: (resolve: any) => Promise<...>; }'.
__tests__/utils/supabase-test-helpers.ts(150,10): error TS7053: Element implicitly has an 'any' type because expression of type 'string' can't be used to index type '{ select: Mock<any, [columns?: any], any>; insert: Mock<any, [data: any], any>; update: Mock<any, [data: any], any>; upsert: Mock<any, [data: any], any>; delete: Mock<any, [], any>; ... 27 more ...; then: (resolve: any) => Promise<...>; }'.
  No index signature with a parameter of type 'string' was found on type '{ select: Mock<any, [columns?: any], any>; insert: Mock<any, [data: any], any>; update: Mock<any, [data: any], any>; upsert: Mock<any, [data: any], any>; delete: Mock<any, [], any>; ... 27 more ...; then: (resolve: any) => Promise<...>; }'.
__tests__/utils/supabase-test-helpers.ts(174,8): error TS7053: Element implicitly has an 'any' type because expression of type 'string' can't be used to index type '{ generate_atomic_pallet_numbers_v6: Mock<RPCResponse<{ pallet_number: string; series: string; }[]>, [params: { p_count: number; p_session_id?: string | undefined; }], any>; ... 29 more ...; update_grn_workflow: Mock<...>; }'.
  No index signature with a parameter of type 'string' was found on type '{ generate_atomic_pallet_numbers_v6: Mock<RPCResponse<{ pallet_number: string; series: string; }[]>, [params: { p_count: number; p_session_id?: string | undefined; }], any>; ... 29 more ...; update_grn_workflow: Mock<...>; }'.
__tests__/utils/supabase-test-helpers.ts(175,5): error TS7053: Element implicitly has an 'any' type because expression of type 'string' can't be used to index type '{ generate_atomic_pallet_numbers_v6: Mock<RPCResponse<{ pallet_number: string; series: string; }[]>, [params: { p_count: number; p_session_id?: string | undefined; }], any>; ... 29 more ...; update_grn_workflow: Mock<...>; }'.
  No index signature with a parameter of type 'string' was found on type '{ generate_atomic_pallet_numbers_v6: Mock<RPCResponse<{ pallet_number: string; series: string; }[]>, [params: { p_count: number; p_session_id?: string | undefined; }], any>; ... 29 more ...; update_grn_workflow: Mock<...>; }'.
__tests__/utils/supabase-test-helpers.ts(191,8): error TS7053: Element implicitly has an 'any' type because expression of type 'string' can't be used to index type '{ generate_atomic_pallet_numbers_v6: Mock<RPCResponse<{ pallet_number: string; series: string; }[]>, [params: { p_count: number; p_session_id?: string | undefined; }], any>; ... 29 more ...; update_grn_workflow: Mock<...>; }'.
  No index signature with a parameter of type 'string' was found on type '{ generate_atomic_pallet_numbers_v6: Mock<RPCResponse<{ pallet_number: string; series: string; }[]>, [params: { p_count: number; p_session_id?: string | undefined; }], any>; ... 29 more ...; update_grn_workflow: Mock<...>; }'.
__tests__/utils/supabase-test-helpers.ts(192,5): error TS7053: Element implicitly has an 'any' type because expression of type 'string' can't be used to index type '{ generate_atomic_pallet_numbers_v6: Mock<RPCResponse<{ pallet_number: string; series: string; }[]>, [params: { p_count: number; p_session_id?: string | undefined; }], any>; ... 29 more ...; update_grn_workflow: Mock<...>; }'.
  No index signature with a parameter of type 'string' was found on type '{ generate_atomic_pallet_numbers_v6: Mock<RPCResponse<{ pallet_number: string; series: string; }[]>, [params: { p_count: number; p_session_id?: string | undefined; }], any>; ... 29 more ...; update_grn_workflow: Mock<...>; }'.
__tests__/utils/supabase-test-helpers.ts(228,9): error TS7022: 'mockChannel' implicitly has type 'any' because it does not have a type annotation and is referenced directly or indirectly in its own initializer.
__tests__/utils/supabase-test-helpers.ts(229,17): error TS7024: Function implicitly has return type 'any' because it does not have a return type annotation and is referenced directly or indirectly in one of its return expressions.
__tests__/utils/test-cache-strategy.ts(170,39): error TS2675: Cannot extend a class '"/mnt/c/Users/ccohen/Documents/NewPennine/online-stock-control-system/__tests__/utils/test-cache-strategy".TestCacheStrategy'. Class constructor is marked as private.
__tests__/utils/test-cache-strategy.ts(187,38): error TS2675: Cannot extend a class '"/mnt/c/Users/ccohen/Documents/NewPennine/online-stock-control-system/__tests__/utils/test-cache-strategy".TestCacheStrategy'. Class constructor is marked as private.
__tests__/utils/test-cache-strategy.ts(204,38): error TS2675: Cannot extend a class '"/mnt/c/Users/ccohen/Documents/NewPennine/online-stock-control-system/__tests__/utils/test-cache-strategy".TestCacheStrategy'. Class constructor is marked as private.
__tests__/utils/test-cache-strategy.ts(218,14): error TS2673: Constructor of class 'TestCacheStrategy' is private and only accessible within the class declaration.
__tests__/utils/test-cache-strategy.ts(220,14): error TS2673: Constructor of class 'TestCacheStrategy' is private and only accessible within the class declaration.
__tests__/utils/test-cache-strategy.ts(222,14): error TS2673: Constructor of class 'TestCacheStrategy' is private and only accessible within the class declaration.
__tests__/utils/test-utils.ts(47,11): error TS7022: 'builder' implicitly has type 'any' because it does not have a type annotation and is referenced directly or indirectly in its own initializer.
__tests__/utils/test-utils.ts(49,23): error TS7024: Function implicitly has return type 'any' because it does not have a return type annotation and is referenced directly or indirectly in one of its return expressions.
__tests__/utils/test-utils.ts(56,20): error TS2339: Property 'data' does not exist on type '{ table: string; selectColumns: string; filters: never[]; joins: never[]; orderBy: never[]; limitValue: null; offsetValue: null; modifiers: never[]; }'.
__tests__/utils/test-utils.ts(60,20): error TS2339: Property 'data' does not exist on type '{ table: string; selectColumns: string; filters: never[]; joins: never[]; orderBy: never[]; limitValue: null; offsetValue: null; modifiers: never[]; }'.
__tests__/utils/test-utils.ts(64,20): error TS2339: Property 'data' does not exist on type '{ table: string; selectColumns: string; filters: never[]; joins: never[]; orderBy: never[]; limitValue: null; offsetValue: null; modifiers: never[]; }'.
__tests__/utils/test-utils.ts(71,33): error TS2345: Argument of type '{ type: string; column: any; value: any; }' is not assignable to parameter of type 'never'.
__tests__/utils/test-utils.ts(75,33): error TS2345: Argument of type '{ type: string; column: any; value: any; }' is not assignable to parameter of type 'never'.
__tests__/utils/test-utils.ts(79,33): error TS2345: Argument of type '{ type: string; column: any; value: any; }' is not assignable to parameter of type 'never'.
__tests__/utils/test-utils.ts(83,33): error TS2345: Argument of type '{ type: string; column: any; value: any; }' is not assignable to parameter of type 'never'.
__tests__/utils/test-utils.ts(87,33): error TS2345: Argument of type '{ type: string; column: any; value: any; }' is not assignable to parameter of type 'never'.
__tests__/utils/test-utils.ts(91,33): error TS2345: Argument of type '{ type: string; column: any; value: any; }' is not assignable to parameter of type 'never'.
__tests__/utils/test-utils.ts(95,33): error TS2345: Argument of type '{ type: string; column: any; pattern: any; }' is not assignable to parameter of type 'never'.
__tests__/utils/test-utils.ts(99,33): error TS2345: Argument of type '{ type: string; column: any; pattern: any; }' is not assignable to parameter of type 'never'.
__tests__/utils/test-utils.ts(103,33): error TS2345: Argument of type '{ type: string; column: any; value: any; }' is not assignable to parameter of type 'never'.
__tests__/utils/test-utils.ts(107,33): error TS2345: Argument of type '{ type: string; column: any; values: any; }' is not assignable to parameter of type 'never'.
__tests__/utils/test-utils.ts(111,33): error TS2345: Argument of type '{ type: string; column: any; value: any; }' is not assignable to parameter of type 'never'.
__tests__/utils/test-utils.ts(115,33): error TS2345: Argument of type '{ type: string; column: any; value: any; }' is not assignable to parameter of type 'never'.
__tests__/utils/test-utils.ts(121,9): error TS2322: Type 'number' is not assignable to type 'null'.
__tests__/utils/test-utils.ts(128,33): error TS2345: Argument of type 'any' is not assignable to parameter of type 'never'.
__tests__/utils/test-utils.ts(144,35): error TS2345: Argument of type '"single"' is not assignable to parameter of type 'never'.
__tests__/utils/test-utils.ts(148,35): error TS2345: Argument of type '"maybeSingle"' is not assignable to parameter of type 'never'.
__tests__/utils/test-utils.ts(154,31): error TS2345: Argument of type '{ type: string; table: any; on: any; }' is not assignable to parameter of type 'never'.
__tests__/utils/test-utils.ts(158,31): error TS2345: Argument of type '{ type: string; table: any; on: any; }' is not assignable to parameter of type 'never'.
__tests__/utils/test-utils.ts(164,33): error TS2345: Argument of type '{ type: string; filters: any; }' is not assignable to parameter of type 'never'.
__tests__/utils/test-utils.ts(168,33): error TS2345: Argument of type '{ type: string; column: any; operator: any; value: any; }' is not assignable to parameter of type 'never'.
__tests__/utils/test-utils.ts(172,33): error TS2345: Argument of type '{ type: string; query: any; }' is not assignable to parameter of type 'never'.
__tests__/utils/test-utils.ts(178,33): error TS2345: Argument of type '{ type: string; column: any; query: any; options: any; }' is not assignable to parameter of type 'never'.
__tests__/utils/test-utils.ts(184,35): error TS2345: Argument of type '{ type: string; options: any; }' is not assignable to parameter of type 'never'.
__tests__/utils/test-utils.ts(190,35): error TS2345: Argument of type '"csv"' is not assignable to parameter of type 'never'.
__tests__/utils/test-utils.ts(198,14): error TS7006: Parameter 'resolve' implicitly has an 'any' type.
app/actions/palletActions.ts(210,52): error TS2339: Property 'description' does not exist on type '{ description: any; chinese_description: any; }[]'.
app/admin/__tests__/ssr-integration-client.test.tsx(6,10): error TS2305: Module '"@/app/admin/hooks/useDashboardConcurrentQuery"' has no exported member 'prefetchCriticalWidgetsData'.
app/admin/__tests__/ssr-integration-client.test.tsx(14,17): error TS2540: Cannot assign to 'NODE_ENV' because it is a read-only property.
app/admin/__tests__/ssr-integration-client.test.tsx(18,17): error TS2540: Cannot assign to 'NODE_ENV' because it is a read-only property.
app/admin/__tests__/ssr-integration.test.tsx(11,10): error TS2305: Module '"@/app/admin/hooks/useDashboardConcurrentQuery"' has no exported member 'prefetchCriticalWidgetsData'.
app/admin/__tests__/ssr-integration.test.tsx(164,7): error TS2739: Type '{ totalAwaitingQty: number; locations: never[]; }' is missing the following properties from type '{ records: { location: string; quantity: number; }[]; value: number; trend?: { value: number; isPositive: boolean; } | undefined; locations?: { location: string; quantity: number; lastUpdated: string; }[] | undefined; totalAwaitingQty?: number | undefined; }': records, value
app/admin/__tests__/ssr-integration.test.tsx(165,55): error TS2739: Type '{}' is missing the following properties from type '{ start: string; end: string; }': start, end
app/admin/__tests__/ssr-integration.test.tsx(268,15): error TS2322: Type '{ id: string; type: string; title: string; config: { dataSource: string; }; }' is not assignable to type 'DashboardWidget | WidgetConfig'.
  Type '{ id: string; type: string; title: string; config: { dataSource: string; }; }' is not assignable to type 'DashboardWidget'.
    Types of property 'type' are incompatible.
      Type 'string' is not assignable to type 'WidgetType'.
app/admin/__tests__/ssr-integration.test.tsx(296,15): error TS2322: Type '{ id: string; type: string; title: string; config: { dataSource: string; staticValue: number; label: string; }; }' is not assignable to type 'DashboardWidget | WidgetConfig'.
  Type '{ id: string; type: string; title: string; config: { dataSource: string; staticValue: number; label: string; }; }' is not assignable to type 'DashboardWidget'.
    Types of property 'type' are incompatible.
      Type 'string' is not assignable to type 'WidgetType'.
app/admin/__tests__/ssr-integration.test.tsx(319,42): error TS2353: Object literal may only specify known properties, and 'theme' does not exist in type 'Promise<{ theme: string; }>'.
app/admin/__tests__/ssr-integration.test.tsx(334,42): error TS2353: Object literal may only specify known properties, and 'theme' does not exist in type 'Promise<{ theme: string; }>'.
app/admin/__tests__/ssr-integration.test.tsx(354,19): error TS2353: Object literal may only specify known properties, and 'theme' does not exist in type 'Promise<{ theme: string; }>'.
app/admin/__tests__/ssr-integration.test.tsx(407,13): error TS2322: Type '{ total_pallets: { value: number; label: string; }; awaitLocationQty: { totalAwaitingQty: number; }; }' is not assignable to type 'DashboardBatchQueryData'.
  Types of property 'awaitLocationQty' are incompatible.
    Type '{ totalAwaitingQty: number; }' is missing the following properties from type '{ records: { location: string; quantity: number; }[]; value: number; trend?: { value: number; isPositive: boolean; } | undefined; locations?: { location: string; quantity: number; lastUpdated: string; }[] | undefined; totalAwaitingQty?: number | undefined; }': records, value
app/admin/__tests__/ssr-server-prefetch.test.ts(30,8): error TS2339: Property 'from' does not exist on type 'Promise<SupabaseClient<any, "public", any>>'.
app/admin/__tests__/ssr-server-prefetch.test.ts(43,8): error TS2339: Property 'rpc' does not exist on type 'Promise<SupabaseClient<any, "public", any>>'.
app/admin/__tests__/ssr-server-prefetch.test.ts(61,8): error TS2339: Property 'from' does not exist on type 'Promise<SupabaseClient<any, "public", any>>'.
app/admin/components.backup/dashboard/AdminDashboardContent.tsx(14,32): error TS2307: Cannot find module '@/lib/widgets/simple-registry' or its corresponding type declarations.
app/admin/components.backup/dashboard/AdminWidgetRenderer.tsx(14,38): error TS2307: Cannot find module '@/lib/widgets/simple-registry' or its corresponding type declarations.
app/admin/components.backup/dashboard/AdminWidgetRenderer.tsx(49,22): error TS2345: Argument of type '() => Promise<{ default: typeof Line; }>' is not assignable to parameter of type 'DynamicOptions<Props> | Loader<Props>'.
  Type '() => Promise<{ default: typeof Line; }>' is not assignable to type '() => LoaderComponent<Props>'.
    Type 'Promise<{ default: typeof Line; }>' is not assignable to type 'LoaderComponent<Props>'.
      Type '{ default: typeof Line; }' is not assignable to type 'ComponentType<Props> | ComponentModule<Props>'.
        Type '{ default: typeof Line; }' is not assignable to type 'ComponentModule<Props>'.
          Types of property 'default' are incompatible.
            Type 'typeof Line' is not assignable to type 'ComponentType<Props>'.
              Type 'typeof Line' is not assignable to type 'ComponentClass<Props, any>'.
                The types of 'defaultProps.legendType' are incompatible between these types.
                  Type 'string' is not assignable to type 'LegendType | undefined'.
app/admin/components.backup/dashboard/AdminWidgetRenderer.tsx(51,21): error TS2345: Argument of type '() => Promise<{ default: typeof Bar; }>' is not assignable to parameter of type 'DynamicOptions<Props> | Loader<Props>'.
  Type '() => Promise<{ default: typeof Bar; }>' is not assignable to type '() => LoaderComponent<Props>'.
    Type 'Promise<{ default: typeof Bar; }>' is not assignable to type 'LoaderComponent<Props>'.
      Type '{ default: typeof Bar; }' is not assignable to type 'ComponentType<Props> | ComponentModule<Props>'.
        Type '{ default: typeof Bar; }' is not assignable to type 'ComponentModule<Props>'.
          Types of property 'default' are incompatible.
            Type 'typeof Bar' is not assignable to type 'ComponentType<Props>'.
              Type 'typeof Bar' is not assignable to type 'ComponentClass<Props, any>'.
                The types of 'defaultProps.layout' are incompatible between these types.
                  Type 'string' is not assignable to type '"horizontal" | "vertical" | undefined'.
app/admin/components.backup/dashboard/AdminWidgetRenderer.tsx(53,21): error TS2345: Argument of type '() => Promise<{ default: typeof Pie; }>' is not assignable to parameter of type 'DynamicOptions<Props> | Loader<Props>'.
  Type '() => Promise<{ default: typeof Pie; }>' is not assignable to type '() => LoaderComponent<Props>'.
    Type 'Promise<{ default: typeof Pie; }>' is not assignable to type 'LoaderComponent<Props>'.
      Type '{ default: typeof Pie; }' is not assignable to type 'ComponentType<Props> | ComponentModule<Props>'.
        Type '{ default: typeof Pie; }' is not assignable to type 'ComponentModule<Props>'.
          Types of property 'default' are incompatible.
            Type 'typeof Pie' is not assignable to type 'ComponentType<Props>'.
              Type 'typeof Pie' is not assignable to type 'ComponentClass<Props, any>'.
                The types of 'defaultProps.legendType' are incompatible between these types.
                  Type 'string' is not assignable to type 'LegendType | undefined'.
app/admin/components.backup/dashboard/AdminWidgetRenderer.tsx(56,22): error TS2345: Argument of type '() => Promise<{ default: typeof Area; }>' is not assignable to parameter of type 'DynamicOptions<Props> | Loader<Props>'.
  Type '() => Promise<{ default: typeof Area; }>' is not assignable to type '() => LoaderComponent<Props>'.
    Type 'Promise<{ default: typeof Area; }>' is not assignable to type 'LoaderComponent<Props>'.
      Type '{ default: typeof Area; }' is not assignable to type 'ComponentType<Props> | ComponentModule<Props>'.
        Type '{ default: typeof Area; }' is not assignable to type 'ComponentModule<Props>'.
          Types of property 'default' are incompatible.
            Type 'typeof Area' is not assignable to type 'ComponentType<Props>'.
              Type 'typeof Area' is not assignable to type 'ComponentClass<Props, any>'.
                The types of 'defaultProps.legendType' are incompatible between these types.
                  Type 'string' is not assignable to type 'LegendType | undefined'.
app/admin/components.backup/dashboard/AdminWidgetRenderer.tsx(57,23): error TS2345: Argument of type '() => Promise<{ default: typeof XAxis; }>' is not assignable to parameter of type 'DynamicOptions<Props> | Loader<Props>'.
  Type '() => Promise<{ default: typeof XAxis; }>' is not assignable to type '() => LoaderComponent<Props>'.
    Type 'Promise<{ default: typeof XAxis; }>' is not assignable to type 'LoaderComponent<Props>'.
      Type '{ default: typeof XAxis; }' is not assignable to type 'ComponentType<Props> | ComponentModule<Props>'.
        Type '{ default: typeof XAxis; }' is not assignable to type 'ComponentModule<Props>'.
          Types of property 'default' are incompatible.
            Type 'typeof XAxis' is not assignable to type 'ComponentType<Props>'.
              Type 'typeof XAxis' is not assignable to type 'ComponentClass<Props, any>'.
                The types of 'defaultProps.type' are incompatible between these types.
                  Type 'string' is not assignable to type '"number" | "category" | undefined'.
app/admin/components.backup/dashboard/AdminWidgetRenderer.tsx(58,23): error TS2345: Argument of type '() => Promise<{ default: typeof YAxis; }>' is not assignable to parameter of type 'DynamicOptions<Props> | Loader<Props>'.
  Type '() => Promise<{ default: typeof YAxis; }>' is not assignable to type '() => LoaderComponent<Props>'.
    Type 'Promise<{ default: typeof YAxis; }>' is not assignable to type 'LoaderComponent<Props>'.
      Type '{ default: typeof YAxis; }' is not assignable to type 'ComponentType<Props> | ComponentModule<Props>'.
        Type '{ default: typeof YAxis; }' is not assignable to type 'ComponentModule<Props>'.
          Types of property 'default' are incompatible.
            Type 'typeof YAxis' is not assignable to type 'ComponentType<Props>'.
              Type 'typeof YAxis' is not assignable to type 'ComponentClass<Props, any>'.
                The types of 'defaultProps.type' are incompatible between these types.
                  Type 'string' is not assignable to type '"number" | "category" | undefined'.
app/admin/components.backup/dashboard/AdminWidgetRenderer.tsx(60,25): error TS2345: Argument of type '() => Promise<{ default: typeof Tooltip; }>' is not assignable to parameter of type 'DynamicOptions<TooltipProps<ValueType, NameType>> | Loader<TooltipProps<ValueType, NameType>>'.
  Type '() => Promise<{ default: typeof Tooltip; }>' is not assignable to type '() => LoaderComponent<TooltipProps<ValueType, NameType>>'.
    Type 'Promise<{ default: typeof Tooltip; }>' is not assignable to type 'LoaderComponent<TooltipProps<ValueType, NameType>>'.
      Type '{ default: typeof Tooltip; }' is not assignable to type 'ComponentType<TooltipProps<ValueType, NameType>> | ComponentModule<TooltipProps<ValueType, NameType>>'.
        Type '{ default: typeof Tooltip; }' is not assignable to type 'ComponentModule<TooltipProps<ValueType, NameType>>'.
          Types of property 'default' are incompatible.
            Type 'typeof Tooltip' is not assignable to type 'ComponentType<TooltipProps<ValueType, NameType>>'.
              Type 'typeof Tooltip' is not assignable to type 'ComponentClass<TooltipProps<ValueType, NameType>, any>'.
                The types of 'defaultProps.animationEasing' are incompatible between these types.
                  Type 'string' is not assignable to type 'AnimationTiming | undefined'.
app/admin/components.backup/dashboard/AdminWidgetRenderer.tsx(1449,31): error TS2304: Cannot find name 'unifiedWidgetRegistry'.
app/admin/components.backup/dashboard/AdminWidgetRenderer.tsx(1460,27): error TS2304: Cannot find name 'unifiedWidgetRegistry'.
app/admin/components.backup/dashboard/AdminWidgetRenderer.tsx(1500,39): error TS2304: Cannot find name 'unifiedWidgetRegistry'.
app/admin/components.backup/dashboard/AdminWidgetRenderer.tsx(1516,38): error TS2304: Cannot find name 'unifiedWidgetRegistry'.
app/admin/components.backup/dashboard/AdminWidgetRenderer.tsx(1532,34): error TS2304: Cannot find name 'unifiedWidgetRegistry'.
app/admin/components.backup/dashboard/charts/AcoOrderProgressChart.tsx(9,21): error TS2345: Argument of type '() => Promise<{ default: typeof Bar; }>' is not assignable to parameter of type 'DynamicOptions<Props> | Loader<Props>'.
  Type '() => Promise<{ default: typeof Bar; }>' is not assignable to type '() => LoaderComponent<Props>'.
    Type 'Promise<{ default: typeof Bar; }>' is not assignable to type 'LoaderComponent<Props>'.
      Type '{ default: typeof Bar; }' is not assignable to type 'ComponentType<Props> | ComponentModule<Props>'.
        Type '{ default: typeof Bar; }' is not assignable to type 'ComponentModule<Props>'.
          Types of property 'default' are incompatible.
            Type 'typeof Bar' is not assignable to type 'ComponentType<Props>'.
              Type 'typeof Bar' is not assignable to type 'ComponentClass<Props, any>'.
                The types of 'defaultProps.layout' are incompatible between these types.
                  Type 'string' is not assignable to type '"horizontal" | "vertical" | undefined'.
app/admin/components.backup/dashboard/charts/AcoOrderProgressChart.tsx(10,23): error TS2345: Argument of type '() => Promise<{ default: typeof XAxis; }>' is not assignable to parameter of type 'DynamicOptions<Props> | Loader<Props>'.
  Type '() => Promise<{ default: typeof XAxis; }>' is not assignable to type '() => LoaderComponent<Props>'.
    Type 'Promise<{ default: typeof XAxis; }>' is not assignable to type 'LoaderComponent<Props>'.
      Type '{ default: typeof XAxis; }' is not assignable to type 'ComponentType<Props> | ComponentModule<Props>'.
        Type '{ default: typeof XAxis; }' is not assignable to type 'ComponentModule<Props>'.
          Types of property 'default' are incompatible.
            Type 'typeof XAxis' is not assignable to type 'ComponentType<Props>'.
              Type 'typeof XAxis' is not assignable to type 'ComponentClass<Props, any>'.
                The types of 'defaultProps.type' are incompatible between these types.
                  Type 'string' is not assignable to type '"number" | "category" | undefined'.
app/admin/components.backup/dashboard/charts/AcoOrderProgressChart.tsx(11,23): error TS2345: Argument of type '() => Promise<{ default: typeof YAxis; }>' is not assignable to parameter of type 'DynamicOptions<Props> | Loader<Props>'.
  Type '() => Promise<{ default: typeof YAxis; }>' is not assignable to type '() => LoaderComponent<Props>'.
    Type 'Promise<{ default: typeof YAxis; }>' is not assignable to type 'LoaderComponent<Props>'.
      Type '{ default: typeof YAxis; }' is not assignable to type 'ComponentType<Props> | ComponentModule<Props>'.
        Type '{ default: typeof YAxis; }' is not assignable to type 'ComponentModule<Props>'.
          Types of property 'default' are incompatible.
            Type 'typeof YAxis' is not assignable to type 'ComponentType<Props>'.
              Type 'typeof YAxis' is not assignable to type 'ComponentClass<Props, any>'.
                The types of 'defaultProps.type' are incompatible between these types.
                  Type 'string' is not assignable to type '"number" | "category" | undefined'.
app/admin/components.backup/dashboard/charts/AcoOrderProgressChart.tsx(13,25): error TS2345: Argument of type '() => Promise<{ default: typeof Tooltip; }>' is not assignable to parameter of type 'DynamicOptions<TooltipProps<ValueType, NameType>> | Loader<TooltipProps<ValueType, NameType>>'.
  Type '() => Promise<{ default: typeof Tooltip; }>' is not assignable to type '() => LoaderComponent<TooltipProps<ValueType, NameType>>'.
    Type 'Promise<{ default: typeof Tooltip; }>' is not assignable to type 'LoaderComponent<TooltipProps<ValueType, NameType>>'.
      Type '{ default: typeof Tooltip; }' is not assignable to type 'ComponentType<TooltipProps<ValueType, NameType>> | ComponentModule<TooltipProps<ValueType, NameType>>'.
        Type '{ default: typeof Tooltip; }' is not assignable to type 'ComponentModule<TooltipProps<ValueType, NameType>>'.
          Types of property 'default' are incompatible.
            Type 'typeof Tooltip' is not assignable to type 'ComponentType<TooltipProps<ValueType, NameType>>'.
              Type 'typeof Tooltip' is not assignable to type 'ComponentClass<TooltipProps<ValueType, NameType>, any>'.
                The types of 'defaultProps.animationEasing' are incompatible between these types.
                  Type 'string' is not assignable to type 'AnimationTiming | undefined'.
app/admin/components.backup/dashboard/charts/AcoOrderProgressChart.tsx(14,24): error TS2345: Argument of type '() => Promise<{ default: typeof Legend; }>' is not assignable to parameter of type 'DynamicOptions<Props> | Loader<Props>'.
  Type '() => Promise<{ default: typeof Legend; }>' is not assignable to type '() => LoaderComponent<Props>'.
    Type 'Promise<{ default: typeof Legend; }>' is not assignable to type 'LoaderComponent<Props>'.
      Type '{ default: typeof Legend; }' is not assignable to type 'ComponentType<Props> | ComponentModule<Props>'.
        Type '{ default: typeof Legend; }' is not assignable to type 'ComponentModule<Props>'.
          Types of property 'default' are incompatible.
            Type 'typeof Legend' is not assignable to type 'ComponentType<Props>'.
              Type 'typeof Legend' is not assignable to type 'ComponentClass<Props, any>'.
                The types of 'defaultProps.layout' are incompatible between these types.
                  Type 'string' is not assignable to type 'LayoutType | undefined'.
app/admin/components.backup/dashboard/charts/AcoOrderProgressChart.tsx(140,27): error TS2339: Property 'destructive' does not exist on type '{ readonly success: { readonly light: "#22c55e"; readonly DEFAULT: "#16a34a"; readonly dark: "#15803d"; readonly bg: "#dcfce7"; readonly border: "#86efac"; }; readonly warning: { readonly light: "#facc15"; readonly DEFAULT: "#eab308"; readonly dark: "#ca8a04"; readonly bg: "#fef3c7"; readonly border: "#fde047"; }; r...'.
app/admin/components.backup/dashboard/charts/AcoOrderProgressChart.tsx(145,40): error TS2339: Property 'margin' does not exist on type '{ readonly container: { readonly base: "px-4 md:px-6 lg:px-8"; readonly compact: "px-3 md:px-4 lg:px-6"; readonly wide: "px-6 md:px-8 lg:px-12"; }; readonly widget: { readonly container: "p-4"; readonly header: "mb-4"; readonly content: "space-y-4"; }; readonly form: { ...; }; readonly list: { ...; }; readonly grid:...'.
app/admin/components.backup/dashboard/charts/AcoOrderProgressChart.tsx(203,36): error TS2339: Property 'gap' does not exist on type '{ readonly container: { readonly base: "px-4 md:px-6 lg:px-8"; readonly compact: "px-3 md:px-4 lg:px-6"; readonly wide: "px-6 md:px-8 lg:px-12"; }; readonly widget: { readonly container: "p-4"; readonly header: "mb-4"; readonly content: "space-y-4"; }; readonly form: { ...; }; readonly list: { ...; }; readonly grid:...'.
app/admin/components.backup/dashboard/charts/AcoOrderProgressChart.tsx(205,76): error TS2339: Property 'gap' does not exist on type '{ readonly container: { readonly base: "px-4 md:px-6 lg:px-8"; readonly compact: "px-3 md:px-4 lg:px-6"; readonly wide: "px-6 md:px-8 lg:px-12"; }; readonly widget: { readonly container: "p-4"; readonly header: "mb-4"; readonly content: "space-y-4"; }; readonly form: { ...; }; readonly list: { ...; }; readonly grid:...'.
app/admin/components.backup/dashboard/charts/AcoOrderProgressChart.tsx(209,76): error TS2339: Property 'gap' does not exist on type '{ readonly container: { readonly base: "px-4 md:px-6 lg:px-8"; readonly compact: "px-3 md:px-4 lg:px-6"; readonly wide: "px-6 md:px-8 lg:px-12"; }; readonly widget: { readonly container: "p-4"; readonly header: "mb-4"; readonly content: "space-y-4"; }; readonly form: { ...; }; readonly list: { ...; }; readonly grid:...'.
app/admin/components.backup/dashboard/charts/AcoOrderProgressChart.tsx(213,76): error TS2339: Property 'gap' does not exist on type '{ readonly container: { readonly base: "px-4 md:px-6 lg:px-8"; readonly compact: "px-3 md:px-4 lg:px-6"; readonly wide: "px-6 md:px-8 lg:px-12"; }; readonly widget: { readonly container: "p-4"; readonly header: "mb-4"; readonly content: "space-y-4"; }; readonly form: { ...; }; readonly list: { ...; }; readonly grid:...'.
app/admin/components.backup/dashboard/charts/AcoOrderProgressChart.tsx(214,101): error TS2339: Property 'destructive' does not exist on type '{ readonly success: { readonly light: "#22c55e"; readonly DEFAULT: "#16a34a"; readonly dark: "#15803d"; readonly bg: "#dcfce7"; readonly border: "#86efac"; }; readonly warning: { readonly light: "#facc15"; readonly DEFAULT: "#eab308"; readonly dark: "#ca8a04"; readonly bg: "#fef3c7"; readonly border: "#fde047"; }; r...'.
app/admin/components.backup/dashboard/charts/InventoryTurnoverAnalysis.tsx(8,22): error TS2345: Argument of type '() => Promise<{ default: typeof Line; }>' is not assignable to parameter of type 'DynamicOptions<Props> | Loader<Props>'.
  Type '() => Promise<{ default: typeof Line; }>' is not assignable to type '() => LoaderComponent<Props>'.
    Type 'Promise<{ default: typeof Line; }>' is not assignable to type 'LoaderComponent<Props>'.
      Type '{ default: typeof Line; }' is not assignable to type 'ComponentType<Props> | ComponentModule<Props>'.
        Type '{ default: typeof Line; }' is not assignable to type 'ComponentModule<Props>'.
          Types of property 'default' are incompatible.
            Type 'typeof Line' is not assignable to type 'ComponentType<Props>'.
              Type 'typeof Line' is not assignable to type 'ComponentClass<Props, any>'.
                The types of 'defaultProps.legendType' are incompatible between these types.
                  Type 'string' is not assignable to type 'LegendType | undefined'.
app/admin/components.backup/dashboard/charts/InventoryTurnoverAnalysis.tsx(9,23): error TS2345: Argument of type '() => Promise<{ default: typeof XAxis; }>' is not assignable to parameter of type 'DynamicOptions<Props> | Loader<Props>'.
  Type '() => Promise<{ default: typeof XAxis; }>' is not assignable to type '() => LoaderComponent<Props>'.
    Type 'Promise<{ default: typeof XAxis; }>' is not assignable to type 'LoaderComponent<Props>'.
      Type '{ default: typeof XAxis; }' is not assignable to type 'ComponentType<Props> | ComponentModule<Props>'.
        Type '{ default: typeof XAxis; }' is not assignable to type 'ComponentModule<Props>'.
          Types of property 'default' are incompatible.
            Type 'typeof XAxis' is not assignable to type 'ComponentType<Props>'.
              Type 'typeof XAxis' is not assignable to type 'ComponentClass<Props, any>'.
                The types of 'defaultProps.type' are incompatible between these types.
                  Type 'string' is not assignable to type '"number" | "category" | undefined'.
app/admin/components.backup/dashboard/charts/InventoryTurnoverAnalysis.tsx(10,23): error TS2345: Argument of type '() => Promise<{ default: typeof YAxis; }>' is not assignable to parameter of type 'DynamicOptions<Props> | Loader<Props>'.
  Type '() => Promise<{ default: typeof YAxis; }>' is not assignable to type '() => LoaderComponent<Props>'.
    Type 'Promise<{ default: typeof YAxis; }>' is not assignable to type 'LoaderComponent<Props>'.
      Type '{ default: typeof YAxis; }' is not assignable to type 'ComponentType<Props> | ComponentModule<Props>'.
        Type '{ default: typeof YAxis; }' is not assignable to type 'ComponentModule<Props>'.
          Types of property 'default' are incompatible.
            Type 'typeof YAxis' is not assignable to type 'ComponentType<Props>'.
              Type 'typeof YAxis' is not assignable to type 'ComponentClass<Props, any>'.
                The types of 'defaultProps.type' are incompatible between these types.
                  Type 'string' is not assignable to type '"number" | "category" | undefined'.
app/admin/components.backup/dashboard/charts/InventoryTurnoverAnalysis.tsx(12,25): error TS2345: Argument of type '() => Promise<{ default: typeof Tooltip; }>' is not assignable to parameter of type 'DynamicOptions<TooltipProps<ValueType, NameType>> | Loader<TooltipProps<ValueType, NameType>>'.
  Type '() => Promise<{ default: typeof Tooltip; }>' is not assignable to type '() => LoaderComponent<TooltipProps<ValueType, NameType>>'.
    Type 'Promise<{ default: typeof Tooltip; }>' is not assignable to type 'LoaderComponent<TooltipProps<ValueType, NameType>>'.
      Type '{ default: typeof Tooltip; }' is not assignable to type 'ComponentType<TooltipProps<ValueType, NameType>> | ComponentModule<TooltipProps<ValueType, NameType>>'.
        Type '{ default: typeof Tooltip; }' is not assignable to type 'ComponentModule<TooltipProps<ValueType, NameType>>'.
          Types of property 'default' are incompatible.
            Type 'typeof Tooltip' is not assignable to type 'ComponentType<TooltipProps<ValueType, NameType>>'.
              Type 'typeof Tooltip' is not assignable to type 'ComponentClass<TooltipProps<ValueType, NameType>, any>'.
                The types of 'defaultProps.animationEasing' are incompatible between these types.
                  Type 'string' is not assignable to type 'AnimationTiming | undefined'.
app/admin/components.backup/dashboard/charts/InventoryTurnoverAnalysis.tsx(13,24): error TS2345: Argument of type '() => Promise<{ default: typeof Legend; }>' is not assignable to parameter of type 'DynamicOptions<Props> | Loader<Props>'.
  Type '() => Promise<{ default: typeof Legend; }>' is not assignable to type '() => LoaderComponent<Props>'.
    Type 'Promise<{ default: typeof Legend; }>' is not assignable to type 'LoaderComponent<Props>'.
      Type '{ default: typeof Legend; }' is not assignable to type 'ComponentType<Props> | ComponentModule<Props>'.
        Type '{ default: typeof Legend; }' is not assignable to type 'ComponentModule<Props>'.
          Types of property 'default' are incompatible.
            Type 'typeof Legend' is not assignable to type 'ComponentType<Props>'.
              Type 'typeof Legend' is not assignable to type 'ComponentClass<Props, any>'.
                The types of 'defaultProps.layout' are incompatible between these types.
                  Type 'string' is not assignable to type 'LayoutType | undefined'.
app/admin/components.backup/dashboard/charts/InventoryTurnoverAnalysis.tsx(43,16): error TS2339: Property 'record_inventoryCollection' does not exist on type 'never'.
app/admin/components.backup/dashboard/charts/InventoryTurnoverAnalysis.tsx(43,60): error TS2339: Property 'data_orderCollection' does not exist on type 'never'.
app/admin/components.backup/dashboard/charts/InventoryTurnoverAnalysis.tsx(47,10): error TS2339: Property 'record_inventoryCollection' does not exist on type 'never'.
app/admin/components.backup/dashboard/charts/InventoryTurnoverAnalysis.tsx(70,10): error TS2339: Property 'data_orderCollection' does not exist on type 'never'.
app/admin/components.backup/dashboard/charts/InventoryTurnoverAnalysis.tsx(137,64): error TS2339: Property 'message' does not exist on type 'never'.
app/admin/components.backup/dashboard/charts/InventoryTurnoverAnalysis.tsx(144,40): error TS2339: Property 'margin' does not exist on type '{ readonly container: { readonly base: "px-4 md:px-6 lg:px-8"; readonly compact: "px-3 md:px-4 lg:px-6"; readonly wide: "px-6 md:px-8 lg:px-12"; }; readonly widget: { readonly container: "p-4"; readonly header: "mb-4"; readonly content: "space-y-4"; }; readonly form: { ...; }; readonly list: { ...; }; readonly grid:...'.
app/admin/components.backup/dashboard/charts/InventoryTurnoverAnalysis.tsx(185,67): error TS2339: Property 'gap' does not exist on type '{ readonly container: { readonly base: "px-4 md:px-6 lg:px-8"; readonly compact: "px-3 md:px-4 lg:px-6"; readonly wide: "px-6 md:px-8 lg:px-12"; }; readonly widget: { readonly container: "p-4"; readonly header: "mb-4"; readonly content: "space-y-4"; }; readonly form: { ...; }; readonly list: { ...; }; readonly grid:...'.
app/admin/components.backup/dashboard/charts/InventoryTurnoverAnalysis.tsx(186,107): error TS2339: Property 'primary' does not exist on type '{ readonly gradient: "from-indigo-500 to-purple-500"; readonly icon: "#6366f1"; readonly text: "#4f46e5"; readonly bg: "bg-indigo-500/10"; readonly border: "border-indigo-500/30"; }'.
app/admin/components.backup/dashboard/charts/InventoryTurnoverAnalysis.tsx(209,43): error TS2339: Property 'primary' does not exist on type '{ readonly gradient: "from-indigo-500 to-purple-500"; readonly icon: "#6366f1"; readonly text: "#4f46e5"; readonly bg: "bg-indigo-500/10"; readonly border: "border-indigo-500/30"; }'.
app/admin/components.backup/dashboard/charts/InventoryTurnoverAnalysis.tsx(239,26): error TS2339: Property 'gap' does not exist on type '{ readonly container: { readonly base: "px-4 md:px-6 lg:px-8"; readonly compact: "px-3 md:px-4 lg:px-6"; readonly wide: "px-6 md:px-8 lg:px-12"; }; readonly widget: { readonly container: "p-4"; readonly header: "mb-4"; readonly content: "space-y-4"; }; readonly form: { ...; }; readonly list: { ...; }; readonly grid:...'.
app/admin/components.backup/dashboard/charts/InventoryTurnoverAnalysis.tsx(242,105): error TS2339: Property 'destructive' does not exist on type '{ readonly success: { readonly light: "#22c55e"; readonly DEFAULT: "#16a34a"; readonly dark: "#15803d"; readonly bg: "#dcfce7"; readonly border: "#86efac"; }; readonly warning: { readonly light: "#facc15"; readonly DEFAULT: "#eab308"; readonly dark: "#ca8a04"; readonly bg: "#fef3c7"; readonly border: "#fde047"; }; r...'.
app/admin/components.backup/dashboard/charts/RealTimeInventoryMap.tsx(37,36): error TS2304: Cannot find name 'useGetInventoryLocationsQuery'.
app/admin/components.backup/dashboard/charts/RealTimeInventoryMap.tsx(54,70): error TS2304: Cannot find name 'GetInventoryLocationsQuery'.
app/admin/components.backup/dashboard/charts/StocktakeAccuracyTrend.tsx(8,22): error TS2345: Argument of type '() => Promise<{ default: typeof Line; }>' is not assignable to parameter of type 'DynamicOptions<Props> | Loader<Props>'.
  Type '() => Promise<{ default: typeof Line; }>' is not assignable to type '() => LoaderComponent<Props>'.
    Type 'Promise<{ default: typeof Line; }>' is not assignable to type 'LoaderComponent<Props>'.
      Type '{ default: typeof Line; }' is not assignable to type 'ComponentType<Props> | ComponentModule<Props>'.
        Type '{ default: typeof Line; }' is not assignable to type 'ComponentModule<Props>'.
          Types of property 'default' are incompatible.
            Type 'typeof Line' is not assignable to type 'ComponentType<Props>'.
              Type 'typeof Line' is not assignable to type 'ComponentClass<Props, any>'.
                The types of 'defaultProps.legendType' are incompatible between these types.
                  Type 'string' is not assignable to type 'LegendType | undefined'.
app/admin/components.backup/dashboard/charts/StocktakeAccuracyTrend.tsx(9,23): error TS2345: Argument of type '() => Promise<{ default: typeof XAxis; }>' is not assignable to parameter of type 'DynamicOptions<Props> | Loader<Props>'.
  Type '() => Promise<{ default: typeof XAxis; }>' is not assignable to type '() => LoaderComponent<Props>'.
    Type 'Promise<{ default: typeof XAxis; }>' is not assignable to type 'LoaderComponent<Props>'.
      Type '{ default: typeof XAxis; }' is not assignable to type 'ComponentType<Props> | ComponentModule<Props>'.
        Type '{ default: typeof XAxis; }' is not assignable to type 'ComponentModule<Props>'.
          Types of property 'default' are incompatible.
            Type 'typeof XAxis' is not assignable to type 'ComponentType<Props>'.
              Type 'typeof XAxis' is not assignable to type 'ComponentClass<Props, any>'.
                The types of 'defaultProps.type' are incompatible between these types.
                  Type 'string' is not assignable to type '"number" | "category" | undefined'.
app/admin/components.backup/dashboard/charts/StocktakeAccuracyTrend.tsx(10,23): error TS2345: Argument of type '() => Promise<{ default: typeof YAxis; }>' is not assignable to parameter of type 'DynamicOptions<Props> | Loader<Props>'.
  Type '() => Promise<{ default: typeof YAxis; }>' is not assignable to type '() => LoaderComponent<Props>'.
    Type 'Promise<{ default: typeof YAxis; }>' is not assignable to type 'LoaderComponent<Props>'.
      Type '{ default: typeof YAxis; }' is not assignable to type 'ComponentType<Props> | ComponentModule<Props>'.
        Type '{ default: typeof YAxis; }' is not assignable to type 'ComponentModule<Props>'.
          Types of property 'default' are incompatible.
            Type 'typeof YAxis' is not assignable to type 'ComponentType<Props>'.
              Type 'typeof YAxis' is not assignable to type 'ComponentClass<Props, any>'.
                The types of 'defaultProps.type' are incompatible between these types.
                  Type 'string' is not assignable to type '"number" | "category" | undefined'.
app/admin/components.backup/dashboard/charts/StocktakeAccuracyTrend.tsx(12,25): error TS2345: Argument of type '() => Promise<{ default: typeof Tooltip; }>' is not assignable to parameter of type 'DynamicOptions<TooltipProps<ValueType, NameType>> | Loader<TooltipProps<ValueType, NameType>>'.
  Type '() => Promise<{ default: typeof Tooltip; }>' is not assignable to type '() => LoaderComponent<TooltipProps<ValueType, NameType>>'.
    Type 'Promise<{ default: typeof Tooltip; }>' is not assignable to type 'LoaderComponent<TooltipProps<ValueType, NameType>>'.
      Type '{ default: typeof Tooltip; }' is not assignable to type 'ComponentType<TooltipProps<ValueType, NameType>> | ComponentModule<TooltipProps<ValueType, NameType>>'.
        Type '{ default: typeof Tooltip; }' is not assignable to type 'ComponentModule<TooltipProps<ValueType, NameType>>'.
          Types of property 'default' are incompatible.
            Type 'typeof Tooltip' is not assignable to type 'ComponentType<TooltipProps<ValueType, NameType>>'.
              Type 'typeof Tooltip' is not assignable to type 'ComponentClass<TooltipProps<ValueType, NameType>, any>'.
                The types of 'defaultProps.animationEasing' are incompatible between these types.
                  Type 'string' is not assignable to type 'AnimationTiming | undefined'.
app/admin/components.backup/dashboard/charts/StocktakeAccuracyTrend.tsx(13,24): error TS2345: Argument of type '() => Promise<{ default: typeof Legend; }>' is not assignable to parameter of type 'DynamicOptions<Props> | Loader<Props>'.
  Type '() => Promise<{ default: typeof Legend; }>' is not assignable to type '() => LoaderComponent<Props>'.
    Type 'Promise<{ default: typeof Legend; }>' is not assignable to type 'LoaderComponent<Props>'.
      Type '{ default: typeof Legend; }' is not assignable to type 'ComponentType<Props> | ComponentModule<Props>'.
        Type '{ default: typeof Legend; }' is not assignable to type 'ComponentModule<Props>'.
          Types of property 'default' are incompatible.
            Type 'typeof Legend' is not assignable to type 'ComponentType<Props>'.
              Type 'typeof Legend' is not assignable to type 'ComponentClass<Props, any>'.
                The types of 'defaultProps.layout' are incompatible between these types.
                  Type 'string' is not assignable to type 'LayoutType | undefined'.
app/admin/components.backup/dashboard/charts/StocktakeAccuracyTrend.tsx(15,22): error TS2345: Argument of type '() => Promise<{ default: typeof Area; }>' is not assignable to parameter of type 'DynamicOptions<Props> | Loader<Props>'.
  Type '() => Promise<{ default: typeof Area; }>' is not assignable to type '() => LoaderComponent<Props>'.
    Type 'Promise<{ default: typeof Area; }>' is not assignable to type 'LoaderComponent<Props>'.
      Type '{ default: typeof Area; }' is not assignable to type 'ComponentType<Props> | ComponentModule<Props>'.
        Type '{ default: typeof Area; }' is not assignable to type 'ComponentModule<Props>'.
          Types of property 'default' are incompatible.
            Type 'typeof Area' is not assignable to type 'ComponentType<Props>'.
              Type 'typeof Area' is not assignable to type 'ComponentClass<Props, any>'.
                The types of 'defaultProps.legendType' are incompatible between these types.
                  Type 'string' is not assignable to type 'LegendType | undefined'.
app/admin/components.backup/dashboard/charts/StocktakeAccuracyTrend.tsx(34,16): error TS2339: Property 'stocktake_daily_summaryCollection' does not exist on type 'never'.
app/admin/components.backup/dashboard/charts/StocktakeAccuracyTrend.tsx(39,10): error TS2339: Property 'stocktake_daily_summaryCollection' does not exist on type 'never'.
app/admin/components.backup/dashboard/charts/StocktakeAccuracyTrend.tsx(39,61): error TS7031: Binding element 'node' implicitly has an 'any' type.
app/admin/components.backup/dashboard/charts/StocktakeAccuracyTrend.tsx(85,65): error TS2339: Property 'message' does not exist on type 'never'.
app/admin/components.backup/dashboard/charts/TopProductsInventoryChart.tsx(8,21): error TS2345: Argument of type '() => Promise<{ default: typeof Bar; }>' is not assignable to parameter of type 'DynamicOptions<Props> | Loader<Props>'.
  Type '() => Promise<{ default: typeof Bar; }>' is not assignable to type '() => LoaderComponent<Props>'.
    Type 'Promise<{ default: typeof Bar; }>' is not assignable to type 'LoaderComponent<Props>'.
      Type '{ default: typeof Bar; }' is not assignable to type 'ComponentType<Props> | ComponentModule<Props>'.
        Type '{ default: typeof Bar; }' is not assignable to type 'ComponentModule<Props>'.
          Types of property 'default' are incompatible.
            Type 'typeof Bar' is not assignable to type 'ComponentType<Props>'.
              Type 'typeof Bar' is not assignable to type 'ComponentClass<Props, any>'.
                The types of 'defaultProps.layout' are incompatible between these types.
                  Type 'string' is not assignable to type '"horizontal" | "vertical" | undefined'.
app/admin/components.backup/dashboard/charts/TopProductsInventoryChart.tsx(9,23): error TS2345: Argument of type '() => Promise<{ default: typeof XAxis; }>' is not assignable to parameter of type 'DynamicOptions<Props> | Loader<Props>'.
  Type '() => Promise<{ default: typeof XAxis; }>' is not assignable to type '() => LoaderComponent<Props>'.
    Type 'Promise<{ default: typeof XAxis; }>' is not assignable to type 'LoaderComponent<Props>'.
      Type '{ default: typeof XAxis; }' is not assignable to type 'ComponentType<Props> | ComponentModule<Props>'.
        Type '{ default: typeof XAxis; }' is not assignable to type 'ComponentModule<Props>'.
          Types of property 'default' are incompatible.
            Type 'typeof XAxis' is not assignable to type 'ComponentType<Props>'.
              Type 'typeof XAxis' is not assignable to type 'ComponentClass<Props, any>'.
                The types of 'defaultProps.type' are incompatible between these types.
                  Type 'string' is not assignable to type '"number" | "category" | undefined'.
app/admin/components.backup/dashboard/charts/TopProductsInventoryChart.tsx(10,23): error TS2345: Argument of type '() => Promise<{ default: typeof YAxis; }>' is not assignable to parameter of type 'DynamicOptions<Props> | Loader<Props>'.
  Type '() => Promise<{ default: typeof YAxis; }>' is not assignable to type '() => LoaderComponent<Props>'.
    Type 'Promise<{ default: typeof YAxis; }>' is not assignable to type 'LoaderComponent<Props>'.
      Type '{ default: typeof YAxis; }' is not assignable to type 'ComponentType<Props> | ComponentModule<Props>'.
        Type '{ default: typeof YAxis; }' is not assignable to type 'ComponentModule<Props>'.
          Types of property 'default' are incompatible.
            Type 'typeof YAxis' is not assignable to type 'ComponentType<Props>'.
              Type 'typeof YAxis' is not assignable to type 'ComponentClass<Props, any>'.
                The types of 'defaultProps.type' are incompatible between these types.
                  Type 'string' is not assignable to type '"number" | "category" | undefined'.
app/admin/components.backup/dashboard/charts/TopProductsInventoryChart.tsx(12,25): error TS2345: Argument of type '() => Promise<{ default: typeof Tooltip; }>' is not assignable to parameter of type 'DynamicOptions<TooltipProps<ValueType, NameType>> | Loader<TooltipProps<ValueType, NameType>>'.
  Type '() => Promise<{ default: typeof Tooltip; }>' is not assignable to type '() => LoaderComponent<TooltipProps<ValueType, NameType>>'.
    Type 'Promise<{ default: typeof Tooltip; }>' is not assignable to type 'LoaderComponent<TooltipProps<ValueType, NameType>>'.
      Type '{ default: typeof Tooltip; }' is not assignable to type 'ComponentType<TooltipProps<ValueType, NameType>> | ComponentModule<TooltipProps<ValueType, NameType>>'.
        Type '{ default: typeof Tooltip; }' is not assignable to type 'ComponentModule<TooltipProps<ValueType, NameType>>'.
          Types of property 'default' are incompatible.
            Type 'typeof Tooltip' is not assignable to type 'ComponentType<TooltipProps<ValueType, NameType>>'.
              Type 'typeof Tooltip' is not assignable to type 'ComponentClass<TooltipProps<ValueType, NameType>, any>'.
                The types of 'defaultProps.animationEasing' are incompatible between these types.
                  Type 'string' is not assignable to type 'AnimationTiming | undefined'.
app/admin/components.backup/dashboard/charts/TopProductsInventoryChart.tsx(38,36): error TS2304: Cannot find name 'useGetTopProductsInventoryQuery'.
app/admin/components.backup/dashboard/charts/TopProductsInventoryChart.tsx(50,82): error TS2304: Cannot find name 'GetTopProductsInventoryQuery'.
app/admin/components.backup/dashboard/charts/TopProductsInventoryChart.tsx(144,25): error TS2339: Property 'primary' does not exist on type '{ readonly gradient: "from-indigo-500 to-purple-500"; readonly icon: "#6366f1"; readonly text: "#4f46e5"; readonly bg: "bg-indigo-500/10"; readonly border: "border-indigo-500/30"; }'.
app/admin/components.backup/dashboard/charts/TopProductsInventoryChart.tsx(145,25): error TS2339: Property 'secondary' does not exist on type '{ readonly gradient: "from-indigo-500 to-purple-500"; readonly icon: "#6366f1"; readonly text: "#4f46e5"; readonly bg: "bg-indigo-500/10"; readonly border: "border-indigo-500/30"; }'.
app/admin/components.backup/dashboard/charts/TopProductsInventoryChart.tsx(146,25): error TS2339: Property 'accent' does not exist on type '{ readonly gradient: "from-indigo-500 to-purple-500"; readonly icon: "#6366f1"; readonly text: "#4f46e5"; readonly bg: "bg-indigo-500/10"; readonly border: "border-indigo-500/30"; }'.
app/admin/components.backup/dashboard/charts/TopProductsInventoryChart.tsx(150,20): error TS2339: Property 'destructive' does not exist on type '{ readonly success: { readonly light: "#22c55e"; readonly DEFAULT: "#16a34a"; readonly dark: "#15803d"; readonly bg: "#dcfce7"; readonly border: "#86efac"; }; readonly warning: { readonly light: "#facc15"; readonly DEFAULT: "#eab308"; readonly dark: "#ca8a04"; readonly bg: "#fef3c7"; readonly border: "#fde047"; }; r...'.
app/admin/components.backup/dashboard/charts/TopProductsInventoryChart.tsx(153,17): error TS2339: Property 'accent' does not exist on type '{ readonly primary: { readonly 50: "#fff7ed"; readonly 100: "#ffedd5"; readonly 200: "#fed7aa"; readonly 300: "#fdba74"; readonly 400: "#fb923c"; readonly 500: "#f97316"; readonly 600: "#ea580c"; readonly 700: "#c2410c"; readonly 800: "#9a3412"; readonly 900: "#7c2d12"; }; readonly secondary: { ...; }; }'.
app/admin/components.backup/dashboard/charts/TopProductsInventoryChart.tsx(158,40): error TS2339: Property 'margin' does not exist on type '{ readonly container: { readonly base: "px-4 md:px-6 lg:px-8"; readonly compact: "px-3 md:px-4 lg:px-6"; readonly wide: "px-6 md:px-8 lg:px-12"; }; readonly widget: { readonly container: "p-4"; readonly header: "mb-4"; readonly content: "space-y-4"; }; readonly form: { ...; }; readonly list: { ...; }; readonly grid:...'.
app/admin/components.backup/dashboard/charts/TopProductsInventoryChart.tsx(192,67): error TS2339: Property 'gap' does not exist on type '{ readonly container: { readonly base: "px-4 md:px-6 lg:px-8"; readonly compact: "px-3 md:px-4 lg:px-6"; readonly wide: "px-6 md:px-8 lg:px-12"; }; readonly widget: { readonly container: "p-4"; readonly header: "mb-4"; readonly content: "space-y-4"; }; readonly form: { ...; }; readonly list: { ...; }; readonly grid:...'.
app/admin/components.backup/dashboard/charts/TopProductsInventoryChart.tsx(217,26): error TS2339: Property 'gap' does not exist on type '{ readonly container: { readonly base: "px-4 md:px-6 lg:px-8"; readonly compact: "px-3 md:px-4 lg:px-6"; readonly wide: "px-6 md:px-8 lg:px-12"; }; readonly widget: { readonly container: "p-4"; readonly header: "mb-4"; readonly content: "space-y-4"; }; readonly form: { ...; }; readonly list: { ...; }; readonly grid:...'.
app/admin/components.backup/dashboard/charts/TopProductsInventoryChart.tsx(220,105): error TS2339: Property 'gap' does not exist on type '{ readonly container: { readonly base: "px-4 md:px-6 lg:px-8"; readonly compact: "px-3 md:px-4 lg:px-6"; readonly wide: "px-6 md:px-8 lg:px-12"; }; readonly widget: { readonly container: "p-4"; readonly header: "mb-4"; readonly content: "space-y-4"; }; readonly form: { ...; }; readonly list: { ...; }; readonly grid:...'.
app/admin/components.backup/dashboard/charts/UserActivityHeatmap.tsx(30,36): error TS2304: Cannot find name 'useGetUserActivityQuery'.
app/admin/components.backup/dashboard/charts/VoidRecordsAnalysis.tsx(10,21): error TS2345: Argument of type '() => Promise<{ default: typeof Pie; }>' is not assignable to parameter of type 'DynamicOptions<Props> | Loader<Props>'.
  Type '() => Promise<{ default: typeof Pie; }>' is not assignable to type '() => LoaderComponent<Props>'.
    Type 'Promise<{ default: typeof Pie; }>' is not assignable to type 'LoaderComponent<Props>'.
      Type '{ default: typeof Pie; }' is not assignable to type 'ComponentType<Props> | ComponentModule<Props>'.
        Type '{ default: typeof Pie; }' is not assignable to type 'ComponentModule<Props>'.
          Types of property 'default' are incompatible.
            Type 'typeof Pie' is not assignable to type 'ComponentType<Props>'.
              Type 'typeof Pie' is not assignable to type 'ComponentClass<Props, any>'.
                The types of 'defaultProps.legendType' are incompatible between these types.
                  Type 'string' is not assignable to type 'LegendType | undefined'.
app/admin/components.backup/dashboard/charts/VoidRecordsAnalysis.tsx(13,25): error TS2345: Argument of type '() => Promise<{ default: typeof Tooltip; }>' is not assignable to parameter of type 'DynamicOptions<TooltipProps<ValueType, NameType>> | Loader<TooltipProps<ValueType, NameType>>'.
  Type '() => Promise<{ default: typeof Tooltip; }>' is not assignable to type '() => LoaderComponent<TooltipProps<ValueType, NameType>>'.
    Type 'Promise<{ default: typeof Tooltip; }>' is not assignable to type 'LoaderComponent<TooltipProps<ValueType, NameType>>'.
      Type '{ default: typeof Tooltip; }' is not assignable to type 'ComponentType<TooltipProps<ValueType, NameType>> | ComponentModule<TooltipProps<ValueType, NameType>>'.
        Type '{ default: typeof Tooltip; }' is not assignable to type 'ComponentModule<TooltipProps<ValueType, NameType>>'.
          Types of property 'default' are incompatible.
            Type 'typeof Tooltip' is not assignable to type 'ComponentType<TooltipProps<ValueType, NameType>>'.
              Type 'typeof Tooltip' is not assignable to type 'ComponentClass<TooltipProps<ValueType, NameType>, any>'.
                The types of 'defaultProps.animationEasing' are incompatible between these types.
                  Type 'string' is not assignable to type 'AnimationTiming | undefined'.
app/admin/components.backup/dashboard/charts/VoidRecordsAnalysis.tsx(14,24): error TS2345: Argument of type '() => Promise<{ default: typeof Legend; }>' is not assignable to parameter of type 'DynamicOptions<Props> | Loader<Props>'.
  Type '() => Promise<{ default: typeof Legend; }>' is not assignable to type '() => LoaderComponent<Props>'.
    Type 'Promise<{ default: typeof Legend; }>' is not assignable to type 'LoaderComponent<Props>'.
      Type '{ default: typeof Legend; }' is not assignable to type 'ComponentType<Props> | ComponentModule<Props>'.
        Type '{ default: typeof Legend; }' is not assignable to type 'ComponentModule<Props>'.
          Types of property 'default' are incompatible.
            Type 'typeof Legend' is not assignable to type 'ComponentType<Props>'.
              Type 'typeof Legend' is not assignable to type 'ComponentClass<Props, any>'.
                The types of 'defaultProps.layout' are incompatible between these types.
                  Type 'string' is not assignable to type 'LayoutType | undefined'.
app/admin/components.backup/dashboard/charts/VoidRecordsAnalysis.tsx(16,21): error TS2345: Argument of type '() => Promise<{ default: typeof Bar; }>' is not assignable to parameter of type 'DynamicOptions<Props> | Loader<Props>'.
  Type '() => Promise<{ default: typeof Bar; }>' is not assignable to type '() => LoaderComponent<Props>'.
    Type 'Promise<{ default: typeof Bar; }>' is not assignable to type 'LoaderComponent<Props>'.
      Type '{ default: typeof Bar; }' is not assignable to type 'ComponentType<Props> | ComponentModule<Props>'.
        Type '{ default: typeof Bar; }' is not assignable to type 'ComponentModule<Props>'.
          Types of property 'default' are incompatible.
            Type 'typeof Bar' is not assignable to type 'ComponentType<Props>'.
              Type 'typeof Bar' is not assignable to type 'ComponentClass<Props, any>'.
                The types of 'defaultProps.layout' are incompatible between these types.
                  Type 'string' is not assignable to type '"horizontal" | "vertical" | undefined'.
app/admin/components.backup/dashboard/charts/VoidRecordsAnalysis.tsx(17,23): error TS2345: Argument of type '() => Promise<{ default: typeof XAxis; }>' is not assignable to parameter of type 'DynamicOptions<Props> | Loader<Props>'.
  Type '() => Promise<{ default: typeof XAxis; }>' is not assignable to type '() => LoaderComponent<Props>'.
    Type 'Promise<{ default: typeof XAxis; }>' is not assignable to type 'LoaderComponent<Props>'.
      Type '{ default: typeof XAxis; }' is not assignable to type 'ComponentType<Props> | ComponentModule<Props>'.
        Type '{ default: typeof XAxis; }' is not assignable to type 'ComponentModule<Props>'.
          Types of property 'default' are incompatible.
            Type 'typeof XAxis' is not assignable to type 'ComponentType<Props>'.
              Type 'typeof XAxis' is not assignable to type 'ComponentClass<Props, any>'.
                The types of 'defaultProps.type' are incompatible between these types.
                  Type 'string' is not assignable to type '"number" | "category" | undefined'.
app/admin/components.backup/dashboard/charts/VoidRecordsAnalysis.tsx(18,23): error TS2345: Argument of type '() => Promise<{ default: typeof YAxis; }>' is not assignable to parameter of type 'DynamicOptions<Props> | Loader<Props>'.
  Type '() => Promise<{ default: typeof YAxis; }>' is not assignable to type '() => LoaderComponent<Props>'.
    Type 'Promise<{ default: typeof YAxis; }>' is not assignable to type 'LoaderComponent<Props>'.
      Type '{ default: typeof YAxis; }' is not assignable to type 'ComponentType<Props> | ComponentModule<Props>'.
        Type '{ default: typeof YAxis; }' is not assignable to type 'ComponentModule<Props>'.
          Types of property 'default' are incompatible.
            Type 'typeof YAxis' is not assignable to type 'ComponentType<Props>'.
              Type 'typeof YAxis' is not assignable to type 'ComponentClass<Props, any>'.
                The types of 'defaultProps.type' are incompatible between these types.
                  Type 'string' is not assignable to type '"number" | "category" | undefined'.
app/admin/components.backup/dashboard/charts/VoidRecordsAnalysis.tsx(61,5): error TS2769: No overload matches this call.
  Overload 1 of 3, '(options: DefinedInitialDataOptions<unknown, Error, unknown, (string | { startDate: string; endDate: string; limit: number; })[]>, queryClient?: QueryClient | undefined): DefinedUseQueryResult<...>', gave the following error.
    Object literal may only specify known properties, and 'cacheTime' does not exist in type 'DefinedInitialDataOptions<unknown, Error, unknown, (string | { startDate: string; endDate: string; limit: number; })[]>'.
  Overload 2 of 3, '(options: UndefinedInitialDataOptions<APIResponse<any>, Error, APIResponse<any>, (string | { startDate: string; endDate: string; limit: number; })[]>, queryClient?: QueryClient | undefined): UseQueryResult<...>', gave the following error.
    Object literal may only specify known properties, and 'cacheTime' does not exist in type 'UndefinedInitialDataOptions<APIResponse<any>, Error, APIResponse<any>, (string | { startDate: string; endDate: string; limit: number; })[]>'.
  Overload 3 of 3, '(options: UseQueryOptions<APIResponse<any>, Error, APIResponse<any>, (string | { startDate: string; endDate: string; limit: number; })[]>, queryClient?: QueryClient | undefined): UseQueryResult<...>', gave the following error.
    Object literal may only specify known properties, and 'cacheTime' does not exist in type 'UseQueryOptions<APIResponse<any>, Error, APIResponse<any>, (string | { startDate: string; endDate: string; limit: number; })[]>'.
app/admin/components.backup/dashboard/charts/VoidRecordsAnalysis.tsx(68,26): error TS2339: Property 'success' does not exist on type '{}'.
app/admin/components.backup/dashboard/charts/VoidRecordsAnalysis.tsx(68,46): error TS2339: Property 'data' does not exist on type '{}'.
app/admin/components.backup/dashboard/charts/VoidRecordsAnalysis.tsx(68,62): error TS2339: Property 'data' does not exist on type '{}'.
app/admin/components.backup/dashboard/charts/VoidRecordsAnalysis.tsx(77,19): error TS7006: Parameter 'record' implicitly has an 'any' type.
app/admin/components.backup/dashboard/widgets/__tests__/AwaitLocationQtyWidget.test.tsx(54,36): error TS2322: Type '{ widgetId: string; }' is not assignable to type 'IntrinsicAttributes & WidgetComponentProps'.
  Property 'widgetId' does not exist on type 'IntrinsicAttributes & WidgetComponentProps'. Did you mean 'widget'?
app/admin/components.backup/dashboard/widgets/__tests__/AwaitLocationQtyWidget.test.tsx(72,36): error TS2322: Type '{ widgetId: string; }' is not assignable to type 'IntrinsicAttributes & WidgetComponentProps'.
  Property 'widgetId' does not exist on type 'IntrinsicAttributes & WidgetComponentProps'. Did you mean 'widget'?
app/admin/components.backup/dashboard/widgets/__tests__/AwaitLocationQtyWidget.test.tsx(93,36): error TS2322: Type '{ widgetId: string; }' is not assignable to type 'IntrinsicAttributes & WidgetComponentProps'.
  Property 'widgetId' does not exist on type 'IntrinsicAttributes & WidgetComponentProps'. Did you mean 'widget'?
app/admin/components.backup/dashboard/widgets/__tests__/AwaitLocationQtyWidget.test.tsx(107,36): error TS2322: Type '{ widgetId: string; }' is not assignable to type 'IntrinsicAttributes & WidgetComponentProps'.
  Property 'widgetId' does not exist on type 'IntrinsicAttributes & WidgetComponentProps'. Did you mean 'widget'?
app/admin/components.backup/dashboard/widgets/__tests__/AwaitLocationQtyWidget.test.tsx(122,36): error TS2322: Type '{ widgetId: string; }' is not assignable to type 'IntrinsicAttributes & WidgetComponentProps'.
  Property 'widgetId' does not exist on type 'IntrinsicAttributes & WidgetComponentProps'. Did you mean 'widget'?
app/admin/components.backup/dashboard/widgets/AcoOrderProgressWidget.tsx(309,77): error TS2339: Property 'value' does not exist on type '{ table: string; tableHeader: string; tableData: string; chart: string; chartLabel: string; chartData: string; title: string; subtitle: string; description: string; }'.
app/admin/components.backup/dashboard/widgets/AcoOrderReportWidget.tsx(164,13): error TS2554: Expected 2 arguments, but got 1.
app/admin/components.backup/dashboard/widgets/AcoOrderReportWidget.tsx(218,93): error TS2339: Property 'container' does not exist on type '{ readonly containerPadding: "1rem"; readonly headerGap: "1rem"; readonly betweenWidgets: "1rem"; readonly card: { readonly padding: "1rem"; readonly paddingCompact: "0.75rem"; readonly paddingLarge: "1.5rem"; }; readonly listItem: { ...; }; readonly form: { ...; }; }'.
app/admin/components.backup/dashboard/widgets/AcoOrderReportWidget.tsx(220,31): error TS7053: Element implicitly has an 'any' type because expression of type '"body-medium"' can't be used to index type '{ readonly h1: "text-4xl font-bold leading-tight tracking-tight"; readonly h2: "text-3xl font-semibold leading-tight tracking-tight"; readonly h3: "text-2xl font-semibold leading-snug"; ... 16 more ...; readonly truncate: "truncate"; }'.
  Property 'body-medium' does not exist on type '{ readonly h1: "text-4xl font-bold leading-tight tracking-tight"; readonly h2: "text-3xl font-semibold leading-tight tracking-tight"; readonly h3: "text-2xl font-semibold leading-snug"; ... 16 more ...; readonly truncate: "truncate"; }'.
app/admin/components.backup/dashboard/widgets/AcoOrderReportWidget.tsx(234,58): error TS2339: Property 'container' does not exist on type '{ readonly containerPadding: "1rem"; readonly headerGap: "1rem"; readonly betweenWidgets: "1rem"; readonly card: { readonly padding: "1rem"; readonly paddingCompact: "0.75rem"; readonly paddingLarge: "1.5rem"; }; readonly listItem: { ...; }; readonly form: { ...; }; }'.
app/admin/components.backup/dashboard/widgets/AcoOrderReportWidget.tsx(251,38): error TS7053: Element implicitly has an 'any' type because expression of type '"label-medium"' can't be used to index type '{ readonly h1: "text-4xl font-bold leading-tight tracking-tight"; readonly h2: "text-3xl font-semibold leading-tight tracking-tight"; readonly h3: "text-2xl font-semibold leading-snug"; ... 16 more ...; readonly truncate: "truncate"; }'.
  Property 'label-medium' does not exist on type '{ readonly h1: "text-4xl font-bold leading-tight tracking-tight"; readonly h2: "text-3xl font-semibold leading-tight tracking-tight"; readonly h3: "text-2xl font-semibold leading-snug"; ... 16 more ...; readonly truncate: "truncate"; }'.
app/admin/components.backup/dashboard/widgets/AcoOrderReportWidgetV2.tsx(189,70): error TS2339: Property 'gap' does not exist on type '{ readonly container: { readonly base: "px-4 md:px-6 lg:px-8"; readonly compact: "px-3 md:px-4 lg:px-6"; readonly wide: "px-6 md:px-8 lg:px-12"; }; readonly widget: { readonly container: "p-4"; readonly header: "mb-4"; readonly content: "space-y-4"; }; readonly form: { ...; }; readonly list: { ...; }; readonly grid:...'.
app/admin/components.backup/dashboard/widgets/AnalysisExpandableCards.tsx(136,48): error TS2345: Argument of type '"analysis"' is not assignable to parameter of type '"stats" | "reports" | "charts" | "lists" | "operations" | "uploads"'.
app/admin/components.backup/dashboard/widgets/AnalysisExpandableCards.tsx(137,39): error TS2345: Argument of type '"analysis"' is not assignable to parameter of type '"stats" | "reports" | "charts" | "lists" | "operations" | "uploads"'.
app/admin/components.backup/dashboard/widgets/AnalysisExpandableCards.tsx(146,49): error TS2345: Argument of type '"accent"' is not assignable to parameter of type '"text" | "icon" | "border" | "bg" | "gradient" | undefined'.
app/admin/components.backup/dashboard/widgets/AnalysisExpandableCards.tsx(154,48): error TS2345: Argument of type '"analysis"' is not assignable to parameter of type '"stats" | "reports" | "charts" | "lists" | "operations" | "uploads"'.
app/admin/components.backup/dashboard/widgets/AnalysisExpandableCards.tsx(155,39): error TS2345: Argument of type '"analysis"' is not assignable to parameter of type '"stats" | "reports" | "charts" | "lists" | "operations" | "uploads"'.
app/admin/components.backup/dashboard/widgets/AnalysisExpandableCards.tsx(163,48): error TS2345: Argument of type '"analysis"' is not assignable to parameter of type '"stats" | "reports" | "charts" | "lists" | "operations" | "uploads"'.
app/admin/components.backup/dashboard/widgets/AnalysisExpandableCards.tsx(164,39): error TS2345: Argument of type '"analysis"' is not assignable to parameter of type '"stats" | "reports" | "charts" | "lists" | "operations" | "uploads"'.
app/admin/components.backup/dashboard/widgets/AnalysisExpandableCards.tsx(172,48): error TS2345: Argument of type '"analysis"' is not assignable to parameter of type '"stats" | "reports" | "charts" | "lists" | "operations" | "uploads"'.
app/admin/components.backup/dashboard/widgets/AnalysisExpandableCards.tsx(173,39): error TS2345: Argument of type '"analysis"' is not assignable to parameter of type '"stats" | "reports" | "charts" | "lists" | "operations" | "uploads"'.
app/admin/components.backup/dashboard/widgets/AnalysisExpandableCards.tsx(181,48): error TS2345: Argument of type '"analysis"' is not assignable to parameter of type '"stats" | "reports" | "charts" | "lists" | "operations" | "uploads"'.
app/admin/components.backup/dashboard/widgets/AnalysisExpandableCards.tsx(182,39): error TS2345: Argument of type '"analysis"' is not assignable to parameter of type '"stats" | "reports" | "charts" | "lists" | "operations" | "uploads"'.
app/admin/components.backup/dashboard/widgets/AnalysisExpandableCards.tsx(190,48): error TS2345: Argument of type '"analysis"' is not assignable to parameter of type '"stats" | "reports" | "charts" | "lists" | "operations" | "uploads"'.
app/admin/components.backup/dashboard/widgets/AnalysisExpandableCards.tsx(191,39): error TS2345: Argument of type '"analysis"' is not assignable to parameter of type '"stats" | "reports" | "charts" | "lists" | "operations" | "uploads"'.
app/admin/components.backup/dashboard/widgets/AnalysisPagedWidgetV2.tsx(32,40): error TS2322: Type 'Promise<typeof import("/mnt/c/Users/ccohen/Documents/NewPennine/online-stock-control-system/app/admin/components.backup/dashboard/charts/UserActivityHeatmap") | { default: () => Element; }>' is not assignable to type 'Promise<{ default: NamedExoticComponent<UserActivityHeatmapProps>; }>'.
  Type 'typeof import("/mnt/c/Users/ccohen/Documents/NewPennine/online-stock-control-system/app/admin/components.backup/dashboard/charts/UserActivityHeatmap") | { default: () => Element; }' is not assignable to type '{ default: NamedExoticComponent<UserActivityHeatmapProps>; }'.
    Type '{ default: () => React.JSX.Element; }' is not assignable to type '{ default: NamedExoticComponent<UserActivityHeatmapProps>; }'.
      Types of property 'default' are incompatible.
        Property '$$typeof' is missing in type '() => React.JSX.Element' but required in type 'NamedExoticComponent<UserActivityHeatmapProps>'.
app/admin/components.backup/dashboard/widgets/AnalysisPagedWidgetV2.tsx(54,35): error TS2345: Argument of type '"analysis"' is not assignable to parameter of type '"stats" | "reports" | "charts" | "lists" | "operations" | "uploads"'.
app/admin/components.backup/dashboard/widgets/AnalysisPagedWidgetV2.tsx(70,35): error TS2345: Argument of type '"analysis"' is not assignable to parameter of type '"stats" | "reports" | "charts" | "lists" | "operations" | "uploads"'.
app/admin/components.backup/dashboard/widgets/AnalysisPagedWidgetV2.tsx(78,35): error TS2345: Argument of type '"analysis"' is not assignable to parameter of type '"stats" | "reports" | "charts" | "lists" | "operations" | "uploads"'.
app/admin/components.backup/dashboard/widgets/AnalysisPagedWidgetV2.tsx(86,35): error TS2345: Argument of type '"analysis"' is not assignable to parameter of type '"stats" | "reports" | "charts" | "lists" | "operations" | "uploads"'.
app/admin/components.backup/dashboard/widgets/AnalysisPagedWidgetV2.tsx(94,35): error TS2345: Argument of type '"analysis"' is not assignable to parameter of type '"stats" | "reports" | "charts" | "lists" | "operations" | "uploads"'.
app/admin/components.backup/dashboard/widgets/AnalysisPagedWidgetV2.tsx(102,35): error TS2345: Argument of type '"analysis"' is not assignable to parameter of type '"stats" | "reports" | "charts" | "lists" | "operations" | "uploads"'.
app/admin/components.backup/dashboard/widgets/AnalysisPagedWidgetV2.tsx(193,70): error TS2345: Argument of type '"analysis"' is not assignable to parameter of type '"stats" | "reports" | "charts" | "lists" | "operations" | "uploads"'.
app/admin/components.backup/dashboard/widgets/AwaitLocationQtyWidget.tsx(12,67): error TS2339: Property 'widgetId' does not exist on type 'WidgetComponentProps'.
app/admin/components.backup/dashboard/widgets/common/data-display/DataTable.tsx(311,19): error TS2322: Type 'false | { opacity: number; x: number; }' is not assignable to type 'VariantLabels | TargetAndTransition | undefined'.
  Type 'false' is not assignable to type 'VariantLabels | TargetAndTransition | undefined'.
app/admin/components.backup/dashboard/widgets/common/data-display/DataTable.tsx(312,19): error TS2322: Type 'false | { delay: number; }' is not assignable to type 'Transition | undefined'.
  Type 'false' is not assignable to type 'Transition | undefined'.
app/admin/components.backup/dashboard/widgets/common/filters/DateRangeFilter.tsx(130,9): error TS2322: Type '"sm" | "lg" | "md"' is not assignable to type '"default" | "icon" | "sm" | "lg" | null | undefined'.
  Type '"md"' is not assignable to type '"default" | "icon" | "sm" | "lg" | null | undefined'.
app/admin/components.backup/dashboard/widgets/common/UniversalListWidget/listConfigs.ts(62,19): error TS2304: Cannot find name 'GetOrdersListDocument'.
app/admin/components.backup/dashboard/widgets/common/UniversalListWidget/listConfigs.ts(63,5): error TS2322: Type '(variables: { limit: number; offset: number; }) => Promise<OrderRecord[]>' is not assignable to type '(variables?: any) => Promise<OrderItem[]>'.
  Type 'Promise<OrderRecord[]>' is not assignable to type 'Promise<OrderItem[]>'.
    Type 'OrderRecord[]' is not assignable to type 'OrderItem[]'.
      Type 'OrderRecord' is missing the following properties from type 'OrderItem': orderNumber, status, date
app/admin/components.backup/dashboard/widgets/common/UniversalListWidget/listConfigs.ts(190,17): error TS2352: Conversion of type '{ uuid: string; time: string; remark: string; uploader_name: string; }[]' to type 'OrderItem[]' may be a mistake because neither type sufficiently overlaps with the other. If this was intentional, convert the expression to 'unknown' first.
  Type '{ uuid: string; time: string; remark: string; uploader_name: string; }' is missing the following properties from type 'OrderItem': id, orderNumber, status, date
app/admin/components.backup/dashboard/widgets/common/UniversalListWidget/listConfigs.ts(215,19): error TS2304: Cannot find name 'GetOtherFilesListDocument'.
app/admin/components.backup/dashboard/widgets/common/UniversalListWidget/listConfigs.ts(218,18): error TS2339: Property 'getOtherFilesList' does not exist on type 'DashboardAPIClient'.
app/admin/components.backup/dashboard/widgets/common/UniversalListWidget/listConfigs.ts(303,19): error TS2304: Cannot find name 'GetWarehouseTransferListDocument'.
app/admin/components.backup/dashboard/widgets/common/UniversalListWidget/listConfigs.ts(306,18): error TS2339: Property 'getWarehouseTransferList' does not exist on type 'DashboardAPIClient'.
app/admin/components.backup/dashboard/widgets/common/UniversalListWidget/listConfigs.ts(404,19): error TS2304: Cannot find name 'GetOrderStateListDocument'.
app/admin/components.backup/dashboard/widgets/common/UniversalListWidget/listConfigs.ts(407,18): error TS2339: Property 'getOrderStateList' does not exist on type 'DashboardAPIClient'.
app/admin/components.backup/dashboard/widgets/common/UniversalListWidget/listConfigs.ts(506,19): error TS2304: Cannot find name 'GetProductionDetailsDocument'.
app/admin/components.backup/dashboard/widgets/common/UniversalListWidget/listConfigs.ts(509,18): error TS2339: Property 'getProductionDetails' does not exist on type 'DashboardAPIClient'.
app/admin/components.backup/dashboard/widgets/common/UniversalListWidget/listConfigs.ts(626,10): error TS2352: Conversion of type 'UniversalListWidgetConfig<OrderItem> | UniversalListWidgetConfig<FileItem> | UniversalListWidgetConfig<TransferItem> | UniversalListWidgetConfig<...>' to type 'UniversalListWidgetConfig<T>' may be a mistake because neither type sufficiently overlaps with the other. If this was intentional, convert the expression to 'unknown' first.
  Type 'UniversalListWidgetConfig<ProductionItem>' is not comparable to type 'UniversalListWidgetConfig<T>'.
    Types of property 'dataSource' are incompatible.
      Type 'DataSourceConfig<ProductionItem>' is not comparable to type 'DataSourceConfig<T>'.
        Type 'ProductionItem' is not comparable to type 'T'.
          'T' could be instantiated with an arbitrary type which could be unrelated to 'ProductionItem'.
app/admin/components.backup/dashboard/widgets/common/UniversalListWidget/listConfigs.ts(626,19): error TS2345: Argument of type 'Partial<UniversalListWidgetConfig<T>> | undefined' is not assignable to parameter of type '(Partial<UniversalListWidgetConfig<OrderItem>> & Partial<UniversalListWidgetConfig<FileItem>> & Partial<...> & Partial<...>) | undefined'.
  Type 'Partial<UniversalListWidgetConfig<T>>' is not assignable to type 'Partial<UniversalListWidgetConfig<OrderItem>> & Partial<UniversalListWidgetConfig<FileItem>> & Partial<...> & Partial<...>'.
    Type 'Partial<UniversalListWidgetConfig<T>>' is not assignable to type 'Partial<UniversalListWidgetConfig<OrderItem>>'.
      Types of property 'dataSource' are incompatible.
        Type 'DataSourceConfig<T> | undefined' is not assignable to type 'DataSourceConfig<OrderItem> | undefined'.
          Type 'DataSourceConfig<T>' is not assignable to type 'DataSourceConfig<OrderItem>'.
            Type 'T' is not assignable to type 'OrderItem'.
app/admin/components.backup/dashboard/widgets/common/UniversalListWidget/listConfigs.ts(634,5): error TS2774: This condition will always return true since this function is always defined. Did you mean to call it instead?
app/admin/components.backup/dashboard/widgets/common/UniversalListWidget/UniversalListWidget.tsx(257,3): error TS2339: Property 'className' does not exist on type 'UniversalListWidgetProps<T>'.
app/admin/components.backup/dashboard/widgets/common/UniversalListWidget/UniversalListWidget.tsx(258,3): error TS2339: Property 'style' does not exist on type 'UniversalListWidgetProps<T>'.
app/admin/components.backup/dashboard/widgets/common/UniversalListWidget/UniversalListWidget.tsx(274,5): error TS2339: Property 'containerRef' does not exist on type 'UseUniversalListReturn<T>'.
app/admin/components.backup/dashboard/widgets/common/UniversalListWidget/UniversalListWidget.tsx(275,5): error TS2339: Property 'isInViewport' does not exist on type 'UseUniversalListReturn<T>'.
app/admin/components.backup/dashboard/widgets/common/UniversalListWidget/UniversalListWidget.tsx(276,5): error TS2339: Property 'hasBeenInViewport' does not exist on type 'UseUniversalListReturn<T>'.
app/admin/components.backup/dashboard/widgets/common/UniversalListWidget/UniversalListWidget.tsx(371,9): error TS2322: Type 'ComponentType<{ className?: string | undefined; }>' is not assignable to type 'LucideIcon | undefined'.
  Property '$$typeof' is missing in type 'ComponentClass<{ className?: string | undefined; }, any>' but required in type 'ForwardRefExoticComponent<Omit<LucideProps, "ref"> & RefAttributes<SVGSVGElement>>'.
app/admin/components.backup/dashboard/widgets/common/UniversalListWidget/UniversalListWidget.tsx(375,9): error TS2322: Type 'string | number | symbol' is not assignable to type 'string | undefined'.
  Type 'number' is not assignable to type 'string'.
app/admin/components.backup/dashboard/widgets/common/UniversalListWidget/UniversalListWidget.tsx(381,9): error TS2322: Type 'ConnectionStatus' is not assignable to type '{ type: "offline" | "realtime" | "polling"; label?: string | undefined; }'.
  Types of property 'type' are incompatible.
    Type '"error" | "offline" | "realtime" | "polling"' is not assignable to type '"offline" | "realtime" | "polling"'.
      Type '"error"' is not assignable to type '"offline" | "realtime" | "polling"'.
app/admin/components.backup/dashboard/widgets/common/UniversalListWidget/UniversalListWidget.tsx(394,11): error TS2322: Type '{ hasMore: boolean | undefined; onLoadMore: () => void; loading: boolean; } | undefined' is not assignable to type '{ enabled: boolean; pageSize?: number | undefined; loadMore?: boolean | undefined; hasMore?: boolean | undefined; onLoadMore?: (() => void) | undefined; loadingMore?: boolean | undefined; totalCount?: number | undefined; remainingCount?: number | undefined; } | undefined'.
  Object literal may only specify known properties, and 'loading' does not exist in type '{ enabled: boolean; pageSize?: number | undefined; loadMore?: boolean | undefined; hasMore?: boolean | undefined; onLoadMore?: (() => void) | undefined; loadingMore?: boolean | undefined; totalCount?: number | undefined; remainingCount?: number | undefined; }'.
app/admin/components.backup/dashboard/widgets/common/UniversalListWidget/useUniversalList.ts(66,18): error TS2345: Argument of type '{ restEndpoint: any; variables: { page: number; limit: number; sortBy: keyof T | undefined; sortDirection: SortDirection | undefined; startDate: string; endDate: string; } | { ...; }; skip: boolean | undefined; extractFromContext: ((context: any) => T[] | undefined) | undefined; widgetId: string; }' is not assignable to parameter of type 'string'.
app/admin/components.backup/dashboard/widgets/common/UniversalListWidget/useUniversalList.ts(67,37): error TS2339: Property 'endpoint' does not exist on type 'DataSourceConfig<T>'.
app/admin/components.backup/dashboard/widgets/common/UniversalListWidget/useUniversalList.ts(193,10): error TS2352: Conversion of type '{ data: T[]; loading: boolean; error: Error | undefined; total: number; hasMore: boolean; page: number; refetch: () => void; loadMore: () => Promise<void>; refresh: () => void; updateFilters: (newFilters: FilterState) => void; ... 8 more ...; hasBeenInViewport: boolean; }' to type 'UseUniversalListReturn<T> & { updateFilters: (filters: FilterState) => void; updateSort: (sort: SortConfig<T> | null) => void; ... 4 more ...; hasBeenInViewport: boolean; }' may be a mistake because neither type sufficiently overlaps with the other. If this was intentional, convert the expression to 'unknown' first.
  Property 'mode' is missing in type '{ data: T[]; loading: boolean; error: Error | undefined; total: number; hasMore: boolean; page: number; refetch: () => void; loadMore: () => Promise<void>; refresh: () => void; updateFilters: (newFilters: FilterState) => void; ... 8 more ...; hasBeenInViewport: boolean; }' but required in type 'UseUniversalListReturn<T>'.
app/admin/components.backup/dashboard/widgets/common/UniversalStatsWidget/index.ts(45,76): error TS2304: Cannot find name 'UniversalStatsWidgetConfig'.
app/admin/components.backup/dashboard/widgets/common/UniversalStatsWidget/index.ts(46,22): error TS2304: Cannot find name 'getStatsConfig'.
app/admin/components.backup/dashboard/widgets/common/UniversalStatsWidget/UniversalStatsWidget.tsx(364,11): error TS2322: Type 'ComponentType<any> | ForwardRefExoticComponent<Omit<SVGProps<SVGSVGElement>, "ref"> & { title?: string | undefined; titleId?: string | undefined; } & RefAttributes<...>>' is not assignable to type 'LucideIcon | undefined'.
  Property '$$typeof' is missing in type 'ComponentClass<any, any>' but required in type 'ForwardRefExoticComponent<Omit<LucideProps, "ref"> & RefAttributes<SVGSVGElement>>'.
app/admin/components.backup/dashboard/widgets/common/UniversalStatsWidget/UniversalStatsWidget.tsx(399,11): error TS2322: Type 'ComponentType<any> | ForwardRefExoticComponent<Omit<SVGProps<SVGSVGElement>, "ref"> & { title?: string | undefined; titleId?: string | undefined; } & RefAttributes<...>>' is not assignable to type 'LucideIcon | undefined'.
  Property '$$typeof' is missing in type 'ComponentClass<any, any>' but required in type 'ForwardRefExoticComponent<Omit<LucideProps, "ref"> & RefAttributes<SVGSVGElement>>'.
app/admin/components.backup/dashboard/widgets/common/UniversalUploadWidget/types.ts(6,26): error TS2307: Cannot find module 'react-icons' or its corresponding type declarations.
app/admin/components.backup/dashboard/widgets/common/UniversalUploadWidget/UniversalUploadWidget.tsx(29,11): error TS2339: Property 'showToast' does not exist on type 'UseWidgetToastReturn'.
app/admin/components.backup/dashboard/widgets/common/UniversalUploadWidget/UniversalUploadWidget.tsx(272,11): error TS2322: Type '{ fileName: string; uploadProgress: number; onCancel: () => void; }' is not assignable to type 'IntrinsicAttributes & GoogleDriveUploadToastProps'.
  Property 'fileName' does not exist on type 'IntrinsicAttributes & GoogleDriveUploadToastProps'.
app/admin/components.backup/dashboard/widgets/common/UniversalUploadWidget/useUniversalUpload.ts(92,11): error TS2339: Property 'triggerRefresh' does not exist on type 'UploadRefreshContextType'.
app/admin/components.backup/dashboard/widgets/common/UniversalUploadWidget/useUniversalUpload.ts(281,21): error TS2339: Property 'url' does not exist on type '{ success: boolean; data: { id: any; path: string; url: string; fileName: string; folder: "stockPic" | "productSpec" | "photos" | "orderpdf"; size: number; type: string; }; error?: undefined; } | { ...; }'.
  Property 'url' does not exist on type '{ success: boolean; data: { id: any; path: string; url: string; fileName: string; folder: "stockPic" | "productSpec" | "photos" | "orderpdf"; size: number; type: string; }; error?: undefined; }'.
app/admin/components.backup/dashboard/widgets/common/UniversalUploadWidget/useUniversalUpload.ts(283,26): error TS2339: Property 'metadata' does not exist on type '{ success: boolean; data: { id: any; path: string; url: string; fileName: string; folder: "stockPic" | "productSpec" | "photos" | "orderpdf"; size: number; type: string; }; error?: undefined; } | { ...; }'.
  Property 'metadata' does not exist on type '{ success: boolean; data: { id: any; path: string; url: string; fileName: string; folder: "stockPic" | "productSpec" | "photos" | "orderpdf"; size: number; type: string; }; error?: undefined; }'.
app/admin/components.backup/dashboard/widgets/common/WidgetStates.tsx(449,21): error TS2322: Type '"outline" | "secondary" | "ghost" | "primary"' is not assignable to type '"default" | "link" | "destructive" | "outline" | "secondary" | "ghost" | null | undefined'.
  Type '"primary"' is not assignable to type '"default" | "link" | "destructive" | "outline" | "secondary" | "ghost" | null | undefined'.
app/admin/components.backup/dashboard/widgets/common/WidgetStates.tsx(519,15): error TS2322: Type '"outline" | "secondary" | "ghost" | "primary"' is not assignable to type '"default" | "link" | "destructive" | "outline" | "secondary" | "ghost" | null | undefined'.
  Type '"primary"' is not assignable to type '"default" | "link" | "destructive" | "outline" | "secondary" | "ghost" | null | undefined'.
app/admin/components.backup/dashboard/widgets/GrnReportWidget.tsx(543,75): error TS2339: Property 'container' does not exist on type '{ readonly containerPadding: "1rem"; readonly headerGap: "1rem"; readonly betweenWidgets: "1rem"; readonly card: { readonly padding: "1rem"; readonly paddingCompact: "0.75rem"; readonly paddingLarge: "1.5rem"; }; readonly listItem: { ...; }; readonly form: { ...; }; }'.
app/admin/components.backup/dashboard/widgets/GrnReportWidget.tsx(544,73): error TS2339: Property 'gap' does not exist on type '{ readonly container: { readonly base: "px-4 md:px-6 lg:px-8"; readonly compact: "px-3 md:px-4 lg:px-6"; readonly wide: "px-6 md:px-8 lg:px-12"; }; readonly widget: { readonly container: "p-4"; readonly header: "mb-4"; readonly content: "space-y-4"; }; readonly form: { ...; }; readonly list: { ...; }; readonly grid:...'.
app/admin/components.backup/dashboard/widgets/GrnReportWidgetV2.tsx(567,75): error TS2339: Property 'container' does not exist on type '{ readonly containerPadding: "1rem"; readonly headerGap: "1rem"; readonly betweenWidgets: "1rem"; readonly card: { readonly padding: "1rem"; readonly paddingCompact: "0.75rem"; readonly paddingLarge: "1.5rem"; }; readonly listItem: { ...; }; readonly form: { ...; }; }'.
app/admin/components.backup/dashboard/widgets/GrnReportWidgetV2.tsx(568,73): error TS2339: Property 'gap' does not exist on type '{ readonly container: { readonly base: "px-4 md:px-6 lg:px-8"; readonly compact: "px-3 md:px-4 lg:px-6"; readonly wide: "px-6 md:px-8 lg:px-12"; }; readonly widget: { readonly container: "p-4"; readonly header: "mb-4"; readonly content: "space-y-4"; }; readonly form: { ...; }; readonly list: { ...; }; readonly grid:...'.
app/admin/components.backup/dashboard/widgets/HistoryTreeV2.tsx(261,16): error TS2304: Cannot find name 'mode'.
app/admin/components.backup/dashboard/widgets/HistoryTreeV2.tsx(266,16): error TS2304: Cannot find name 'mode'.
app/admin/components.backup/dashboard/widgets/HistoryTreeV2.tsx(271,16): error TS2304: Cannot find name 'mode'.
app/admin/components.backup/dashboard/widgets/HistoryTreeV2.tsx(276,31): error TS2304: Cannot find name 'performanceMetrics'.
app/admin/components.backup/dashboard/widgets/HistoryTreeV2.tsx(278,20): error TS2304: Cannot find name 'performanceMetrics'.
app/admin/components.backup/dashboard/widgets/HistoryTreeV2.tsx(279,20): error TS2304: Cannot find name 'performanceMetrics'.
app/admin/components.backup/dashboard/widgets/HistoryTreeV2.tsx(293,16): error TS2304: Cannot find name 'mode'.
app/admin/components.backup/dashboard/widgets/HistoryTreeV2.tsx(313,42): error TS2345: Argument of type '"special"' is not assignable to parameter of type '"stats" | "charts" | "lists" | "operations" | "uploads" | "reports"'.
app/admin/components.backup/dashboard/widgets/InjectionProductionStatsWidget.tsx(146,9): error TS2322: Type '{ title: any; value: number; label: string; icon: ForwardRefExoticComponent<Omit<SVGProps<SVGSVGElement>, "ref"> & { title?: string | undefined; titleId?: string | undefined; } & RefAttributes<...>>; isEditMode: boolean; }' is not assignable to type 'IntrinsicAttributes & MetricCardProps'.
  Property 'isEditMode' does not exist on type 'IntrinsicAttributes & MetricCardProps'.
app/admin/components.backup/dashboard/widgets/InjectionProductionStatsWidget.tsx(163,7): error TS2322: Type 'string | undefined' is not assignable to type 'Error | null | undefined'.
  Type 'string' is not assignable to type 'Error'.
app/admin/components.backup/dashboard/widgets/InventoryOrderedAnalysisWidget.tsx(80,32): error TS2339: Property 'destructive' does not exist on type '{ readonly success: { readonly light: "#22c55e"; readonly DEFAULT: "#16a34a"; readonly dark: "#15803d"; readonly bg: "#dcfce7"; readonly border: "#86efac"; }; readonly warning: { readonly light: "#facc15"; readonly DEFAULT: "#eab308"; readonly dark: "#ca8a04"; readonly bg: "#fef3c7"; readonly border: "#fde047"; }; r...'.
app/admin/components.backup/dashboard/widgets/InventoryOrderedAnalysisWidget.tsx(194,70): error TS2339: Property 'gap' does not exist on type '{ readonly container: { readonly base: "px-4 md:px-6 lg:px-8"; readonly compact: "px-3 md:px-4 lg:px-6"; readonly wide: "px-6 md:px-8 lg:px-12"; }; readonly widget: { readonly container: "p-4"; readonly header: "mb-4"; readonly content: "space-y-4"; }; readonly form: { ...; }; readonly list: { ...; }; readonly grid:...'.
app/admin/components.backup/dashboard/widgets/InventoryOrderedAnalysisWidget.tsx(246,82): error TS2339: Property 'gap' does not exist on type '{ readonly container: { readonly base: "px-4 md:px-6 lg:px-8"; readonly compact: "px-3 md:px-4 lg:px-6"; readonly wide: "px-6 md:px-8 lg:px-12"; }; readonly widget: { readonly container: "p-4"; readonly header: "mb-4"; readonly content: "space-y-4"; }; readonly form: { ...; }; readonly list: { ...; }; readonly grid:...'.
app/admin/components.backup/dashboard/widgets/InventoryOrderedAnalysisWidget.tsx(246,93): error TS7053: Element implicitly has an 'any' type because expression of type '"heading-base"' can't be used to index type '{ readonly h1: "text-4xl font-bold leading-tight tracking-tight"; readonly h2: "text-3xl font-semibold leading-tight tracking-tight"; readonly h3: "text-2xl font-semibold leading-snug"; ... 16 more ...; readonly truncate: "truncate"; }'.
  Property 'heading-base' does not exist on type '{ readonly h1: "text-4xl font-bold leading-tight tracking-tight"; readonly h2: "text-3xl font-semibold leading-tight tracking-tight"; readonly h3: "text-2xl font-semibold leading-snug"; ... 16 more ...; readonly truncate: "truncate"; }'.
app/admin/components.backup/dashboard/widgets/InventoryOrderedAnalysisWidget.tsx(280,79): error TS2339: Property 'destructive' does not exist on type '{ readonly success: { readonly light: "#22c55e"; readonly DEFAULT: "#16a34a"; readonly dark: "#15803d"; readonly bg: "#dcfce7"; readonly border: "#86efac"; }; readonly warning: { readonly light: "#facc15"; readonly DEFAULT: "#eab308"; readonly dark: "#ca8a04"; readonly bg: "#fef3c7"; readonly border: "#fde047"; }; r...'.
app/admin/components.backup/dashboard/widgets/InventoryOrderedAnalysisWidget.tsx(290,32): error TS7053: Element implicitly has an 'any' type because expression of type '"heading-base"' can't be used to index type '{ readonly h1: "text-4xl font-bold leading-tight tracking-tight"; readonly h2: "text-3xl font-semibold leading-tight tracking-tight"; readonly h3: "text-2xl font-semibold leading-snug"; ... 16 more ...; readonly truncate: "truncate"; }'.
  Property 'heading-base' does not exist on type '{ readonly h1: "text-4xl font-bold leading-tight tracking-tight"; readonly h2: "text-3xl font-semibold leading-tight tracking-tight"; readonly h3: "text-2xl font-semibold leading-snug"; ... 16 more ...; readonly truncate: "truncate"; }'.
app/admin/components.backup/dashboard/widgets/InventoryOrderedAnalysisWidget.tsx(294,32): error TS7053: Element implicitly has an 'any' type because expression of type '"heading-base"' can't be used to index type '{ readonly h1: "text-4xl font-bold leading-tight tracking-tight"; readonly h2: "text-3xl font-semibold leading-tight tracking-tight"; readonly h3: "text-2xl font-semibold leading-snug"; ... 16 more ...; readonly truncate: "truncate"; }'.
  Property 'heading-base' does not exist on type '{ readonly h1: "text-4xl font-bold leading-tight tracking-tight"; readonly h2: "text-3xl font-semibold leading-tight tracking-tight"; readonly h3: "text-2xl font-semibold leading-snug"; ... 16 more ...; readonly truncate: "truncate"; }'.
app/admin/components.backup/dashboard/widgets/InventoryOrderedAnalysisWidget.tsx(301,31): error TS7053: Element implicitly has an 'any' type because expression of type '"heading-base"' can't be used to index type '{ readonly h1: "text-4xl font-bold leading-tight tracking-tight"; readonly h2: "text-3xl font-semibold leading-tight tracking-tight"; readonly h3: "text-2xl font-semibold leading-snug"; ... 16 more ...; readonly truncate: "truncate"; }'.
  Property 'heading-base' does not exist on type '{ readonly h1: "text-4xl font-bold leading-tight tracking-tight"; readonly h2: "text-3xl font-semibold leading-tight tracking-tight"; readonly h3: "text-2xl font-semibold leading-snug"; ... 16 more ...; readonly truncate: "truncate"; }'.
app/admin/components.backup/dashboard/widgets/InventoryOrderedAnalysisWidget.tsx(302,111): error TS2339: Property 'destructive' does not exist on type '{ readonly success: { readonly light: "#22c55e"; readonly DEFAULT: "#16a34a"; readonly dark: "#15803d"; readonly bg: "#dcfce7"; readonly border: "#86efac"; }; readonly warning: { readonly light: "#facc15"; readonly DEFAULT: "#eab308"; readonly dark: "#ca8a04"; readonly bg: "#fef3c7"; readonly border: "#fde047"; }; r...'.
app/admin/components.backup/dashboard/widgets/InventoryOrderedAnalysisWidget.tsx(337,104): error TS2339: Property 'destructive' does not exist on type '{ readonly success: { readonly light: "#22c55e"; readonly DEFAULT: "#16a34a"; readonly dark: "#15803d"; readonly bg: "#dcfce7"; readonly border: "#86efac"; }; readonly warning: { readonly light: "#facc15"; readonly DEFAULT: "#eab308"; readonly dark: "#ca8a04"; readonly bg: "#fef3c7"; readonly border: "#fde047"; }; r...'.
app/admin/components.backup/dashboard/widgets/InventoryOrderedAnalysisWidget.tsx(381,117): error TS2339: Property 'destructive' does not exist on type '{ readonly success: { readonly light: "#22c55e"; readonly DEFAULT: "#16a34a"; readonly dark: "#15803d"; readonly bg: "#dcfce7"; readonly border: "#86efac"; }; readonly warning: { readonly light: "#facc15"; readonly DEFAULT: "#eab308"; readonly dark: "#ca8a04"; readonly bg: "#fef3c7"; readonly border: "#fde047"; }; r...'.
app/admin/components.backup/dashboard/widgets/OrdersListWidgetV2.tsx(264,9): error TS2322: Type 'string | null' is not assignable to type 'Error | null | undefined'.
  Type 'string' is not assignable to type 'Error'.
app/admin/components.backup/dashboard/widgets/OtherFilesListWidgetV2.tsx(222,9): error TS2322: Type 'string | null' is not assignable to type 'Error | null | undefined'.
  Type 'string' is not assignable to type 'Error'.
app/admin/components.backup/dashboard/widgets/PerformanceTestWidget.tsx(11,34): error TS2307: Cannot find module '@/app/admin/types/widget-types' or its corresponding type declarations.
app/admin/components.backup/dashboard/widgets/PerformanceTestWidget.tsx(65,61): error TS7053: Element implicitly has an 'any' type because expression of type '"heading-base"' can't be used to index type '{ readonly h1: "text-4xl font-bold leading-tight tracking-tight"; readonly h2: "text-3xl font-semibold leading-tight tracking-tight"; readonly h3: "text-2xl font-semibold leading-snug"; ... 16 more ...; readonly truncate: "truncate"; }'.
  Property 'heading-base' does not exist on type '{ readonly h1: "text-4xl font-bold leading-tight tracking-tight"; readonly h2: "text-3xl font-semibold leading-tight tracking-tight"; readonly h3: "text-2xl font-semibold leading-snug"; ... 16 more ...; readonly truncate: "truncate"; }'.
app/admin/components.backup/dashboard/widgets/PerformanceTestWidget.tsx(105,34): error TS7053: Element implicitly has an 'any' type because expression of type '"heading-large"' can't be used to index type '{ readonly h1: "text-4xl font-bold leading-tight tracking-tight"; readonly h2: "text-3xl font-semibold leading-tight tracking-tight"; readonly h3: "text-2xl font-semibold leading-snug"; ... 16 more ...; readonly truncate: "truncate"; }'.
  Property 'heading-large' does not exist on type '{ readonly h1: "text-4xl font-bold leading-tight tracking-tight"; readonly h2: "text-3xl font-semibold leading-tight tracking-tight"; readonly h3: "text-2xl font-semibold leading-snug"; ... 16 more ...; readonly truncate: "truncate"; }'.
app/admin/components.backup/dashboard/widgets/PerformanceTestWidget.tsx(121,34): error TS7053: Element implicitly has an 'any' type because expression of type '"heading-large"' can't be used to index type '{ readonly h1: "text-4xl font-bold leading-tight tracking-tight"; readonly h2: "text-3xl font-semibold leading-tight tracking-tight"; readonly h3: "text-2xl font-semibold leading-snug"; ... 16 more ...; readonly truncate: "truncate"; }'.
  Property 'heading-large' does not exist on type '{ readonly h1: "text-4xl font-bold leading-tight tracking-tight"; readonly h2: "text-3xl font-semibold leading-tight tracking-tight"; readonly h3: "text-2xl font-semibold leading-snug"; ... 16 more ...; readonly truncate: "truncate"; }'.
app/admin/components.backup/dashboard/widgets/ProductDistributionChartWidget.tsx(35,23): error TS2339: Property 'primary' does not exist on type '{ readonly gradient: "from-indigo-500 to-purple-500"; readonly icon: "#6366f1"; readonly text: "#4f46e5"; readonly bg: "bg-indigo-500/10"; readonly border: "border-indigo-500/30"; }'.
app/admin/components.backup/dashboard/widgets/ProductDistributionChartWidget.tsx(38,18): error TS2339: Property 'destructive' does not exist on type '{ readonly success: { readonly light: "#22c55e"; readonly DEFAULT: "#16a34a"; readonly dark: "#15803d"; readonly bg: "#dcfce7"; readonly border: "#86efac"; }; readonly warning: { readonly light: "#facc15"; readonly DEFAULT: "#eab308"; readonly dark: "#ca8a04"; readonly bg: "#fef3c7"; readonly border: "#fde047"; }; r...'.
app/admin/components.backup/dashboard/widgets/ProductDistributionChartWidget.tsx(42,23): error TS2339: Property 'grid' does not exist on type '{ readonly gradient: "from-indigo-500 to-purple-500"; readonly icon: "#6366f1"; readonly text: "#4f46e5"; readonly bg: "bg-indigo-500/10"; readonly border: "border-indigo-500/30"; }'.
app/admin/components.backup/dashboard/widgets/ProductDistributionChartWidget.tsx(43,23): error TS2339: Property 'accent' does not exist on type '{ readonly gradient: "from-indigo-500 to-purple-500"; readonly icon: "#6366f1"; readonly text: "#4f46e5"; readonly bg: "bg-indigo-500/10"; readonly border: "border-indigo-500/30"; }'.
app/admin/components.backup/dashboard/widgets/ProductDistributionChartWidget.tsx(44,15): error TS2339: Property 'accent' does not exist on type '{ readonly primary: { readonly 50: "#fff7ed"; readonly 100: "#ffedd5"; readonly 200: "#fed7aa"; readonly 300: "#fdba74"; readonly 400: "#fb923c"; readonly 500: "#f97316"; readonly 600: "#ea580c"; readonly 700: "#c2410c"; readonly 800: "#9a3412"; readonly 900: "#7c2d12"; }; readonly secondary: { ...; }; }'.
app/admin/components.backup/dashboard/widgets/ProductDistributionChartWidget.tsx(164,93): error TS2339: Property 'primary' does not exist on type '{ readonly gradient: "from-indigo-500 to-purple-500"; readonly icon: "#6366f1"; readonly text: "#4f46e5"; readonly bg: "bg-indigo-500/10"; readonly border: "border-indigo-500/30"; }'.
app/admin/components.backup/dashboard/widgets/ProductionDetailsWidget.tsx(23,15): error TS2305: Module '"./common/data-display/DataTable"' has no exported member 'Column'.
app/admin/components.backup/dashboard/widgets/ProductionDetailsWidget.tsx(23,23): error TS2305: Module '"./common/data-display/DataTable"' has no exported member 'TableData'.
app/admin/components.backup/dashboard/widgets/ProductionDetailsWidget.tsx(148,16): error TS7006: Parameter 'value' implicitly has an 'any' type.
app/admin/components.backup/dashboard/widgets/ProductionDetailsWidget.tsx(159,16): error TS7006: Parameter 'value' implicitly has an 'any' type.
app/admin/components.backup/dashboard/widgets/ProductionDetailsWidget.tsx(189,9): error TS2322: Type 'boolean' is not assignable to type '{ enabled: boolean; pageSize?: number | undefined; loadMore?: boolean | undefined; hasMore?: boolean | undefined; onLoadMore?: (() => void) | undefined; loadingMore?: boolean | undefined; totalCount?: number | undefined; remainingCount?: number | undefined; }'.
app/admin/components.backup/dashboard/widgets/ProductionStatsWidget.tsx(129,9): error TS2322: Type '{ title: string; value: number; label: string; icon: ForwardRefExoticComponent<Omit<SVGProps<SVGSVGElement>, "ref"> & { title?: string | undefined; titleId?: string | undefined; } & RefAttributes<...>>; isEditMode: boolean; }' is not assignable to type 'IntrinsicAttributes & MetricCardProps'.
  Property 'isEditMode' does not exist on type 'IntrinsicAttributes & MetricCardProps'.
app/admin/components.backup/dashboard/widgets/ProductionStatsWidget.tsx(146,7): error TS2322: Type 'string | undefined' is not assignable to type 'Error | null | undefined'.
  Type 'string' is not assignable to type 'Error'.
app/admin/components.backup/dashboard/widgets/ReportGeneratorWithDialogWidgetV2.tsx(210,28): error TS7053: Element implicitly has an 'any' type because expression of type '"heading-large"' can't be used to index type '{ readonly h1: "text-4xl font-bold leading-tight tracking-tight"; readonly h2: "text-3xl font-semibold leading-tight tracking-tight"; readonly h3: "text-2xl font-semibold leading-snug"; ... 16 more ...; readonly truncate: "truncate"; }'.
  Property 'heading-large' does not exist on type '{ readonly h1: "text-4xl font-bold leading-tight tracking-tight"; readonly h2: "text-3xl font-semibold leading-tight tracking-tight"; readonly h3: "text-2xl font-semibold leading-snug"; ... 16 more ...; readonly truncate: "truncate"; }'.
app/admin/components.backup/dashboard/widgets/ReportGeneratorWithDialogWidgetV2.tsx(244,93): error TS2339: Property 'destructive' does not exist on type '{ readonly success: { readonly light: "#22c55e"; readonly DEFAULT: "#16a34a"; readonly dark: "#15803d"; readonly bg: "#dcfce7"; readonly border: "#86efac"; }; readonly warning: { readonly light: "#facc15"; readonly DEFAULT: "#eab308"; readonly dark: "#ca8a04"; readonly bg: "#fef3c7"; readonly border: "#fde047"; }; r...'.
app/admin/components.backup/dashboard/widgets/ReprintLabelWidget.tsx(180,72): error TS2339: Property 'container' does not exist on type '{ readonly containerPadding: "1rem"; readonly headerGap: "1rem"; readonly betweenWidgets: "1rem"; readonly card: { readonly padding: "1rem"; readonly paddingCompact: "0.75rem"; readonly paddingLarge: "1.5rem"; }; readonly listItem: { ...; }; readonly form: { ...; }; }'.
app/admin/components.backup/dashboard/widgets/ReprintLabelWidget.tsx(181,73): error TS2339: Property 'gap' does not exist on type '{ readonly container: { readonly base: "px-4 md:px-6 lg:px-8"; readonly compact: "px-3 md:px-4 lg:px-6"; readonly wide: "px-6 md:px-8 lg:px-12"; }; readonly widget: { readonly container: "p-4"; readonly header: "mb-4"; readonly content: "space-y-4"; }; readonly form: { ...; }; readonly list: { ...; }; readonly grid:...'.
app/admin/components.backup/dashboard/widgets/StatsCardWidget.tsx(81,48): error TS2345: Argument of type '"success"' is not assignable to parameter of type '"border" | "gradient" | "text" | "icon" | "bg" | undefined'.
app/admin/components.backup/dashboard/widgets/StatsCardWidget.tsx(83,48): error TS2345: Argument of type '"destructive"' is not assignable to parameter of type '"border" | "gradient" | "text" | "icon" | "bg" | undefined'.
app/admin/components.backup/dashboard/widgets/StatsCardWidget.tsx(85,48): error TS2345: Argument of type '"warning"' is not assignable to parameter of type '"border" | "gradient" | "text" | "icon" | "bg" | undefined'.
app/admin/components.backup/dashboard/widgets/StatsCardWidget.tsx(87,48): error TS2345: Argument of type '"primary"' is not assignable to parameter of type '"border" | "gradient" | "text" | "icon" | "bg" | undefined'.
app/admin/components.backup/dashboard/widgets/StatsCardWidget.tsx(108,51): error TS2345: Argument of type '"accent"' is not assignable to parameter of type '"border" | "gradient" | "text" | "icon" | "bg" | undefined'.
app/admin/components.backup/dashboard/widgets/StockDistributionChart.tsx(164,38): error TS2339: Property 'DEFAULT' does not exist on type '{ readonly 50: "#fff7ed"; readonly 100: "#ffedd5"; readonly 200: "#fed7aa"; readonly 300: "#fdba74"; readonly 400: "#fb923c"; readonly 500: "#f97316"; readonly 600: "#ea580c"; readonly 700: "#c2410c"; readonly 800: "#9a3412"; readonly 900: "#7c2d12"; }'.
app/admin/components.backup/dashboard/widgets/StockDistributionChart.tsx(165,39): error TS2339: Property 'DEFAULT' does not exist on type '{ readonly 50: "#f0f9ff"; readonly 100: "#e0f2fe"; readonly 200: "#bae6fd"; readonly 300: "#7dd3fc"; readonly 400: "#38bdf8"; readonly 500: "#0ea5e9"; readonly 600: "#0284c7"; readonly 700: "#0369a1"; readonly 800: "#075985"; readonly 900: "#0c4a6e"; }'.
app/admin/components.backup/dashboard/widgets/StockDistributionChart.tsx(173,54): error TS2339: Property 'DEFAULT' does not exist on type '{ readonly 50: "#fff7ed"; readonly 100: "#ffedd5"; readonly 200: "#fed7aa"; readonly 300: "#fdba74"; readonly 400: "#fb923c"; readonly 500: "#f97316"; readonly 600: "#ea580c"; readonly 700: "#c2410c"; readonly 800: "#9a3412"; readonly 900: "#7c2d12"; }'.
app/admin/components.backup/dashboard/widgets/StockDistributionChart.tsx(216,29): error TS7053: Element implicitly has an 'any' type because expression of type '"body-medium"' can't be used to index type '{ readonly h1: "text-4xl font-bold leading-tight tracking-tight"; readonly h2: "text-3xl font-semibold leading-tight tracking-tight"; readonly h3: "text-2xl font-semibold leading-snug"; ... 16 more ...; readonly truncate: "truncate"; }'.
  Property 'body-medium' does not exist on type '{ readonly h1: "text-4xl font-bold leading-tight tracking-tight"; readonly h2: "text-3xl font-semibold leading-tight tracking-tight"; readonly h3: "text-2xl font-semibold leading-snug"; ... 16 more ...; readonly truncate: "truncate"; }'.
app/admin/components.backup/dashboard/widgets/StockDistributionChart.tsx(233,25): error TS2322: Type '"chart"' is not assignable to type 'SkeletonType | undefined'.
app/admin/components.backup/dashboard/widgets/StockDistributionChart.tsx(292,58): error TS2339: Property 'container' does not exist on type '{ readonly containerPadding: "1rem"; readonly headerGap: "1rem"; readonly betweenWidgets: "1rem"; readonly card: { readonly padding: "1rem"; readonly paddingCompact: "0.75rem"; readonly paddingLarge: "1.5rem"; }; readonly listItem: { ...; }; readonly form: { ...; }; }'.
app/admin/components.backup/dashboard/widgets/StockDistributionChart.tsx(301,41): error TS2339: Property 'DEFAULT' does not exist on type '{ readonly 50: "#fff7ed"; readonly 100: "#ffedd5"; readonly 200: "#fed7aa"; readonly 300: "#fdba74"; readonly 400: "#fb923c"; readonly 500: "#f97316"; readonly 600: "#ea580c"; readonly 700: "#c2410c"; readonly 800: "#9a3412"; readonly 900: "#7c2d12"; }'.
app/admin/components.backup/dashboard/widgets/StockDistributionChart.tsx(302,15): error TS2769: No overload matches this call.
  Overload 1 of 2, '(props: Props): Treemap', gave the following error.
    Type '({ x, y, width, height, payload }: { x: any; y: any; width: any; height: any; payload: any; }) => Element | null' is not assignable to type 'ReactElement<any, string | JSXElementConstructor<any>>'.
  Overload 2 of 2, '(props: Props, context: any): Treemap', gave the following error.
    Type '({ x, y, width, height, payload }: { x: any; y: any; width: any; height: any; payload: any; }) => Element | null' is not assignable to type 'ReactElement<any, string | JSXElementConstructor<any>>'.
app/admin/components.backup/dashboard/widgets/StockDistributionChart.tsx(302,27): error TS7031: Binding element 'x' implicitly has an 'any' type.
app/admin/components.backup/dashboard/widgets/StockDistributionChart.tsx(302,30): error TS7031: Binding element 'y' implicitly has an 'any' type.
app/admin/components.backup/dashboard/widgets/StockDistributionChart.tsx(302,33): error TS7031: Binding element 'width' implicitly has an 'any' type.
app/admin/components.backup/dashboard/widgets/StockDistributionChart.tsx(302,40): error TS7031: Binding element 'height' implicitly has an 'any' type.
app/admin/components.backup/dashboard/widgets/StockDistributionChart.tsx(302,48): error TS7031: Binding element 'payload' implicitly has an 'any' type.
app/admin/components.backup/dashboard/widgets/StockDistributionChartV2.tsx(65,7): error TS2353: Object literal may only specify known properties, and 'limit' does not exist in type '{ type?: string | undefined; warehouseId?: string | undefined; }'.
app/admin/components.backup/dashboard/widgets/StockDistributionChartV2.tsx(70,5): error TS2769: No overload matches this call.
  Overload 1 of 3, '(options: DefinedInitialDataOptions<unknown, Error, unknown, string[]>, queryClient?: QueryClient | undefined): DefinedUseQueryResult<unknown, Error>', gave the following error.
    Object literal may only specify known properties, and 'cacheTime' does not exist in type 'DefinedInitialDataOptions<unknown, Error, unknown, string[]>'.
  Overload 2 of 3, '(options: UndefinedInitialDataOptions<APIResponse<any>, Error, APIResponse<any>, string[]>, queryClient?: QueryClient | undefined): UseQueryResult<...>', gave the following error.
    Object literal may only specify known properties, and 'cacheTime' does not exist in type 'UndefinedInitialDataOptions<APIResponse<any>, Error, APIResponse<any>, string[]>'.
  Overload 3 of 3, '(options: UseQueryOptions<APIResponse<any>, Error, APIResponse<any>, string[]>, queryClient?: QueryClient | undefined): UseQueryResult<...>', gave the following error.
    Object literal may only specify known properties, and 'cacheTime' does not exist in type 'UseQueryOptions<APIResponse<any>, Error, APIResponse<any>, string[]>'.
app/admin/components.backup/dashboard/widgets/StockDistributionChartV2.tsx(77,29): error TS2339: Property 'success' does not exist on type '{}'.
app/admin/components.backup/dashboard/widgets/StockDistributionChartV2.tsx(77,49): error TS2339: Property 'data' does not exist on type '{}'.
app/admin/components.backup/dashboard/widgets/StockDistributionChartV2.tsx(77,65): error TS2339: Property 'data' does not exist on type '{}'.
app/admin/components.backup/dashboard/widgets/StockDistributionChartV2.tsx(77,87): error TS2339: Property 'data' does not exist on type '{}'.
app/admin/components.backup/dashboard/widgets/StockDistributionChartV2.tsx(78,21): error TS2448: Block-scoped variable 'processStockDistributionData' used before its declaration.
app/admin/components.backup/dashboard/widgets/StockDistributionChartV2.tsx(78,21): error TS2454: Variable 'processStockDistributionData' is used before being assigned.
app/admin/components.backup/dashboard/widgets/StockDistributionChartV2.tsx(82,30): error TS2339: Property 'responseTime' does not exist on type '{}'.
app/admin/components.backup/dashboard/widgets/StockDistributionChartV2.tsx(106,27): error TS2339: Property 'primary' does not exist on type '{ readonly gradient: "from-indigo-500 to-purple-500"; readonly icon: "#6366f1"; readonly text: "#4f46e5"; readonly bg: "bg-indigo-500/10"; readonly border: "border-indigo-500/30"; }'.
app/admin/components.backup/dashboard/widgets/StockDistributionChartV2.tsx(107,27): error TS2339: Property 'secondary' does not exist on type '{ readonly gradient: "from-indigo-500 to-purple-500"; readonly icon: "#6366f1"; readonly text: "#4f46e5"; readonly bg: "bg-indigo-500/10"; readonly border: "border-indigo-500/30"; }'.
app/admin/components.backup/dashboard/widgets/StockDistributionChartV2.tsx(108,27): error TS2339: Property 'accent' does not exist on type '{ readonly gradient: "from-indigo-500 to-purple-500"; readonly icon: "#6366f1"; readonly text: "#4f46e5"; readonly bg: "bg-indigo-500/10"; readonly border: "border-indigo-500/30"; }'.
app/admin/components.backup/dashboard/widgets/StockDistributionChartV2.tsx(114,19): error TS2339: Property 'accent' does not exist on type '{ readonly primary: { readonly 50: "#fff7ed"; readonly 100: "#ffedd5"; readonly 200: "#fed7aa"; readonly 300: "#fdba74"; readonly 400: "#fb923c"; readonly 500: "#f97316"; readonly 600: "#ea580c"; readonly 700: "#c2410c"; readonly 800: "#9a3412"; readonly 900: "#7c2d12"; }; readonly secondary: { ...; }; }'.
app/admin/components.backup/dashboard/widgets/StockDistributionChartV2.tsx(115,27): error TS2339: Property 'grid' does not exist on type '{ readonly gradient: "from-indigo-500 to-purple-500"; readonly icon: "#6366f1"; readonly text: "#4f46e5"; readonly bg: "bg-indigo-500/10"; readonly border: "border-indigo-500/30"; }'.
app/admin/components.backup/dashboard/widgets/StockLevelHistoryChart.tsx(56,23): error TS2339: Property 'primary' does not exist on type '{ readonly gradient: "from-indigo-500 to-purple-500"; readonly icon: "#6366f1"; readonly text: "#4f46e5"; readonly bg: "bg-indigo-500/10"; readonly border: "border-indigo-500/30"; }'.
app/admin/components.backup/dashboard/widgets/StockLevelHistoryChart.tsx(59,18): error TS2339: Property 'destructive' does not exist on type '{ readonly success: { readonly light: "#22c55e"; readonly DEFAULT: "#16a34a"; readonly dark: "#15803d"; readonly bg: "#dcfce7"; readonly border: "#86efac"; }; readonly warning: { readonly light: "#facc15"; readonly DEFAULT: "#eab308"; readonly dark: "#ca8a04"; readonly bg: "#fef3c7"; readonly border: "#fde047"; }; r...'.
app/admin/components.backup/dashboard/widgets/StockLevelHistoryChart.tsx(60,23): error TS2339: Property 'accent' does not exist on type '{ readonly gradient: "from-indigo-500 to-purple-500"; readonly icon: "#6366f1"; readonly text: "#4f46e5"; readonly bg: "bg-indigo-500/10"; readonly border: "border-indigo-500/30"; }'.
app/admin/components.backup/dashboard/widgets/StockLevelHistoryChart.tsx(329,26): error TS2339: Property 'gap' does not exist on type '{ readonly container: { readonly base: "px-4 md:px-6 lg:px-8"; readonly compact: "px-3 md:px-4 lg:px-6"; readonly wide: "px-6 md:px-8 lg:px-12"; }; readonly widget: { readonly container: "p-4"; readonly header: "mb-4"; readonly content: "space-y-4"; }; readonly form: { ...; }; readonly list: { ...; }; readonly grid:...'.
app/admin/components.backup/dashboard/widgets/StockLevelHistoryChart.tsx(332,92): error TS2339: Property 'gap' does not exist on type '{ readonly container: { readonly base: "px-4 md:px-6 lg:px-8"; readonly compact: "px-3 md:px-4 lg:px-6"; readonly wide: "px-6 md:px-8 lg:px-12"; }; readonly widget: { readonly container: "p-4"; readonly header: "mb-4"; readonly content: "space-y-4"; }; readonly form: { ...; }; readonly list: { ...; }; readonly grid:...'.
app/admin/components.backup/dashboard/widgets/StockLevelHistoryChart.tsx(385,43): error TS2339: Property 'grid' does not exist on type '{ readonly gradient: "from-indigo-500 to-purple-500"; readonly icon: "#6366f1"; readonly text: "#4f46e5"; readonly bg: "bg-indigo-500/10"; readonly border: "border-indigo-500/30"; }'.
app/admin/components.backup/dashboard/widgets/StockLevelHistoryChart.tsx(390,43): error TS2339: Property 'axis' does not exist on type '{ readonly gradient: "from-indigo-500 to-purple-500"; readonly icon: "#6366f1"; readonly text: "#4f46e5"; readonly bg: "bg-indigo-500/10"; readonly border: "border-indigo-500/30"; }'.
app/admin/components.backup/dashboard/widgets/StockLevelHistoryChart.tsx(400,43): error TS2339: Property 'axis' does not exist on type '{ readonly gradient: "from-indigo-500 to-purple-500"; readonly icon: "#6366f1"; readonly text: "#4f46e5"; readonly bg: "bg-indigo-500/10"; readonly border: "border-indigo-500/30"; }'.
app/admin/components.backup/dashboard/widgets/SupplierUpdateWidgetV2.tsx(56,5): error TS2345: Argument of type '{}' is not assignable to parameter of type 'string'.
app/admin/components.backup/dashboard/widgets/TransferTimeDistributionWidget.tsx(49,9): error TS2488: Type 'UseInViewportReturn' must have a '[Symbol.iterator]()' method that returns an iterator.
app/admin/components.backup/dashboard/widgets/TransferTimeDistributionWidget.tsx(50,5): error TS2353: Object literal may only specify known properties, and 'threshold' does not exist in type 'RefObject<HTMLDivElement>'.
app/admin/components.backup/dashboard/widgets/TransferTimeDistributionWidget.tsx(153,11): error TS2322: Type '{ title: string; icon: ForwardRefExoticComponent<Omit<SVGProps<SVGSVGElement>, "ref"> & { title?: string | undefined; titleId?: string | undefined; } & RefAttributes<SVGSVGElement>>; }' is not assignable to type 'IntrinsicAttributes & Omit<ChartSkeletonProps, "type">'.
  Property 'title' does not exist on type 'IntrinsicAttributes & Omit<ChartSkeletonProps, "type">'.
app/admin/components.backup/dashboard/widgets/TransferTimeDistributionWidget.tsx(164,11): error TS2322: Type '{ title: string; icon: ForwardRefExoticComponent<Omit<SVGProps<SVGSVGElement>, "ref"> & { title?: string | undefined; titleId?: string | undefined; } & RefAttributes<SVGSVGElement>>; }' is not assignable to type 'IntrinsicAttributes & Omit<ChartSkeletonProps, "type">'.
  Property 'title' does not exist on type 'IntrinsicAttributes & Omit<ChartSkeletonProps, "type">'.
app/admin/components.backup/dashboard/widgets/TransferTimeDistributionWidget.tsx(215,9): error TS2322: Type 'string' is not assignable to type '{ start: Date; end: Date; }'.
app/admin/components.backup/dashboard/widgets/VoidPalletWidget.tsx(785,23): error TS2304: Cannot find name 'dismiss'.
app/admin/components.backup/dashboard/widgets/WarehouseTransferListWidget.tsx(199,13): error TS2353: Object literal may only specify known properties, and 'mode' does not exist in type '{ source?: string | undefined; fetchTime?: number | undefined; optimized?: boolean | undefined; }'.
app/admin/components.backup/dashboard/widgets/WarehouseTransferListWidget.tsx(224,13): error TS2353: Object literal may only specify known properties, and 'mode' does not exist in type '{ source?: string | undefined; fetchTime?: number | undefined; optimized?: boolean | undefined; }'.
app/admin/components.backup/dashboard/widgets/WarehouseTransferListWidget.tsx(242,9): error TS2322: Type 'string | null' is not assignable to type 'Error | null | undefined'.
  Type 'string' is not assignable to type 'Error'.
app/admin/components.backup/dashboard/widgets/WarehouseWorkLevelAreaChart.tsx(84,7): error TS2304: Cannot find name 'useGetWarehouseWorkLevelQuery'.
app/admin/components.backup/dashboard/widgets/WarehouseWorkLevelAreaChart.tsx(253,104): error TS2339: Property 'destructive' does not exist on type '{ readonly success: { readonly light: "#22c55e"; readonly DEFAULT: "#16a34a"; readonly dark: "#15803d"; readonly bg: "#dcfce7"; readonly border: "#86efac"; }; readonly warning: { readonly light: "#facc15"; readonly DEFAULT: "#eab308"; readonly dark: "#ca8a04"; readonly bg: "#fef3c7"; readonly border: "#fde047"; }; r...'.
app/admin/components.backup/dashboard/widgets/WarehouseWorkLevelAreaChart.tsx(272,84): error TS2339: Property 'grid' does not exist on type '{ readonly gradient: "from-indigo-500 to-purple-500"; readonly icon: "#6366f1"; readonly text: "#4f46e5"; readonly bg: "bg-indigo-500/10"; readonly border: "border-indigo-500/30"; }'.
app/admin/components.backup/dashboard/widgets/WarehouseWorkLevelAreaChart.tsx(273,69): error TS2339: Property 'axis' does not exist on type '{ readonly gradient: "from-indigo-500 to-purple-500"; readonly icon: "#6366f1"; readonly text: "#4f46e5"; readonly bg: "bg-indigo-500/10"; readonly border: "border-indigo-500/30"; }'.
app/admin/components.backup/dashboard/widgets/WarehouseWorkLevelAreaChart.tsx(274,54): error TS2339: Property 'axis' does not exist on type '{ readonly gradient: "from-indigo-500 to-purple-500"; readonly icon: "#6366f1"; readonly text: "#4f46e5"; readonly bg: "bg-indigo-500/10"; readonly border: "border-indigo-500/30"; }'.
app/admin/components.backup/dashboard/widgets/WarehouseWorkLevelAreaChart.tsx(292,49): error TS2339: Property 'primary' does not exist on type '{ readonly gradient: "from-indigo-500 to-purple-500"; readonly icon: "#6366f1"; readonly text: "#4f46e5"; readonly bg: "bg-indigo-500/10"; readonly border: "border-indigo-500/30"; }'.
app/admin/components.backup/dashboard/widgets/WarehouseWorkLevelAreaChart.tsx(293,47): error TS2339: Property 'primary' does not exist on type '{ readonly gradient: "from-indigo-500 to-purple-500"; readonly icon: "#6366f1"; readonly text: "#4f46e5"; readonly bg: "bg-indigo-500/10"; readonly border: "border-indigo-500/30"; }'.
app/admin/components.backup/dashboard/widgets/WarehouseWorkLevelAreaChart.tsx(304,36): error TS2339: Property 'gap' does not exist on type '{ readonly container: { readonly base: "px-4 md:px-6 lg:px-8"; readonly compact: "px-3 md:px-4 lg:px-6"; readonly wide: "px-6 md:px-8 lg:px-12"; }; readonly widget: { readonly container: "p-4"; readonly header: "mb-4"; readonly content: "space-y-4"; }; readonly form: { ...; }; readonly list: { ...; }; readonly grid:...'.
app/admin/components.backup/dashboard/widgets/YesterdayTransferCountWidget.tsx(77,9): error TS2322: Type '{ title: string; value: number; label: string; icon: ForwardRefExoticComponent<Omit<SVGProps<SVGSVGElement>, "ref"> & { title?: string | undefined; titleId?: string | undefined; } & RefAttributes<...>>; isEditMode: boolean; }' is not assignable to type 'IntrinsicAttributes & MetricCardProps'.
  Property 'isEditMode' does not exist on type 'IntrinsicAttributes & MetricCardProps'.
app/admin/components.backup/dashboard/widgets/YesterdayTransferCountWidget.tsx(98,7): error TS2322: Type '{ title: string; value: number; label: string; icon: ForwardRefExoticComponent<Omit<SVGProps<SVGSVGElement>, "ref"> & { title?: string | undefined; titleId?: string | undefined; } & RefAttributes<...>>; ... 9 more ...; widgetType: any; }' is not assignable to type 'IntrinsicAttributes & MetricCardProps'.
  Property 'onRetry' does not exist on type 'IntrinsicAttributes & MetricCardProps'.
app/admin/components.backup/performance-monitor/PerformanceMonitor.tsx(4,58): error TS2307: Cannot find module '@/app/components/ui/card' or its corresponding type declarations.
app/admin/components.backup/performance-monitor/PerformanceMonitor.tsx(5,26): error TS2307: Cannot find module '@/app/components/ui/progress' or its corresponding type declarations.
app/admin/components.backup/performance-monitor/PerformanceMonitor.tsx(6,41): error TS2307: Cannot find module '@/app/components/ui/alert' or its corresponding type declarations.
app/admin/components.backup/performance-monitor/PerformanceMonitor.tsx(7,23): error TS2307: Cannot find module '@/app/components/ui/badge' or its corresponding type declarations.
app/admin/components/dashboard/AdminWidgetRenderer.tsx(240,50): error TS2345: Argument of type '"core" | "stats" | "chart" | "list"' is not assignable to parameter of type '"default" | "stats" | "table" | "chart" | "list" | undefined'.
  Type '"core"' is not assignable to type '"default" | "stats" | "table" | "chart" | "list" | undefined'.
app/admin/components/dashboard/AdminWidgetRenderer.tsx(330,22): error TS2345: Argument of type 'ProductActionResult' is not assignable to parameter of type 'SetStateAction<ProductData | null>'.
app/admin/components/dashboard/AdminWidgetRenderer.tsx(354,52): error TS2339: Property 'name' does not exist on type 'ProductData'.
app/admin/components/dashboard/charts/AcoOrderProgressChart.tsx(9,21): error TS2345: Argument of type '() => Promise<{ default: typeof Bar; }>' is not assignable to parameter of type 'DynamicOptions<Props> | Loader<Props>'.
  Type '() => Promise<{ default: typeof Bar; }>' is not assignable to type '() => LoaderComponent<Props>'.
    Type 'Promise<{ default: typeof Bar; }>' is not assignable to type 'LoaderComponent<Props>'.
      Type '{ default: typeof Bar; }' is not assignable to type 'ComponentType<Props> | ComponentModule<Props>'.
        Type '{ default: typeof Bar; }' is not assignable to type 'ComponentModule<Props>'.
          Types of property 'default' are incompatible.
            Type 'typeof Bar' is not assignable to type 'ComponentType<Props>'.
              Type 'typeof Bar' is not assignable to type 'ComponentClass<Props, any>'.
                The types of 'defaultProps.layout' are incompatible between these types.
                  Type 'string' is not assignable to type '"horizontal" | "vertical" | undefined'.
app/admin/components/dashboard/charts/AcoOrderProgressChart.tsx(10,23): error TS2345: Argument of type '() => Promise<{ default: typeof XAxis; }>' is not assignable to parameter of type 'DynamicOptions<Props> | Loader<Props>'.
  Type '() => Promise<{ default: typeof XAxis; }>' is not assignable to type '() => LoaderComponent<Props>'.
    Type 'Promise<{ default: typeof XAxis; }>' is not assignable to type 'LoaderComponent<Props>'.
      Type '{ default: typeof XAxis; }' is not assignable to type 'ComponentType<Props> | ComponentModule<Props>'.
        Type '{ default: typeof XAxis; }' is not assignable to type 'ComponentModule<Props>'.
          Types of property 'default' are incompatible.
            Type 'typeof XAxis' is not assignable to type 'ComponentType<Props>'.
              Type 'typeof XAxis' is not assignable to type 'ComponentClass<Props, any>'.
                The types of 'defaultProps.type' are incompatible between these types.
                  Type 'string' is not assignable to type '"number" | "category" | undefined'.
app/admin/components/dashboard/charts/AcoOrderProgressChart.tsx(11,23): error TS2345: Argument of type '() => Promise<{ default: typeof YAxis; }>' is not assignable to parameter of type 'DynamicOptions<Props> | Loader<Props>'.
  Type '() => Promise<{ default: typeof YAxis; }>' is not assignable to type '() => LoaderComponent<Props>'.
    Type 'Promise<{ default: typeof YAxis; }>' is not assignable to type 'LoaderComponent<Props>'.
      Type '{ default: typeof YAxis; }' is not assignable to type 'ComponentType<Props> | ComponentModule<Props>'.
        Type '{ default: typeof YAxis; }' is not assignable to type 'ComponentModule<Props>'.
          Types of property 'default' are incompatible.
            Type 'typeof YAxis' is not assignable to type 'ComponentType<Props>'.
              Type 'typeof YAxis' is not assignable to type 'ComponentClass<Props, any>'.
                The types of 'defaultProps.type' are incompatible between these types.
                  Type 'string' is not assignable to type '"number" | "category" | undefined'.
app/admin/components/dashboard/charts/AcoOrderProgressChart.tsx(13,25): error TS2345: Argument of type '() => Promise<{ default: typeof Tooltip; }>' is not assignable to parameter of type 'DynamicOptions<TooltipProps<ValueType, NameType>> | Loader<TooltipProps<ValueType, NameType>>'.
  Type '() => Promise<{ default: typeof Tooltip; }>' is not assignable to type '() => LoaderComponent<TooltipProps<ValueType, NameType>>'.
    Type 'Promise<{ default: typeof Tooltip; }>' is not assignable to type 'LoaderComponent<TooltipProps<ValueType, NameType>>'.
      Type '{ default: typeof Tooltip; }' is not assignable to type 'ComponentType<TooltipProps<ValueType, NameType>> | ComponentModule<TooltipProps<ValueType, NameType>>'.
        Type '{ default: typeof Tooltip; }' is not assignable to type 'ComponentModule<TooltipProps<ValueType, NameType>>'.
          Types of property 'default' are incompatible.
            Type 'typeof Tooltip' is not assignable to type 'ComponentType<TooltipProps<ValueType, NameType>>'.
              Type 'typeof Tooltip' is not assignable to type 'ComponentClass<TooltipProps<ValueType, NameType>, any>'.
                The types of 'defaultProps.animationEasing' are incompatible between these types.
                  Type 'string' is not assignable to type 'AnimationTiming | undefined'.
app/admin/components/dashboard/charts/AcoOrderProgressChart.tsx(14,24): error TS2345: Argument of type '() => Promise<{ default: typeof Legend; }>' is not assignable to parameter of type 'DynamicOptions<Props> | Loader<Props>'.
  Type '() => Promise<{ default: typeof Legend; }>' is not assignable to type '() => LoaderComponent<Props>'.
    Type 'Promise<{ default: typeof Legend; }>' is not assignable to type 'LoaderComponent<Props>'.
      Type '{ default: typeof Legend; }' is not assignable to type 'ComponentType<Props> | ComponentModule<Props>'.
        Type '{ default: typeof Legend; }' is not assignable to type 'ComponentModule<Props>'.
          Types of property 'default' are incompatible.
            Type 'typeof Legend' is not assignable to type 'ComponentType<Props>'.
              Type 'typeof Legend' is not assignable to type 'ComponentClass<Props, any>'.
                The types of 'defaultProps.layout' are incompatible between these types.
                  Type 'string' is not assignable to type 'LayoutType | undefined'.
app/admin/components/dashboard/charts/AcoOrderProgressChart.tsx(140,27): error TS2339: Property 'destructive' does not exist on type '{ readonly success: { readonly light: "#22c55e"; readonly DEFAULT: "#16a34a"; readonly dark: "#15803d"; readonly bg: "#dcfce7"; readonly border: "#86efac"; }; readonly warning: { readonly light: "#facc15"; readonly DEFAULT: "#eab308"; readonly dark: "#ca8a04"; readonly bg: "#fef3c7"; readonly border: "#fde047"; }; r...'.
app/admin/components/dashboard/charts/AcoOrderProgressChart.tsx(145,40): error TS2339: Property 'margin' does not exist on type '{ readonly container: { readonly base: "px-4 md:px-6 lg:px-8"; readonly compact: "px-3 md:px-4 lg:px-6"; readonly wide: "px-6 md:px-8 lg:px-12"; }; readonly widget: { readonly container: "p-4"; readonly header: "mb-4"; readonly content: "space-y-4"; }; readonly form: { ...; }; readonly list: { ...; }; readonly grid:...'.
app/admin/components/dashboard/charts/AcoOrderProgressChart.tsx(203,36): error TS2339: Property 'gap' does not exist on type '{ readonly container: { readonly base: "px-4 md:px-6 lg:px-8"; readonly compact: "px-3 md:px-4 lg:px-6"; readonly wide: "px-6 md:px-8 lg:px-12"; }; readonly widget: { readonly container: "p-4"; readonly header: "mb-4"; readonly content: "space-y-4"; }; readonly form: { ...; }; readonly list: { ...; }; readonly grid:...'.
app/admin/components/dashboard/charts/AcoOrderProgressChart.tsx(205,76): error TS2339: Property 'gap' does not exist on type '{ readonly container: { readonly base: "px-4 md:px-6 lg:px-8"; readonly compact: "px-3 md:px-4 lg:px-6"; readonly wide: "px-6 md:px-8 lg:px-12"; }; readonly widget: { readonly container: "p-4"; readonly header: "mb-4"; readonly content: "space-y-4"; }; readonly form: { ...; }; readonly list: { ...; }; readonly grid:...'.
app/admin/components/dashboard/charts/AcoOrderProgressChart.tsx(209,76): error TS2339: Property 'gap' does not exist on type '{ readonly container: { readonly base: "px-4 md:px-6 lg:px-8"; readonly compact: "px-3 md:px-4 lg:px-6"; readonly wide: "px-6 md:px-8 lg:px-12"; }; readonly widget: { readonly container: "p-4"; readonly header: "mb-4"; readonly content: "space-y-4"; }; readonly form: { ...; }; readonly list: { ...; }; readonly grid:...'.
app/admin/components/dashboard/charts/AcoOrderProgressChart.tsx(213,76): error TS2339: Property 'gap' does not exist on type '{ readonly container: { readonly base: "px-4 md:px-6 lg:px-8"; readonly compact: "px-3 md:px-4 lg:px-6"; readonly wide: "px-6 md:px-8 lg:px-12"; }; readonly widget: { readonly container: "p-4"; readonly header: "mb-4"; readonly content: "space-y-4"; }; readonly form: { ...; }; readonly list: { ...; }; readonly grid:...'.
app/admin/components/dashboard/charts/AcoOrderProgressChart.tsx(214,101): error TS2339: Property 'destructive' does not exist on type '{ readonly success: { readonly light: "#22c55e"; readonly DEFAULT: "#16a34a"; readonly dark: "#15803d"; readonly bg: "#dcfce7"; readonly border: "#86efac"; }; readonly warning: { readonly light: "#facc15"; readonly DEFAULT: "#eab308"; readonly dark: "#ca8a04"; readonly bg: "#fef3c7"; readonly border: "#fde047"; }; r...'.
app/admin/components/dashboard/charts/InventoryTurnoverAnalysis.tsx(8,22): error TS2345: Argument of type '() => Promise<{ default: typeof Line; }>' is not assignable to parameter of type 'DynamicOptions<Props> | Loader<Props>'.
  Type '() => Promise<{ default: typeof Line; }>' is not assignable to type '() => LoaderComponent<Props>'.
    Type 'Promise<{ default: typeof Line; }>' is not assignable to type 'LoaderComponent<Props>'.
      Type '{ default: typeof Line; }' is not assignable to type 'ComponentType<Props> | ComponentModule<Props>'.
        Type '{ default: typeof Line; }' is not assignable to type 'ComponentModule<Props>'.
          Types of property 'default' are incompatible.
            Type 'typeof Line' is not assignable to type 'ComponentType<Props>'.
              Type 'typeof Line' is not assignable to type 'ComponentClass<Props, any>'.
                The types of 'defaultProps.legendType' are incompatible between these types.
                  Type 'string' is not assignable to type 'LegendType | undefined'.
app/admin/components/dashboard/charts/InventoryTurnoverAnalysis.tsx(9,23): error TS2345: Argument of type '() => Promise<{ default: typeof XAxis; }>' is not assignable to parameter of type 'DynamicOptions<Props> | Loader<Props>'.
  Type '() => Promise<{ default: typeof XAxis; }>' is not assignable to type '() => LoaderComponent<Props>'.
    Type 'Promise<{ default: typeof XAxis; }>' is not assignable to type 'LoaderComponent<Props>'.
      Type '{ default: typeof XAxis; }' is not assignable to type 'ComponentType<Props> | ComponentModule<Props>'.
        Type '{ default: typeof XAxis; }' is not assignable to type 'ComponentModule<Props>'.
          Types of property 'default' are incompatible.
            Type 'typeof XAxis' is not assignable to type 'ComponentType<Props>'.
              Type 'typeof XAxis' is not assignable to type 'ComponentClass<Props, any>'.
                The types of 'defaultProps.type' are incompatible between these types.
                  Type 'string' is not assignable to type '"number" | "category" | undefined'.
app/admin/components/dashboard/charts/InventoryTurnoverAnalysis.tsx(10,23): error TS2345: Argument of type '() => Promise<{ default: typeof YAxis; }>' is not assignable to parameter of type 'DynamicOptions<Props> | Loader<Props>'.
  Type '() => Promise<{ default: typeof YAxis; }>' is not assignable to type '() => LoaderComponent<Props>'.
    Type 'Promise<{ default: typeof YAxis; }>' is not assignable to type 'LoaderComponent<Props>'.
      Type '{ default: typeof YAxis; }' is not assignable to type 'ComponentType<Props> | ComponentModule<Props>'.
        Type '{ default: typeof YAxis; }' is not assignable to type 'ComponentModule<Props>'.
          Types of property 'default' are incompatible.
            Type 'typeof YAxis' is not assignable to type 'ComponentType<Props>'.
              Type 'typeof YAxis' is not assignable to type 'ComponentClass<Props, any>'.
                The types of 'defaultProps.type' are incompatible between these types.
                  Type 'string' is not assignable to type '"number" | "category" | undefined'.
app/admin/components/dashboard/charts/InventoryTurnoverAnalysis.tsx(12,25): error TS2345: Argument of type '() => Promise<{ default: typeof Tooltip; }>' is not assignable to parameter of type 'DynamicOptions<TooltipProps<ValueType, NameType>> | Loader<TooltipProps<ValueType, NameType>>'.
  Type '() => Promise<{ default: typeof Tooltip; }>' is not assignable to type '() => LoaderComponent<TooltipProps<ValueType, NameType>>'.
    Type 'Promise<{ default: typeof Tooltip; }>' is not assignable to type 'LoaderComponent<TooltipProps<ValueType, NameType>>'.
      Type '{ default: typeof Tooltip; }' is not assignable to type 'ComponentType<TooltipProps<ValueType, NameType>> | ComponentModule<TooltipProps<ValueType, NameType>>'.
        Type '{ default: typeof Tooltip; }' is not assignable to type 'ComponentModule<TooltipProps<ValueType, NameType>>'.
          Types of property 'default' are incompatible.
            Type 'typeof Tooltip' is not assignable to type 'ComponentType<TooltipProps<ValueType, NameType>>'.
              Type 'typeof Tooltip' is not assignable to type 'ComponentClass<TooltipProps<ValueType, NameType>, any>'.
                The types of 'defaultProps.animationEasing' are incompatible between these types.
                  Type 'string' is not assignable to type 'AnimationTiming | undefined'.
app/admin/components/dashboard/charts/InventoryTurnoverAnalysis.tsx(13,24): error TS2345: Argument of type '() => Promise<{ default: typeof Legend; }>' is not assignable to parameter of type 'DynamicOptions<Props> | Loader<Props>'.
  Type '() => Promise<{ default: typeof Legend; }>' is not assignable to type '() => LoaderComponent<Props>'.
    Type 'Promise<{ default: typeof Legend; }>' is not assignable to type 'LoaderComponent<Props>'.
      Type '{ default: typeof Legend; }' is not assignable to type 'ComponentType<Props> | ComponentModule<Props>'.
        Type '{ default: typeof Legend; }' is not assignable to type 'ComponentModule<Props>'.
          Types of property 'default' are incompatible.
            Type 'typeof Legend' is not assignable to type 'ComponentType<Props>'.
              Type 'typeof Legend' is not assignable to type 'ComponentClass<Props, any>'.
                The types of 'defaultProps.layout' are incompatible between these types.
                  Type 'string' is not assignable to type 'LayoutType | undefined'.
app/admin/components/dashboard/charts/InventoryTurnoverAnalysis.tsx(43,16): error TS2339: Property 'record_inventoryCollection' does not exist on type 'never'.
app/admin/components/dashboard/charts/InventoryTurnoverAnalysis.tsx(43,60): error TS2339: Property 'data_orderCollection' does not exist on type 'never'.
app/admin/components/dashboard/charts/InventoryTurnoverAnalysis.tsx(47,10): error TS2339: Property 'record_inventoryCollection' does not exist on type 'never'.
app/admin/components/dashboard/charts/InventoryTurnoverAnalysis.tsx(70,10): error TS2339: Property 'data_orderCollection' does not exist on type 'never'.
app/admin/components/dashboard/charts/InventoryTurnoverAnalysis.tsx(137,64): error TS2339: Property 'message' does not exist on type 'never'.
app/admin/components/dashboard/charts/InventoryTurnoverAnalysis.tsx(144,40): error TS2339: Property 'margin' does not exist on type '{ readonly container: { readonly base: "px-4 md:px-6 lg:px-8"; readonly compact: "px-3 md:px-4 lg:px-6"; readonly wide: "px-6 md:px-8 lg:px-12"; }; readonly widget: { readonly container: "p-4"; readonly header: "mb-4"; readonly content: "space-y-4"; }; readonly form: { ...; }; readonly list: { ...; }; readonly grid:...'.
app/admin/components/dashboard/charts/InventoryTurnoverAnalysis.tsx(185,67): error TS2339: Property 'gap' does not exist on type '{ readonly container: { readonly base: "px-4 md:px-6 lg:px-8"; readonly compact: "px-3 md:px-4 lg:px-6"; readonly wide: "px-6 md:px-8 lg:px-12"; }; readonly widget: { readonly container: "p-4"; readonly header: "mb-4"; readonly content: "space-y-4"; }; readonly form: { ...; }; readonly list: { ...; }; readonly grid:...'.
app/admin/components/dashboard/charts/InventoryTurnoverAnalysis.tsx(186,107): error TS2339: Property 'primary' does not exist on type '{ readonly gradient: "from-indigo-500 to-purple-500"; readonly icon: "#6366f1"; readonly text: "#4f46e5"; readonly bg: "bg-indigo-500/10"; readonly border: "border-indigo-500/30"; }'.
app/admin/components/dashboard/charts/InventoryTurnoverAnalysis.tsx(209,43): error TS2339: Property 'primary' does not exist on type '{ readonly gradient: "from-indigo-500 to-purple-500"; readonly icon: "#6366f1"; readonly text: "#4f46e5"; readonly bg: "bg-indigo-500/10"; readonly border: "border-indigo-500/30"; }'.
app/admin/components/dashboard/charts/InventoryTurnoverAnalysis.tsx(239,26): error TS2339: Property 'gap' does not exist on type '{ readonly container: { readonly base: "px-4 md:px-6 lg:px-8"; readonly compact: "px-3 md:px-4 lg:px-6"; readonly wide: "px-6 md:px-8 lg:px-12"; }; readonly widget: { readonly container: "p-4"; readonly header: "mb-4"; readonly content: "space-y-4"; }; readonly form: { ...; }; readonly list: { ...; }; readonly grid:...'.
app/admin/components/dashboard/charts/InventoryTurnoverAnalysis.tsx(242,105): error TS2339: Property 'destructive' does not exist on type '{ readonly success: { readonly light: "#22c55e"; readonly DEFAULT: "#16a34a"; readonly dark: "#15803d"; readonly bg: "#dcfce7"; readonly border: "#86efac"; }; readonly warning: { readonly light: "#facc15"; readonly DEFAULT: "#eab308"; readonly dark: "#ca8a04"; readonly bg: "#fef3c7"; readonly border: "#fde047"; }; r...'.
app/admin/components/dashboard/charts/RealTimeInventoryMap.tsx(37,36): error TS2304: Cannot find name 'useGetInventoryLocationsQuery'.
app/admin/components/dashboard/charts/RealTimeInventoryMap.tsx(54,70): error TS2304: Cannot find name 'GetInventoryLocationsQuery'.
app/admin/components/dashboard/charts/StocktakeAccuracyTrend.tsx(8,22): error TS2345: Argument of type '() => Promise<{ default: typeof Line; }>' is not assignable to parameter of type 'DynamicOptions<Props> | Loader<Props>'.
  Type '() => Promise<{ default: typeof Line; }>' is not assignable to type '() => LoaderComponent<Props>'.
    Type 'Promise<{ default: typeof Line; }>' is not assignable to type 'LoaderComponent<Props>'.
      Type '{ default: typeof Line; }' is not assignable to type 'ComponentType<Props> | ComponentModule<Props>'.
        Type '{ default: typeof Line; }' is not assignable to type 'ComponentModule<Props>'.
          Types of property 'default' are incompatible.
            Type 'typeof Line' is not assignable to type 'ComponentType<Props>'.
              Type 'typeof Line' is not assignable to type 'ComponentClass<Props, any>'.
                The types of 'defaultProps.legendType' are incompatible between these types.
                  Type 'string' is not assignable to type 'LegendType | undefined'.
app/admin/components/dashboard/charts/StocktakeAccuracyTrend.tsx(9,23): error TS2345: Argument of type '() => Promise<{ default: typeof XAxis; }>' is not assignable to parameter of type 'DynamicOptions<Props> | Loader<Props>'.
  Type '() => Promise<{ default: typeof XAxis; }>' is not assignable to type '() => LoaderComponent<Props>'.
    Type 'Promise<{ default: typeof XAxis; }>' is not assignable to type 'LoaderComponent<Props>'.
      Type '{ default: typeof XAxis; }' is not assignable to type 'ComponentType<Props> | ComponentModule<Props>'.
        Type '{ default: typeof XAxis; }' is not assignable to type 'ComponentModule<Props>'.
          Types of property 'default' are incompatible.
            Type 'typeof XAxis' is not assignable to type 'ComponentType<Props>'.
              Type 'typeof XAxis' is not assignable to type 'ComponentClass<Props, any>'.
                The types of 'defaultProps.type' are incompatible between these types.
                  Type 'string' is not assignable to type '"number" | "category" | undefined'.
app/admin/components/dashboard/charts/StocktakeAccuracyTrend.tsx(10,23): error TS2345: Argument of type '() => Promise<{ default: typeof YAxis; }>' is not assignable to parameter of type 'DynamicOptions<Props> | Loader<Props>'.
  Type '() => Promise<{ default: typeof YAxis; }>' is not assignable to type '() => LoaderComponent<Props>'.
    Type 'Promise<{ default: typeof YAxis; }>' is not assignable to type 'LoaderComponent<Props>'.
      Type '{ default: typeof YAxis; }' is not assignable to type 'ComponentType<Props> | ComponentModule<Props>'.
        Type '{ default: typeof YAxis; }' is not assignable to type 'ComponentModule<Props>'.
          Types of property 'default' are incompatible.
            Type 'typeof YAxis' is not assignable to type 'ComponentType<Props>'.
              Type 'typeof YAxis' is not assignable to type 'ComponentClass<Props, any>'.
                The types of 'defaultProps.type' are incompatible between these types.
                  Type 'string' is not assignable to type '"number" | "category" | undefined'.
app/admin/components/dashboard/charts/StocktakeAccuracyTrend.tsx(12,25): error TS2345: Argument of type '() => Promise<{ default: typeof Tooltip; }>' is not assignable to parameter of type 'DynamicOptions<TooltipProps<ValueType, NameType>> | Loader<TooltipProps<ValueType, NameType>>'.
  Type '() => Promise<{ default: typeof Tooltip; }>' is not assignable to type '() => LoaderComponent<TooltipProps<ValueType, NameType>>'.
    Type 'Promise<{ default: typeof Tooltip; }>' is not assignable to type 'LoaderComponent<TooltipProps<ValueType, NameType>>'.
      Type '{ default: typeof Tooltip; }' is not assignable to type 'ComponentType<TooltipProps<ValueType, NameType>> | ComponentModule<TooltipProps<ValueType, NameType>>'.
        Type '{ default: typeof Tooltip; }' is not assignable to type 'ComponentModule<TooltipProps<ValueType, NameType>>'.
          Types of property 'default' are incompatible.
            Type 'typeof Tooltip' is not assignable to type 'ComponentType<TooltipProps<ValueType, NameType>>'.
              Type 'typeof Tooltip' is not assignable to type 'ComponentClass<TooltipProps<ValueType, NameType>, any>'.
                The types of 'defaultProps.animationEasing' are incompatible between these types.
                  Type 'string' is not assignable to type 'AnimationTiming | undefined'.
app/admin/components/dashboard/charts/StocktakeAccuracyTrend.tsx(13,24): error TS2345: Argument of type '() => Promise<{ default: typeof Legend; }>' is not assignable to parameter of type 'DynamicOptions<Props> | Loader<Props>'.
  Type '() => Promise<{ default: typeof Legend; }>' is not assignable to type '() => LoaderComponent<Props>'.
    Type 'Promise<{ default: typeof Legend; }>' is not assignable to type 'LoaderComponent<Props>'.
      Type '{ default: typeof Legend; }' is not assignable to type 'ComponentType<Props> | ComponentModule<Props>'.
        Type '{ default: typeof Legend; }' is not assignable to type 'ComponentModule<Props>'.
          Types of property 'default' are incompatible.
            Type 'typeof Legend' is not assignable to type 'ComponentType<Props>'.
              Type 'typeof Legend' is not assignable to type 'ComponentClass<Props, any>'.
                The types of 'defaultProps.layout' are incompatible between these types.
                  Type 'string' is not assignable to type 'LayoutType | undefined'.
app/admin/components/dashboard/charts/StocktakeAccuracyTrend.tsx(15,22): error TS2345: Argument of type '() => Promise<{ default: typeof Area; }>' is not assignable to parameter of type 'DynamicOptions<Props> | Loader<Props>'.
  Type '() => Promise<{ default: typeof Area; }>' is not assignable to type '() => LoaderComponent<Props>'.
    Type 'Promise<{ default: typeof Area; }>' is not assignable to type 'LoaderComponent<Props>'.
      Type '{ default: typeof Area; }' is not assignable to type 'ComponentType<Props> | ComponentModule<Props>'.
        Type '{ default: typeof Area; }' is not assignable to type 'ComponentModule<Props>'.
          Types of property 'default' are incompatible.
            Type 'typeof Area' is not assignable to type 'ComponentType<Props>'.
              Type 'typeof Area' is not assignable to type 'ComponentClass<Props, any>'.
                The types of 'defaultProps.legendType' are incompatible between these types.
                  Type 'string' is not assignable to type 'LegendType | undefined'.
app/admin/components/dashboard/charts/StocktakeAccuracyTrend.tsx(34,16): error TS2339: Property 'stocktake_daily_summaryCollection' does not exist on type 'never'.
app/admin/components/dashboard/charts/StocktakeAccuracyTrend.tsx(39,10): error TS2339: Property 'stocktake_daily_summaryCollection' does not exist on type 'never'.
app/admin/components/dashboard/charts/StocktakeAccuracyTrend.tsx(39,61): error TS7031: Binding element 'node' implicitly has an 'any' type.
app/admin/components/dashboard/charts/StocktakeAccuracyTrend.tsx(85,65): error TS2339: Property 'message' does not exist on type 'never'.
app/admin/components/dashboard/charts/TopProductsInventoryChart.tsx(8,21): error TS2345: Argument of type '() => Promise<{ default: typeof Bar; }>' is not assignable to parameter of type 'DynamicOptions<Props> | Loader<Props>'.
  Type '() => Promise<{ default: typeof Bar; }>' is not assignable to type '() => LoaderComponent<Props>'.
    Type 'Promise<{ default: typeof Bar; }>' is not assignable to type 'LoaderComponent<Props>'.
      Type '{ default: typeof Bar; }' is not assignable to type 'ComponentType<Props> | ComponentModule<Props>'.
        Type '{ default: typeof Bar; }' is not assignable to type 'ComponentModule<Props>'.
          Types of property 'default' are incompatible.
            Type 'typeof Bar' is not assignable to type 'ComponentType<Props>'.
              Type 'typeof Bar' is not assignable to type 'ComponentClass<Props, any>'.
                The types of 'defaultProps.layout' are incompatible between these types.
                  Type 'string' is not assignable to type '"horizontal" | "vertical" | undefined'.
app/admin/components/dashboard/charts/TopProductsInventoryChart.tsx(9,23): error TS2345: Argument of type '() => Promise<{ default: typeof XAxis; }>' is not assignable to parameter of type 'DynamicOptions<Props> | Loader<Props>'.
  Type '() => Promise<{ default: typeof XAxis; }>' is not assignable to type '() => LoaderComponent<Props>'.
    Type 'Promise<{ default: typeof XAxis; }>' is not assignable to type 'LoaderComponent<Props>'.
      Type '{ default: typeof XAxis; }' is not assignable to type 'ComponentType<Props> | ComponentModule<Props>'.
        Type '{ default: typeof XAxis; }' is not assignable to type 'ComponentModule<Props>'.
          Types of property 'default' are incompatible.
            Type 'typeof XAxis' is not assignable to type 'ComponentType<Props>'.
              Type 'typeof XAxis' is not assignable to type 'ComponentClass<Props, any>'.
                The types of 'defaultProps.type' are incompatible between these types.
                  Type 'string' is not assignable to type '"number" | "category" | undefined'.
app/admin/components/dashboard/charts/TopProductsInventoryChart.tsx(10,23): error TS2345: Argument of type '() => Promise<{ default: typeof YAxis; }>' is not assignable to parameter of type 'DynamicOptions<Props> | Loader<Props>'.
  Type '() => Promise<{ default: typeof YAxis; }>' is not assignable to type '() => LoaderComponent<Props>'.
    Type 'Promise<{ default: typeof YAxis; }>' is not assignable to type 'LoaderComponent<Props>'.
      Type '{ default: typeof YAxis; }' is not assignable to type 'ComponentType<Props> | ComponentModule<Props>'.
        Type '{ default: typeof YAxis; }' is not assignable to type 'ComponentModule<Props>'.
          Types of property 'default' are incompatible.
            Type 'typeof YAxis' is not assignable to type 'ComponentType<Props>'.
              Type 'typeof YAxis' is not assignable to type 'ComponentClass<Props, any>'.
                The types of 'defaultProps.type' are incompatible between these types.
                  Type 'string' is not assignable to type '"number" | "category" | undefined'.
app/admin/components/dashboard/charts/TopProductsInventoryChart.tsx(12,25): error TS2345: Argument of type '() => Promise<{ default: typeof Tooltip; }>' is not assignable to parameter of type 'DynamicOptions<TooltipProps<ValueType, NameType>> | Loader<TooltipProps<ValueType, NameType>>'.
  Type '() => Promise<{ default: typeof Tooltip; }>' is not assignable to type '() => LoaderComponent<TooltipProps<ValueType, NameType>>'.
    Type 'Promise<{ default: typeof Tooltip; }>' is not assignable to type 'LoaderComponent<TooltipProps<ValueType, NameType>>'.
      Type '{ default: typeof Tooltip; }' is not assignable to type 'ComponentType<TooltipProps<ValueType, NameType>> | ComponentModule<TooltipProps<ValueType, NameType>>'.
        Type '{ default: typeof Tooltip; }' is not assignable to type 'ComponentModule<TooltipProps<ValueType, NameType>>'.
          Types of property 'default' are incompatible.
            Type 'typeof Tooltip' is not assignable to type 'ComponentType<TooltipProps<ValueType, NameType>>'.
              Type 'typeof Tooltip' is not assignable to type 'ComponentClass<TooltipProps<ValueType, NameType>, any>'.
                The types of 'defaultProps.animationEasing' are incompatible between these types.
                  Type 'string' is not assignable to type 'AnimationTiming | undefined'.
app/admin/components/dashboard/charts/TopProductsInventoryChart.tsx(38,36): error TS2304: Cannot find name 'useGetTopProductsInventoryQuery'.
app/admin/components/dashboard/charts/TopProductsInventoryChart.tsx(50,82): error TS2304: Cannot find name 'GetTopProductsInventoryQuery'.
app/admin/components/dashboard/charts/TopProductsInventoryChart.tsx(144,25): error TS2339: Property 'primary' does not exist on type '{ readonly gradient: "from-indigo-500 to-purple-500"; readonly icon: "#6366f1"; readonly text: "#4f46e5"; readonly bg: "bg-indigo-500/10"; readonly border: "border-indigo-500/30"; }'.
app/admin/components/dashboard/charts/TopProductsInventoryChart.tsx(145,25): error TS2339: Property 'secondary' does not exist on type '{ readonly gradient: "from-indigo-500 to-purple-500"; readonly icon: "#6366f1"; readonly text: "#4f46e5"; readonly bg: "bg-indigo-500/10"; readonly border: "border-indigo-500/30"; }'.
app/admin/components/dashboard/charts/TopProductsInventoryChart.tsx(146,25): error TS2339: Property 'accent' does not exist on type '{ readonly gradient: "from-indigo-500 to-purple-500"; readonly icon: "#6366f1"; readonly text: "#4f46e5"; readonly bg: "bg-indigo-500/10"; readonly border: "border-indigo-500/30"; }'.
app/admin/components/dashboard/charts/TopProductsInventoryChart.tsx(150,20): error TS2339: Property 'destructive' does not exist on type '{ readonly success: { readonly light: "#22c55e"; readonly DEFAULT: "#16a34a"; readonly dark: "#15803d"; readonly bg: "#dcfce7"; readonly border: "#86efac"; }; readonly warning: { readonly light: "#facc15"; readonly DEFAULT: "#eab308"; readonly dark: "#ca8a04"; readonly bg: "#fef3c7"; readonly border: "#fde047"; }; r...'.
app/admin/components/dashboard/charts/TopProductsInventoryChart.tsx(153,17): error TS2339: Property 'accent' does not exist on type '{ readonly primary: { readonly 50: "#fff7ed"; readonly 100: "#ffedd5"; readonly 200: "#fed7aa"; readonly 300: "#fdba74"; readonly 400: "#fb923c"; readonly 500: "#f97316"; readonly 600: "#ea580c"; readonly 700: "#c2410c"; readonly 800: "#9a3412"; readonly 900: "#7c2d12"; }; readonly secondary: { ...; }; }'.
app/admin/components/dashboard/charts/TopProductsInventoryChart.tsx(158,40): error TS2339: Property 'margin' does not exist on type '{ readonly container: { readonly base: "px-4 md:px-6 lg:px-8"; readonly compact: "px-3 md:px-4 lg:px-6"; readonly wide: "px-6 md:px-8 lg:px-12"; }; readonly widget: { readonly container: "p-4"; readonly header: "mb-4"; readonly content: "space-y-4"; }; readonly form: { ...; }; readonly list: { ...; }; readonly grid:...'.
app/admin/components/dashboard/charts/TopProductsInventoryChart.tsx(192,67): error TS2339: Property 'gap' does not exist on type '{ readonly container: { readonly base: "px-4 md:px-6 lg:px-8"; readonly compact: "px-3 md:px-4 lg:px-6"; readonly wide: "px-6 md:px-8 lg:px-12"; }; readonly widget: { readonly container: "p-4"; readonly header: "mb-4"; readonly content: "space-y-4"; }; readonly form: { ...; }; readonly list: { ...; }; readonly grid:...'.
app/admin/components/dashboard/charts/TopProductsInventoryChart.tsx(217,26): error TS2339: Property 'gap' does not exist on type '{ readonly container: { readonly base: "px-4 md:px-6 lg:px-8"; readonly compact: "px-3 md:px-4 lg:px-6"; readonly wide: "px-6 md:px-8 lg:px-12"; }; readonly widget: { readonly container: "p-4"; readonly header: "mb-4"; readonly content: "space-y-4"; }; readonly form: { ...; }; readonly list: { ...; }; readonly grid:...'.
app/admin/components/dashboard/charts/TopProductsInventoryChart.tsx(220,105): error TS2339: Property 'gap' does not exist on type '{ readonly container: { readonly base: "px-4 md:px-6 lg:px-8"; readonly compact: "px-3 md:px-4 lg:px-6"; readonly wide: "px-6 md:px-8 lg:px-12"; }; readonly widget: { readonly container: "p-4"; readonly header: "mb-4"; readonly content: "space-y-4"; }; readonly form: { ...; }; readonly list: { ...; }; readonly grid:...'.
app/admin/components/dashboard/charts/UserActivityHeatmap.tsx(30,36): error TS2304: Cannot find name 'useGetUserActivityQuery'.
app/admin/components/dashboard/charts/VoidRecordsAnalysis.tsx(10,21): error TS2345: Argument of type '() => Promise<{ default: typeof Pie; }>' is not assignable to parameter of type 'DynamicOptions<Props> | Loader<Props>'.
  Type '() => Promise<{ default: typeof Pie; }>' is not assignable to type '() => LoaderComponent<Props>'.
    Type 'Promise<{ default: typeof Pie; }>' is not assignable to type 'LoaderComponent<Props>'.
      Type '{ default: typeof Pie; }' is not assignable to type 'ComponentType<Props> | ComponentModule<Props>'.
        Type '{ default: typeof Pie; }' is not assignable to type 'ComponentModule<Props>'.
          Types of property 'default' are incompatible.
            Type 'typeof Pie' is not assignable to type 'ComponentType<Props>'.
              Type 'typeof Pie' is not assignable to type 'ComponentClass<Props, any>'.
                The types of 'defaultProps.legendType' are incompatible between these types.
                  Type 'string' is not assignable to type 'LegendType | undefined'.
app/admin/components/dashboard/charts/VoidRecordsAnalysis.tsx(13,25): error TS2345: Argument of type '() => Promise<{ default: typeof Tooltip; }>' is not assignable to parameter of type 'DynamicOptions<TooltipProps<ValueType, NameType>> | Loader<TooltipProps<ValueType, NameType>>'.
  Type '() => Promise<{ default: typeof Tooltip; }>' is not assignable to type '() => LoaderComponent<TooltipProps<ValueType, NameType>>'.
    Type 'Promise<{ default: typeof Tooltip; }>' is not assignable to type 'LoaderComponent<TooltipProps<ValueType, NameType>>'.
      Type '{ default: typeof Tooltip; }' is not assignable to type 'ComponentType<TooltipProps<ValueType, NameType>> | ComponentModule<TooltipProps<ValueType, NameType>>'.
        Type '{ default: typeof Tooltip; }' is not assignable to type 'ComponentModule<TooltipProps<ValueType, NameType>>'.
          Types of property 'default' are incompatible.
            Type 'typeof Tooltip' is not assignable to type 'ComponentType<TooltipProps<ValueType, NameType>>'.
              Type 'typeof Tooltip' is not assignable to type 'ComponentClass<TooltipProps<ValueType, NameType>, any>'.
                The types of 'defaultProps.animationEasing' are incompatible between these types.
                  Type 'string' is not assignable to type 'AnimationTiming | undefined'.
app/admin/components/dashboard/charts/VoidRecordsAnalysis.tsx(14,24): error TS2345: Argument of type '() => Promise<{ default: typeof Legend; }>' is not assignable to parameter of type 'DynamicOptions<Props> | Loader<Props>'.
  Type '() => Promise<{ default: typeof Legend; }>' is not assignable to type '() => LoaderComponent<Props>'.
    Type 'Promise<{ default: typeof Legend; }>' is not assignable to type 'LoaderComponent<Props>'.
      Type '{ default: typeof Legend; }' is not assignable to type 'ComponentType<Props> | ComponentModule<Props>'.
        Type '{ default: typeof Legend; }' is not assignable to type 'ComponentModule<Props>'.
          Types of property 'default' are incompatible.
            Type 'typeof Legend' is not assignable to type 'ComponentType<Props>'.
              Type 'typeof Legend' is not assignable to type 'ComponentClass<Props, any>'.
                The types of 'defaultProps.layout' are incompatible between these types.
                  Type 'string' is not assignable to type 'LayoutType | undefined'.
app/admin/components/dashboard/charts/VoidRecordsAnalysis.tsx(16,21): error TS2345: Argument of type '() => Promise<{ default: typeof Bar; }>' is not assignable to parameter of type 'DynamicOptions<Props> | Loader<Props>'.
  Type '() => Promise<{ default: typeof Bar; }>' is not assignable to type '() => LoaderComponent<Props>'.
    Type 'Promise<{ default: typeof Bar; }>' is not assignable to type 'LoaderComponent<Props>'.
      Type '{ default: typeof Bar; }' is not assignable to type 'ComponentType<Props> | ComponentModule<Props>'.
        Type '{ default: typeof Bar; }' is not assignable to type 'ComponentModule<Props>'.
          Types of property 'default' are incompatible.
            Type 'typeof Bar' is not assignable to type 'ComponentType<Props>'.
              Type 'typeof Bar' is not assignable to type 'ComponentClass<Props, any>'.
                The types of 'defaultProps.layout' are incompatible between these types.
                  Type 'string' is not assignable to type '"horizontal" | "vertical" | undefined'.
app/admin/components/dashboard/charts/VoidRecordsAnalysis.tsx(17,23): error TS2345: Argument of type '() => Promise<{ default: typeof XAxis; }>' is not assignable to parameter of type 'DynamicOptions<Props> | Loader<Props>'.
  Type '() => Promise<{ default: typeof XAxis; }>' is not assignable to type '() => LoaderComponent<Props>'.
    Type 'Promise<{ default: typeof XAxis; }>' is not assignable to type 'LoaderComponent<Props>'.
      Type '{ default: typeof XAxis; }' is not assignable to type 'ComponentType<Props> | ComponentModule<Props>'.
        Type '{ default: typeof XAxis; }' is not assignable to type 'ComponentModule<Props>'.
          Types of property 'default' are incompatible.
            Type 'typeof XAxis' is not assignable to type 'ComponentType<Props>'.
              Type 'typeof XAxis' is not assignable to type 'ComponentClass<Props, any>'.
                The types of 'defaultProps.type' are incompatible between these types.
                  Type 'string' is not assignable to type '"number" | "category" | undefined'.
app/admin/components/dashboard/charts/VoidRecordsAnalysis.tsx(18,23): error TS2345: Argument of type '() => Promise<{ default: typeof YAxis; }>' is not assignable to parameter of type 'DynamicOptions<Props> | Loader<Props>'.
  Type '() => Promise<{ default: typeof YAxis; }>' is not assignable to type '() => LoaderComponent<Props>'.
    Type 'Promise<{ default: typeof YAxis; }>' is not assignable to type 'LoaderComponent<Props>'.
      Type '{ default: typeof YAxis; }' is not assignable to type 'ComponentType<Props> | ComponentModule<Props>'.
        Type '{ default: typeof YAxis; }' is not assignable to type 'ComponentModule<Props>'.
          Types of property 'default' are incompatible.
            Type 'typeof YAxis' is not assignable to type 'ComponentType<Props>'.
              Type 'typeof YAxis' is not assignable to type 'ComponentClass<Props, any>'.
                The types of 'defaultProps.type' are incompatible between these types.
                  Type 'string' is not assignable to type '"number" | "category" | undefined'.
app/admin/components/dashboard/charts/VoidRecordsAnalysis.tsx(61,5): error TS2769: No overload matches this call.
  Overload 1 of 3, '(options: DefinedInitialDataOptions<unknown, Error, unknown, (string | { startDate: string; endDate: string; limit: number; })[]>, queryClient?: QueryClient | undefined): DefinedUseQueryResult<...>', gave the following error.
    Object literal may only specify known properties, and 'cacheTime' does not exist in type 'DefinedInitialDataOptions<unknown, Error, unknown, (string | { startDate: string; endDate: string; limit: number; })[]>'.
  Overload 2 of 3, '(options: UndefinedInitialDataOptions<APIResponse<any>, Error, APIResponse<any>, (string | { startDate: string; endDate: string; limit: number; })[]>, queryClient?: QueryClient | undefined): UseQueryResult<...>', gave the following error.
    Object literal may only specify known properties, and 'cacheTime' does not exist in type 'UndefinedInitialDataOptions<APIResponse<any>, Error, APIResponse<any>, (string | { startDate: string; endDate: string; limit: number; })[]>'.
  Overload 3 of 3, '(options: UseQueryOptions<APIResponse<any>, Error, APIResponse<any>, (string | { startDate: string; endDate: string; limit: number; })[]>, queryClient?: QueryClient | undefined): UseQueryResult<...>', gave the following error.
    Object literal may only specify known properties, and 'cacheTime' does not exist in type 'UseQueryOptions<APIResponse<any>, Error, APIResponse<any>, (string | { startDate: string; endDate: string; limit: number; })[]>'.
app/admin/components/dashboard/charts/VoidRecordsAnalysis.tsx(68,26): error TS2339: Property 'success' does not exist on type '{}'.
app/admin/components/dashboard/charts/VoidRecordsAnalysis.tsx(68,46): error TS2339: Property 'data' does not exist on type '{}'.
app/admin/components/dashboard/charts/VoidRecordsAnalysis.tsx(68,62): error TS2339: Property 'data' does not exist on type '{}'.
app/admin/components/dashboard/charts/VoidRecordsAnalysis.tsx(77,19): error TS7006: Parameter 'record' implicitly has an 'any' type.
app/admin/components/dashboard/ChartWidgetRenderer.tsx(19,22): error TS2345: Argument of type '() => Promise<{ default: typeof Line; }>' is not assignable to parameter of type 'DynamicOptions<Props> | Loader<Props>'.
  Type '() => Promise<{ default: typeof Line; }>' is not assignable to type '() => LoaderComponent<Props>'.
    Type 'Promise<{ default: typeof Line; }>' is not assignable to type 'LoaderComponent<Props>'.
      Type '{ default: typeof Line; }' is not assignable to type 'ComponentType<Props> | ComponentModule<Props>'.
        Type '{ default: typeof Line; }' is not assignable to type 'ComponentModule<Props>'.
          Types of property 'default' are incompatible.
            Type 'typeof Line' is not assignable to type 'ComponentType<Props>'.
              Type 'typeof Line' is not assignable to type 'ComponentClass<Props, any>'.
                The types of 'defaultProps.legendType' are incompatible between these types.
                  Type 'string' is not assignable to type 'LegendType | undefined'.
app/admin/components/dashboard/ChartWidgetRenderer.tsx(21,21): error TS2345: Argument of type '() => Promise<{ default: typeof Bar; }>' is not assignable to parameter of type 'DynamicOptions<Props> | Loader<Props>'.
  Type '() => Promise<{ default: typeof Bar; }>' is not assignable to type '() => LoaderComponent<Props>'.
    Type 'Promise<{ default: typeof Bar; }>' is not assignable to type 'LoaderComponent<Props>'.
      Type '{ default: typeof Bar; }' is not assignable to type 'ComponentType<Props> | ComponentModule<Props>'.
        Type '{ default: typeof Bar; }' is not assignable to type 'ComponentModule<Props>'.
          Types of property 'default' are incompatible.
            Type 'typeof Bar' is not assignable to type 'ComponentType<Props>'.
              Type 'typeof Bar' is not assignable to type 'ComponentClass<Props, any>'.
                The types of 'defaultProps.layout' are incompatible between these types.
                  Type 'string' is not assignable to type '"horizontal" | "vertical" | undefined'.
app/admin/components/dashboard/ChartWidgetRenderer.tsx(23,21): error TS2345: Argument of type '() => Promise<{ default: typeof Pie; }>' is not assignable to parameter of type 'DynamicOptions<Props> | Loader<Props>'.
  Type '() => Promise<{ default: typeof Pie; }>' is not assignable to type '() => LoaderComponent<Props>'.
    Type 'Promise<{ default: typeof Pie; }>' is not assignable to type 'LoaderComponent<Props>'.
      Type '{ default: typeof Pie; }' is not assignable to type 'ComponentType<Props> | ComponentModule<Props>'.
        Type '{ default: typeof Pie; }' is not assignable to type 'ComponentModule<Props>'.
          Types of property 'default' are incompatible.
            Type 'typeof Pie' is not assignable to type 'ComponentType<Props>'.
              Type 'typeof Pie' is not assignable to type 'ComponentClass<Props, any>'.
                The types of 'defaultProps.legendType' are incompatible between these types.
                  Type 'string' is not assignable to type 'LegendType | undefined'.
app/admin/components/dashboard/ChartWidgetRenderer.tsx(26,22): error TS2345: Argument of type '() => Promise<{ default: typeof Area; }>' is not assignable to parameter of type 'DynamicOptions<Props> | Loader<Props>'.
  Type '() => Promise<{ default: typeof Area; }>' is not assignable to type '() => LoaderComponent<Props>'.
    Type 'Promise<{ default: typeof Area; }>' is not assignable to type 'LoaderComponent<Props>'.
      Type '{ default: typeof Area; }' is not assignable to type 'ComponentType<Props> | ComponentModule<Props>'.
        Type '{ default: typeof Area; }' is not assignable to type 'ComponentModule<Props>'.
          Types of property 'default' are incompatible.
            Type 'typeof Area' is not assignable to type 'ComponentType<Props>'.
              Type 'typeof Area' is not assignable to type 'ComponentClass<Props, any>'.
                The types of 'defaultProps.legendType' are incompatible between these types.
                  Type 'string' is not assignable to type 'LegendType | undefined'.
app/admin/components/dashboard/ChartWidgetRenderer.tsx(27,23): error TS2345: Argument of type '() => Promise<{ default: typeof XAxis; }>' is not assignable to parameter of type 'DynamicOptions<Props> | Loader<Props>'.
  Type '() => Promise<{ default: typeof XAxis; }>' is not assignable to type '() => LoaderComponent<Props>'.
    Type 'Promise<{ default: typeof XAxis; }>' is not assignable to type 'LoaderComponent<Props>'.
      Type '{ default: typeof XAxis; }' is not assignable to type 'ComponentType<Props> | ComponentModule<Props>'.
        Type '{ default: typeof XAxis; }' is not assignable to type 'ComponentModule<Props>'.
          Types of property 'default' are incompatible.
            Type 'typeof XAxis' is not assignable to type 'ComponentType<Props>'.
              Type 'typeof XAxis' is not assignable to type 'ComponentClass<Props, any>'.
                The types of 'defaultProps.type' are incompatible between these types.
                  Type 'string' is not assignable to type '"number" | "category" | undefined'.
app/admin/components/dashboard/ChartWidgetRenderer.tsx(28,23): error TS2345: Argument of type '() => Promise<{ default: typeof YAxis; }>' is not assignable to parameter of type 'DynamicOptions<Props> | Loader<Props>'.
  Type '() => Promise<{ default: typeof YAxis; }>' is not assignable to type '() => LoaderComponent<Props>'.
    Type 'Promise<{ default: typeof YAxis; }>' is not assignable to type 'LoaderComponent<Props>'.
      Type '{ default: typeof YAxis; }' is not assignable to type 'ComponentType<Props> | ComponentModule<Props>'.
        Type '{ default: typeof YAxis; }' is not assignable to type 'ComponentModule<Props>'.
          Types of property 'default' are incompatible.
            Type 'typeof YAxis' is not assignable to type 'ComponentType<Props>'.
              Type 'typeof YAxis' is not assignable to type 'ComponentClass<Props, any>'.
                The types of 'defaultProps.type' are incompatible between these types.
                  Type 'string' is not assignable to type '"number" | "category" | undefined'.
app/admin/components/dashboard/ChartWidgetRenderer.tsx(30,25): error TS2345: Argument of type '() => Promise<{ default: typeof Tooltip; }>' is not assignable to parameter of type 'DynamicOptions<TooltipProps<ValueType, NameType>> | Loader<TooltipProps<ValueType, NameType>>'.
  Type '() => Promise<{ default: typeof Tooltip; }>' is not assignable to type '() => LoaderComponent<TooltipProps<ValueType, NameType>>'.
    Type 'Promise<{ default: typeof Tooltip; }>' is not assignable to type 'LoaderComponent<TooltipProps<ValueType, NameType>>'.
      Type '{ default: typeof Tooltip; }' is not assignable to type 'ComponentType<TooltipProps<ValueType, NameType>> | ComponentModule<TooltipProps<ValueType, NameType>>'.
        Type '{ default: typeof Tooltip; }' is not assignable to type 'ComponentModule<TooltipProps<ValueType, NameType>>'.
          Types of property 'default' are incompatible.
            Type 'typeof Tooltip' is not assignable to type 'ComponentType<TooltipProps<ValueType, NameType>>'.
              Type 'typeof Tooltip' is not assignable to type 'ComponentClass<TooltipProps<ValueType, NameType>, any>'.
                The types of 'defaultProps.animationEasing' are incompatible between these types.
                  Type 'string' is not assignable to type 'AnimationTiming | undefined'.
app/admin/components/dashboard/widget-renderer-shared.tsx(105,40): error TS2345: Argument of type 'string' is not assignable to parameter of type '"chart" | "TransferTimeDistributionWidget" | "WarehouseWorkLevelAreaChart" | "StockLevelHistoryChart" | "StockDistributionChart" | "StockDistributionChartV2" | "WarehouseHeatmap" | "PipelineFlowDiagram"'.
app/admin/components/dashboard/widget-renderer-shared.tsx(106,40): error TS2345: Argument of type 'string' is not assignable to parameter of type '"stats" | "work_level" | "production_details" | "system_status" | "pipeline_production_details" | "pipeline_work_level" | "AwaitLocationQtyWidget" | "YesterdayTransferCountWidget" | "StillInAwaitWidget" | "StillInAwaitPercentageWidget" | "production_summary"'.
app/admin/components/dashboard/widget-renderer-shared.tsx(107,39): error TS2345: Argument of type 'string' is not assignable to parameter of type '"table" | "list" | "WarehouseTransferListWidget" | "orders-list" | "other-files-list" | "OrderStateListWidget" | "StockInventoryTable" | "activity-feed"'.
app/admin/components/dashboard/widgets/__tests__/AwaitLocationQtyWidget.test.tsx(54,36): error TS2322: Type '{ widgetId: string; }' is not assignable to type 'IntrinsicAttributes & WidgetComponentProps'.
  Property 'widgetId' does not exist on type 'IntrinsicAttributes & WidgetComponentProps'. Did you mean 'widget'?
app/admin/components/dashboard/widgets/__tests__/AwaitLocationQtyWidget.test.tsx(72,36): error TS2322: Type '{ widgetId: string; }' is not assignable to type 'IntrinsicAttributes & WidgetComponentProps'.
  Property 'widgetId' does not exist on type 'IntrinsicAttributes & WidgetComponentProps'. Did you mean 'widget'?
app/admin/components/dashboard/widgets/__tests__/AwaitLocationQtyWidget.test.tsx(93,36): error TS2322: Type '{ widgetId: string; }' is not assignable to type 'IntrinsicAttributes & WidgetComponentProps'.
  Property 'widgetId' does not exist on type 'IntrinsicAttributes & WidgetComponentProps'. Did you mean 'widget'?
app/admin/components/dashboard/widgets/__tests__/AwaitLocationQtyWidget.test.tsx(107,36): error TS2322: Type '{ widgetId: string; }' is not assignable to type 'IntrinsicAttributes & WidgetComponentProps'.
  Property 'widgetId' does not exist on type 'IntrinsicAttributes & WidgetComponentProps'. Did you mean 'widget'?
app/admin/components/dashboard/widgets/__tests__/AwaitLocationQtyWidget.test.tsx(122,36): error TS2322: Type '{ widgetId: string; }' is not assignable to type 'IntrinsicAttributes & WidgetComponentProps'.
  Property 'widgetId' does not exist on type 'IntrinsicAttributes & WidgetComponentProps'. Did you mean 'widget'?
app/admin/components/dashboard/widgets/AcoOrderProgressWidget.tsx(309,77): error TS2339: Property 'value' does not exist on type '{ table: string; tableHeader: string; tableData: string; chart: string; chartLabel: string; chartData: string; title: string; subtitle: string; description: string; }'.
app/admin/components/dashboard/widgets/AcoOrderReportWidget.tsx(164,13): error TS2554: Expected 2 arguments, but got 1.
app/admin/components/dashboard/widgets/AcoOrderReportWidget.tsx(218,93): error TS2339: Property 'container' does not exist on type '{ readonly containerPadding: "1rem"; readonly headerGap: "1rem"; readonly betweenWidgets: "1rem"; readonly card: { readonly padding: "1rem"; readonly paddingCompact: "0.75rem"; readonly paddingLarge: "1.5rem"; }; readonly listItem: { ...; }; readonly form: { ...; }; }'.
app/admin/components/dashboard/widgets/AcoOrderReportWidget.tsx(220,31): error TS7053: Element implicitly has an 'any' type because expression of type '"body-medium"' can't be used to index type '{ readonly h1: "text-4xl font-bold leading-tight tracking-tight"; readonly h2: "text-3xl font-semibold leading-tight tracking-tight"; readonly h3: "text-2xl font-semibold leading-snug"; ... 16 more ...; readonly truncate: "truncate"; }'.
  Property 'body-medium' does not exist on type '{ readonly h1: "text-4xl font-bold leading-tight tracking-tight"; readonly h2: "text-3xl font-semibold leading-tight tracking-tight"; readonly h3: "text-2xl font-semibold leading-snug"; ... 16 more ...; readonly truncate: "truncate"; }'.
app/admin/components/dashboard/widgets/AcoOrderReportWidget.tsx(234,58): error TS2339: Property 'container' does not exist on type '{ readonly containerPadding: "1rem"; readonly headerGap: "1rem"; readonly betweenWidgets: "1rem"; readonly card: { readonly padding: "1rem"; readonly paddingCompact: "0.75rem"; readonly paddingLarge: "1.5rem"; }; readonly listItem: { ...; }; readonly form: { ...; }; }'.
app/admin/components/dashboard/widgets/AcoOrderReportWidget.tsx(251,38): error TS7053: Element implicitly has an 'any' type because expression of type '"label-medium"' can't be used to index type '{ readonly h1: "text-4xl font-bold leading-tight tracking-tight"; readonly h2: "text-3xl font-semibold leading-tight tracking-tight"; readonly h3: "text-2xl font-semibold leading-snug"; ... 16 more ...; readonly truncate: "truncate"; }'.
  Property 'label-medium' does not exist on type '{ readonly h1: "text-4xl font-bold leading-tight tracking-tight"; readonly h2: "text-3xl font-semibold leading-tight tracking-tight"; readonly h3: "text-2xl font-semibold leading-snug"; ... 16 more ...; readonly truncate: "truncate"; }'.
app/admin/components/dashboard/widgets/AcoOrderReportWidgetV2.tsx(189,70): error TS2339: Property 'gap' does not exist on type '{ readonly container: { readonly base: "px-4 md:px-6 lg:px-8"; readonly compact: "px-3 md:px-4 lg:px-6"; readonly wide: "px-6 md:px-8 lg:px-12"; }; readonly widget: { readonly container: "p-4"; readonly header: "mb-4"; readonly content: "space-y-4"; }; readonly form: { ...; }; readonly list: { ...; }; readonly grid:...'.
app/admin/components/dashboard/widgets/AnalysisExpandableCards.tsx(136,48): error TS2345: Argument of type '"analysis"' is not assignable to parameter of type '"stats" | "reports" | "charts" | "lists" | "operations" | "uploads"'.
app/admin/components/dashboard/widgets/AnalysisExpandableCards.tsx(137,39): error TS2345: Argument of type '"analysis"' is not assignable to parameter of type '"stats" | "reports" | "charts" | "lists" | "operations" | "uploads"'.
app/admin/components/dashboard/widgets/AnalysisExpandableCards.tsx(146,49): error TS2345: Argument of type '"accent"' is not assignable to parameter of type '"text" | "icon" | "border" | "bg" | "gradient" | undefined'.
app/admin/components/dashboard/widgets/AnalysisExpandableCards.tsx(154,48): error TS2345: Argument of type '"analysis"' is not assignable to parameter of type '"stats" | "reports" | "charts" | "lists" | "operations" | "uploads"'.
app/admin/components/dashboard/widgets/AnalysisExpandableCards.tsx(155,39): error TS2345: Argument of type '"analysis"' is not assignable to parameter of type '"stats" | "reports" | "charts" | "lists" | "operations" | "uploads"'.
app/admin/components/dashboard/widgets/AnalysisExpandableCards.tsx(163,48): error TS2345: Argument of type '"analysis"' is not assignable to parameter of type '"stats" | "reports" | "charts" | "lists" | "operations" | "uploads"'.
app/admin/components/dashboard/widgets/AnalysisExpandableCards.tsx(164,39): error TS2345: Argument of type '"analysis"' is not assignable to parameter of type '"stats" | "reports" | "charts" | "lists" | "operations" | "uploads"'.
app/admin/components/dashboard/widgets/AnalysisExpandableCards.tsx(172,48): error TS2345: Argument of type '"analysis"' is not assignable to parameter of type '"stats" | "reports" | "charts" | "lists" | "operations" | "uploads"'.
app/admin/components/dashboard/widgets/AnalysisExpandableCards.tsx(173,39): error TS2345: Argument of type '"analysis"' is not assignable to parameter of type '"stats" | "reports" | "charts" | "lists" | "operations" | "uploads"'.
app/admin/components/dashboard/widgets/AnalysisExpandableCards.tsx(181,48): error TS2345: Argument of type '"analysis"' is not assignable to parameter of type '"stats" | "reports" | "charts" | "lists" | "operations" | "uploads"'.
app/admin/components/dashboard/widgets/AnalysisExpandableCards.tsx(182,39): error TS2345: Argument of type '"analysis"' is not assignable to parameter of type '"stats" | "reports" | "charts" | "lists" | "operations" | "uploads"'.
app/admin/components/dashboard/widgets/AnalysisExpandableCards.tsx(190,48): error TS2345: Argument of type '"analysis"' is not assignable to parameter of type '"stats" | "reports" | "charts" | "lists" | "operations" | "uploads"'.
app/admin/components/dashboard/widgets/AnalysisExpandableCards.tsx(191,39): error TS2345: Argument of type '"analysis"' is not assignable to parameter of type '"stats" | "reports" | "charts" | "lists" | "operations" | "uploads"'.
app/admin/components/dashboard/widgets/AnalysisPagedWidgetV2.tsx(32,40): error TS2322: Type 'Promise<typeof import("/mnt/c/Users/ccohen/Documents/NewPennine/online-stock-control-system/app/admin/components/dashboard/charts/UserActivityHeatmap") | { default: () => Element; }>' is not assignable to type 'Promise<{ default: NamedExoticComponent<UserActivityHeatmapProps>; }>'.
  Type 'typeof import("/mnt/c/Users/ccohen/Documents/NewPennine/online-stock-control-system/app/admin/components/dashboard/charts/UserActivityHeatmap") | { default: () => Element; }' is not assignable to type '{ default: NamedExoticComponent<UserActivityHeatmapProps>; }'.
    Type '{ default: () => React.JSX.Element; }' is not assignable to type '{ default: NamedExoticComponent<UserActivityHeatmapProps>; }'.
      Types of property 'default' are incompatible.
        Property '$$typeof' is missing in type '() => React.JSX.Element' but required in type 'NamedExoticComponent<UserActivityHeatmapProps>'.
app/admin/components/dashboard/widgets/AnalysisPagedWidgetV2.tsx(54,35): error TS2345: Argument of type '"analysis"' is not assignable to parameter of type '"stats" | "reports" | "charts" | "lists" | "operations" | "uploads"'.
app/admin/components/dashboard/widgets/AnalysisPagedWidgetV2.tsx(70,35): error TS2345: Argument of type '"analysis"' is not assignable to parameter of type '"stats" | "reports" | "charts" | "lists" | "operations" | "uploads"'.
app/admin/components/dashboard/widgets/AnalysisPagedWidgetV2.tsx(78,35): error TS2345: Argument of type '"analysis"' is not assignable to parameter of type '"stats" | "reports" | "charts" | "lists" | "operations" | "uploads"'.
app/admin/components/dashboard/widgets/AnalysisPagedWidgetV2.tsx(86,35): error TS2345: Argument of type '"analysis"' is not assignable to parameter of type '"stats" | "reports" | "charts" | "lists" | "operations" | "uploads"'.
app/admin/components/dashboard/widgets/AnalysisPagedWidgetV2.tsx(94,35): error TS2345: Argument of type '"analysis"' is not assignable to parameter of type '"stats" | "reports" | "charts" | "lists" | "operations" | "uploads"'.
app/admin/components/dashboard/widgets/AnalysisPagedWidgetV2.tsx(102,35): error TS2345: Argument of type '"analysis"' is not assignable to parameter of type '"stats" | "reports" | "charts" | "lists" | "operations" | "uploads"'.
app/admin/components/dashboard/widgets/AnalysisPagedWidgetV2.tsx(193,70): error TS2345: Argument of type '"analysis"' is not assignable to parameter of type '"stats" | "reports" | "charts" | "lists" | "operations" | "uploads"'.
app/admin/components/dashboard/widgets/AwaitLocationQtyWidget.tsx(12,67): error TS2339: Property 'widgetId' does not exist on type 'WidgetComponentProps'.
app/admin/components/dashboard/widgets/common/data-display/DataTable.tsx(311,19): error TS2322: Type 'false | { opacity: number; x: number; }' is not assignable to type 'VariantLabels | TargetAndTransition | undefined'.
  Type 'false' is not assignable to type 'VariantLabels | TargetAndTransition | undefined'.
app/admin/components/dashboard/widgets/common/data-display/DataTable.tsx(312,19): error TS2322: Type 'false | { delay: number; }' is not assignable to type 'Transition | undefined'.
  Type 'false' is not assignable to type 'Transition | undefined'.
app/admin/components/dashboard/widgets/common/filters/DateRangeFilter.tsx(130,9): error TS2322: Type '"sm" | "lg" | "md"' is not assignable to type '"default" | "icon" | "sm" | "lg" | null | undefined'.
  Type '"md"' is not assignable to type '"default" | "icon" | "sm" | "lg" | null | undefined'.
app/admin/components/dashboard/widgets/common/WidgetStates.tsx(449,21): error TS2322: Type '"outline" | "secondary" | "ghost" | "primary"' is not assignable to type '"default" | "link" | "destructive" | "outline" | "secondary" | "ghost" | null | undefined'.
  Type '"primary"' is not assignable to type '"default" | "link" | "destructive" | "outline" | "secondary" | "ghost" | null | undefined'.
app/admin/components/dashboard/widgets/common/WidgetStates.tsx(519,15): error TS2322: Type '"outline" | "secondary" | "ghost" | "primary"' is not assignable to type '"default" | "link" | "destructive" | "outline" | "secondary" | "ghost" | null | undefined'.
  Type '"primary"' is not assignable to type '"default" | "link" | "destructive" | "outline" | "secondary" | "ghost" | null | undefined'.
app/admin/components/dashboard/widgets/GrnReportWidget.tsx(543,75): error TS2339: Property 'container' does not exist on type '{ readonly containerPadding: "1rem"; readonly headerGap: "1rem"; readonly betweenWidgets: "1rem"; readonly card: { readonly padding: "1rem"; readonly paddingCompact: "0.75rem"; readonly paddingLarge: "1.5rem"; }; readonly listItem: { ...; }; readonly form: { ...; }; }'.
app/admin/components/dashboard/widgets/GrnReportWidget.tsx(544,73): error TS2339: Property 'gap' does not exist on type '{ readonly container: { readonly base: "px-4 md:px-6 lg:px-8"; readonly compact: "px-3 md:px-4 lg:px-6"; readonly wide: "px-6 md:px-8 lg:px-12"; }; readonly widget: { readonly container: "p-4"; readonly header: "mb-4"; readonly content: "space-y-4"; }; readonly form: { ...; }; readonly list: { ...; }; readonly grid:...'.
app/admin/components/dashboard/widgets/GrnReportWidgetV2.tsx(567,75): error TS2339: Property 'container' does not exist on type '{ readonly containerPadding: "1rem"; readonly headerGap: "1rem"; readonly betweenWidgets: "1rem"; readonly card: { readonly padding: "1rem"; readonly paddingCompact: "0.75rem"; readonly paddingLarge: "1.5rem"; }; readonly listItem: { ...; }; readonly form: { ...; }; }'.
app/admin/components/dashboard/widgets/GrnReportWidgetV2.tsx(568,73): error TS2339: Property 'gap' does not exist on type '{ readonly container: { readonly base: "px-4 md:px-6 lg:px-8"; readonly compact: "px-3 md:px-4 lg:px-6"; readonly wide: "px-6 md:px-8 lg:px-12"; }; readonly widget: { readonly container: "p-4"; readonly header: "mb-4"; readonly content: "space-y-4"; }; readonly form: { ...; }; readonly list: { ...; }; readonly grid:...'.
app/admin/components/dashboard/widgets/HistoryTreeV2.tsx(261,16): error TS2304: Cannot find name 'mode'.
app/admin/components/dashboard/widgets/HistoryTreeV2.tsx(266,16): error TS2304: Cannot find name 'mode'.
app/admin/components/dashboard/widgets/HistoryTreeV2.tsx(271,16): error TS2304: Cannot find name 'mode'.
app/admin/components/dashboard/widgets/HistoryTreeV2.tsx(276,31): error TS2552: Cannot find name 'performanceMetrics'. Did you mean 'PerformanceEntry'?
app/admin/components/dashboard/widgets/HistoryTreeV2.tsx(278,20): error TS2552: Cannot find name 'performanceMetrics'. Did you mean 'PerformanceEntry'?
app/admin/components/dashboard/widgets/HistoryTreeV2.tsx(279,20): error TS2552: Cannot find name 'performanceMetrics'. Did you mean 'PerformanceEntry'?
app/admin/components/dashboard/widgets/HistoryTreeV2.tsx(293,16): error TS2304: Cannot find name 'mode'.
app/admin/components/dashboard/widgets/HistoryTreeV2.tsx(313,42): error TS2345: Argument of type '"special"' is not assignable to parameter of type '"stats" | "charts" | "lists" | "operations" | "uploads" | "reports"'.
app/admin/components/dashboard/widgets/InjectionProductionStatsWidget.tsx(146,9): error TS2322: Type '{ title: any; value: number; label: string; icon: ForwardRefExoticComponent<Omit<SVGProps<SVGSVGElement>, "ref"> & { title?: string | undefined; titleId?: string | undefined; } & RefAttributes<...>>; isEditMode: boolean; }' is not assignable to type 'IntrinsicAttributes & MetricCardProps'.
  Property 'isEditMode' does not exist on type 'IntrinsicAttributes & MetricCardProps'.
app/admin/components/dashboard/widgets/InjectionProductionStatsWidget.tsx(163,7): error TS2322: Type 'string | undefined' is not assignable to type 'Error | null | undefined'.
  Type 'string' is not assignable to type 'Error'.
app/admin/components/dashboard/widgets/InventoryOrderedAnalysisWidget.tsx(80,32): error TS2339: Property 'destructive' does not exist on type '{ readonly success: { readonly light: "#22c55e"; readonly DEFAULT: "#16a34a"; readonly dark: "#15803d"; readonly bg: "#dcfce7"; readonly border: "#86efac"; }; readonly warning: { readonly light: "#facc15"; readonly DEFAULT: "#eab308"; readonly dark: "#ca8a04"; readonly bg: "#fef3c7"; readonly border: "#fde047"; }; r...'.
app/admin/components/dashboard/widgets/InventoryOrderedAnalysisWidget.tsx(194,70): error TS2339: Property 'gap' does not exist on type '{ readonly container: { readonly base: "px-4 md:px-6 lg:px-8"; readonly compact: "px-3 md:px-4 lg:px-6"; readonly wide: "px-6 md:px-8 lg:px-12"; }; readonly widget: { readonly container: "p-4"; readonly header: "mb-4"; readonly content: "space-y-4"; }; readonly form: { ...; }; readonly list: { ...; }; readonly grid:...'.
app/admin/components/dashboard/widgets/InventoryOrderedAnalysisWidget.tsx(246,82): error TS2339: Property 'gap' does not exist on type '{ readonly container: { readonly base: "px-4 md:px-6 lg:px-8"; readonly compact: "px-3 md:px-4 lg:px-6"; readonly wide: "px-6 md:px-8 lg:px-12"; }; readonly widget: { readonly container: "p-4"; readonly header: "mb-4"; readonly content: "space-y-4"; }; readonly form: { ...; }; readonly list: { ...; }; readonly grid:...'.
app/admin/components/dashboard/widgets/InventoryOrderedAnalysisWidget.tsx(246,93): error TS7053: Element implicitly has an 'any' type because expression of type '"heading-base"' can't be used to index type '{ readonly h1: "text-4xl font-bold leading-tight tracking-tight"; readonly h2: "text-3xl font-semibold leading-tight tracking-tight"; readonly h3: "text-2xl font-semibold leading-snug"; ... 16 more ...; readonly truncate: "truncate"; }'.
  Property 'heading-base' does not exist on type '{ readonly h1: "text-4xl font-bold leading-tight tracking-tight"; readonly h2: "text-3xl font-semibold leading-tight tracking-tight"; readonly h3: "text-2xl font-semibold leading-snug"; ... 16 more ...; readonly truncate: "truncate"; }'.
app/admin/components/dashboard/widgets/InventoryOrderedAnalysisWidget.tsx(280,79): error TS2339: Property 'destructive' does not exist on type '{ readonly success: { readonly light: "#22c55e"; readonly DEFAULT: "#16a34a"; readonly dark: "#15803d"; readonly bg: "#dcfce7"; readonly border: "#86efac"; }; readonly warning: { readonly light: "#facc15"; readonly DEFAULT: "#eab308"; readonly dark: "#ca8a04"; readonly bg: "#fef3c7"; readonly border: "#fde047"; }; r...'.
app/admin/components/dashboard/widgets/InventoryOrderedAnalysisWidget.tsx(290,32): error TS7053: Element implicitly has an 'any' type because expression of type '"heading-base"' can't be used to index type '{ readonly h1: "text-4xl font-bold leading-tight tracking-tight"; readonly h2: "text-3xl font-semibold leading-tight tracking-tight"; readonly h3: "text-2xl font-semibold leading-snug"; ... 16 more ...; readonly truncate: "truncate"; }'.
  Property 'heading-base' does not exist on type '{ readonly h1: "text-4xl font-bold leading-tight tracking-tight"; readonly h2: "text-3xl font-semibold leading-tight tracking-tight"; readonly h3: "text-2xl font-semibold leading-snug"; ... 16 more ...; readonly truncate: "truncate"; }'.
app/admin/components/dashboard/widgets/InventoryOrderedAnalysisWidget.tsx(294,32): error TS7053: Element implicitly has an 'any' type because expression of type '"heading-base"' can't be used to index type '{ readonly h1: "text-4xl font-bold leading-tight tracking-tight"; readonly h2: "text-3xl font-semibold leading-tight tracking-tight"; readonly h3: "text-2xl font-semibold leading-snug"; ... 16 more ...; readonly truncate: "truncate"; }'.
  Property 'heading-base' does not exist on type '{ readonly h1: "text-4xl font-bold leading-tight tracking-tight"; readonly h2: "text-3xl font-semibold leading-tight tracking-tight"; readonly h3: "text-2xl font-semibold leading-snug"; ... 16 more ...; readonly truncate: "truncate"; }'.
app/admin/components/dashboard/widgets/InventoryOrderedAnalysisWidget.tsx(301,31): error TS7053: Element implicitly has an 'any' type because expression of type '"heading-base"' can't be used to index type '{ readonly h1: "text-4xl font-bold leading-tight tracking-tight"; readonly h2: "text-3xl font-semibold leading-tight tracking-tight"; readonly h3: "text-2xl font-semibold leading-snug"; ... 16 more ...; readonly truncate: "truncate"; }'.
  Property 'heading-base' does not exist on type '{ readonly h1: "text-4xl font-bold leading-tight tracking-tight"; readonly h2: "text-3xl font-semibold leading-tight tracking-tight"; readonly h3: "text-2xl font-semibold leading-snug"; ... 16 more ...; readonly truncate: "truncate"; }'.
app/admin/components/dashboard/widgets/InventoryOrderedAnalysisWidget.tsx(302,111): error TS2339: Property 'destructive' does not exist on type '{ readonly success: { readonly light: "#22c55e"; readonly DEFAULT: "#16a34a"; readonly dark: "#15803d"; readonly bg: "#dcfce7"; readonly border: "#86efac"; }; readonly warning: { readonly light: "#facc15"; readonly DEFAULT: "#eab308"; readonly dark: "#ca8a04"; readonly bg: "#fef3c7"; readonly border: "#fde047"; }; r...'.
app/admin/components/dashboard/widgets/InventoryOrderedAnalysisWidget.tsx(337,104): error TS2339: Property 'destructive' does not exist on type '{ readonly success: { readonly light: "#22c55e"; readonly DEFAULT: "#16a34a"; readonly dark: "#15803d"; readonly bg: "#dcfce7"; readonly border: "#86efac"; }; readonly warning: { readonly light: "#facc15"; readonly DEFAULT: "#eab308"; readonly dark: "#ca8a04"; readonly bg: "#fef3c7"; readonly border: "#fde047"; }; r...'.
app/admin/components/dashboard/widgets/InventoryOrderedAnalysisWidget.tsx(381,117): error TS2339: Property 'destructive' does not exist on type '{ readonly success: { readonly light: "#22c55e"; readonly DEFAULT: "#16a34a"; readonly dark: "#15803d"; readonly bg: "#dcfce7"; readonly border: "#86efac"; }; readonly warning: { readonly light: "#facc15"; readonly DEFAULT: "#eab308"; readonly dark: "#ca8a04"; readonly bg: "#fef3c7"; readonly border: "#fde047"; }; r...'.
app/admin/components/dashboard/widgets/OrdersListWidgetV2.tsx(264,9): error TS2322: Type 'string | null' is not assignable to type 'Error | null | undefined'.
  Type 'string' is not assignable to type 'Error'.
app/admin/components/dashboard/widgets/OtherFilesListWidgetV2.tsx(222,9): error TS2322: Type 'string | null' is not assignable to type 'Error | null | undefined'.
  Type 'string' is not assignable to type 'Error'.
app/admin/components/dashboard/widgets/PerformanceTestWidget.tsx(11,34): error TS2307: Cannot find module '@/app/admin/types/widget-types' or its corresponding type declarations.
app/admin/components/dashboard/widgets/PerformanceTestWidget.tsx(65,61): error TS7053: Element implicitly has an 'any' type because expression of type '"heading-base"' can't be used to index type '{ readonly h1: "text-4xl font-bold leading-tight tracking-tight"; readonly h2: "text-3xl font-semibold leading-tight tracking-tight"; readonly h3: "text-2xl font-semibold leading-snug"; ... 16 more ...; readonly truncate: "truncate"; }'.
  Property 'heading-base' does not exist on type '{ readonly h1: "text-4xl font-bold leading-tight tracking-tight"; readonly h2: "text-3xl font-semibold leading-tight tracking-tight"; readonly h3: "text-2xl font-semibold leading-snug"; ... 16 more ...; readonly truncate: "truncate"; }'.
app/admin/components/dashboard/widgets/PerformanceTestWidget.tsx(105,34): error TS7053: Element implicitly has an 'any' type because expression of type '"heading-large"' can't be used to index type '{ readonly h1: "text-4xl font-bold leading-tight tracking-tight"; readonly h2: "text-3xl font-semibold leading-tight tracking-tight"; readonly h3: "text-2xl font-semibold leading-snug"; ... 16 more ...; readonly truncate: "truncate"; }'.
  Property 'heading-large' does not exist on type '{ readonly h1: "text-4xl font-bold leading-tight tracking-tight"; readonly h2: "text-3xl font-semibold leading-tight tracking-tight"; readonly h3: "text-2xl font-semibold leading-snug"; ... 16 more ...; readonly truncate: "truncate"; }'.
app/admin/components/dashboard/widgets/PerformanceTestWidget.tsx(121,34): error TS7053: Element implicitly has an 'any' type because expression of type '"heading-large"' can't be used to index type '{ readonly h1: "text-4xl font-bold leading-tight tracking-tight"; readonly h2: "text-3xl font-semibold leading-tight tracking-tight"; readonly h3: "text-2xl font-semibold leading-snug"; ... 16 more ...; readonly truncate: "truncate"; }'.
  Property 'heading-large' does not exist on type '{ readonly h1: "text-4xl font-bold leading-tight tracking-tight"; readonly h2: "text-3xl font-semibold leading-tight tracking-tight"; readonly h3: "text-2xl font-semibold leading-snug"; ... 16 more ...; readonly truncate: "truncate"; }'.
app/admin/components/dashboard/widgets/ProductDistributionChartWidget.tsx(35,23): error TS2339: Property 'primary' does not exist on type '{ readonly gradient: "from-indigo-500 to-purple-500"; readonly icon: "#6366f1"; readonly text: "#4f46e5"; readonly bg: "bg-indigo-500/10"; readonly border: "border-indigo-500/30"; }'.
app/admin/components/dashboard/widgets/ProductDistributionChartWidget.tsx(38,18): error TS2339: Property 'destructive' does not exist on type '{ readonly success: { readonly light: "#22c55e"; readonly DEFAULT: "#16a34a"; readonly dark: "#15803d"; readonly bg: "#dcfce7"; readonly border: "#86efac"; }; readonly warning: { readonly light: "#facc15"; readonly DEFAULT: "#eab308"; readonly dark: "#ca8a04"; readonly bg: "#fef3c7"; readonly border: "#fde047"; }; r...'.
app/admin/components/dashboard/widgets/ProductDistributionChartWidget.tsx(42,23): error TS2339: Property 'grid' does not exist on type '{ readonly gradient: "from-indigo-500 to-purple-500"; readonly icon: "#6366f1"; readonly text: "#4f46e5"; readonly bg: "bg-indigo-500/10"; readonly border: "border-indigo-500/30"; }'.
app/admin/components/dashboard/widgets/ProductDistributionChartWidget.tsx(43,23): error TS2339: Property 'accent' does not exist on type '{ readonly gradient: "from-indigo-500 to-purple-500"; readonly icon: "#6366f1"; readonly text: "#4f46e5"; readonly bg: "bg-indigo-500/10"; readonly border: "border-indigo-500/30"; }'.
app/admin/components/dashboard/widgets/ProductDistributionChartWidget.tsx(44,15): error TS2339: Property 'accent' does not exist on type '{ readonly primary: { readonly 50: "#fff7ed"; readonly 100: "#ffedd5"; readonly 200: "#fed7aa"; readonly 300: "#fdba74"; readonly 400: "#fb923c"; readonly 500: "#f97316"; readonly 600: "#ea580c"; readonly 700: "#c2410c"; readonly 800: "#9a3412"; readonly 900: "#7c2d12"; }; readonly secondary: { ...; }; }'.
app/admin/components/dashboard/widgets/ProductDistributionChartWidget.tsx(164,93): error TS2339: Property 'primary' does not exist on type '{ readonly gradient: "from-indigo-500 to-purple-500"; readonly icon: "#6366f1"; readonly text: "#4f46e5"; readonly bg: "bg-indigo-500/10"; readonly border: "border-indigo-500/30"; }'.
app/admin/components/dashboard/widgets/ProductionDetailsWidget.tsx(23,15): error TS2305: Module '"./common/data-display/DataTable"' has no exported member 'Column'.
app/admin/components/dashboard/widgets/ProductionDetailsWidget.tsx(23,23): error TS2305: Module '"./common/data-display/DataTable"' has no exported member 'TableData'.
app/admin/components/dashboard/widgets/ProductionDetailsWidget.tsx(148,16): error TS7006: Parameter 'value' implicitly has an 'any' type.
app/admin/components/dashboard/widgets/ProductionDetailsWidget.tsx(159,16): error TS7006: Parameter 'value' implicitly has an 'any' type.
app/admin/components/dashboard/widgets/ProductionDetailsWidget.tsx(189,9): error TS2322: Type 'boolean' is not assignable to type '{ enabled: boolean; pageSize?: number | undefined; loadMore?: boolean | undefined; hasMore?: boolean | undefined; onLoadMore?: (() => void) | undefined; loadingMore?: boolean | undefined; totalCount?: number | undefined; remainingCount?: number | undefined; }'.
app/admin/components/dashboard/widgets/ProductionStatsWidget.tsx(129,9): error TS2322: Type '{ title: string; value: number; label: string; icon: ForwardRefExoticComponent<Omit<SVGProps<SVGSVGElement>, "ref"> & { title?: string | undefined; titleId?: string | undefined; } & RefAttributes<...>>; isEditMode: boolean; }' is not assignable to type 'IntrinsicAttributes & MetricCardProps'.
  Property 'isEditMode' does not exist on type 'IntrinsicAttributes & MetricCardProps'.
app/admin/components/dashboard/widgets/ProductionStatsWidget.tsx(146,7): error TS2322: Type 'string | undefined' is not assignable to type 'Error | null | undefined'.
  Type 'string' is not assignable to type 'Error'.
app/admin/components/dashboard/widgets/ReportGeneratorWithDialogWidgetV2.tsx(210,28): error TS7053: Element implicitly has an 'any' type because expression of type '"heading-large"' can't be used to index type '{ readonly h1: "text-4xl font-bold leading-tight tracking-tight"; readonly h2: "text-3xl font-semibold leading-tight tracking-tight"; readonly h3: "text-2xl font-semibold leading-snug"; ... 16 more ...; readonly truncate: "truncate"; }'.
  Property 'heading-large' does not exist on type '{ readonly h1: "text-4xl font-bold leading-tight tracking-tight"; readonly h2: "text-3xl font-semibold leading-tight tracking-tight"; readonly h3: "text-2xl font-semibold leading-snug"; ... 16 more ...; readonly truncate: "truncate"; }'.
app/admin/components/dashboard/widgets/ReportGeneratorWithDialogWidgetV2.tsx(244,93): error TS2339: Property 'destructive' does not exist on type '{ readonly success: { readonly light: "#22c55e"; readonly DEFAULT: "#16a34a"; readonly dark: "#15803d"; readonly bg: "#dcfce7"; readonly border: "#86efac"; }; readonly warning: { readonly light: "#facc15"; readonly DEFAULT: "#eab308"; readonly dark: "#ca8a04"; readonly bg: "#fef3c7"; readonly border: "#fde047"; }; r...'.
app/admin/components/dashboard/widgets/ReprintLabelWidget.tsx(180,72): error TS2339: Property 'container' does not exist on type '{ readonly containerPadding: "1rem"; readonly headerGap: "1rem"; readonly betweenWidgets: "1rem"; readonly card: { readonly padding: "1rem"; readonly paddingCompact: "0.75rem"; readonly paddingLarge: "1.5rem"; }; readonly listItem: { ...; }; readonly form: { ...; }; }'.
app/admin/components/dashboard/widgets/ReprintLabelWidget.tsx(181,73): error TS2339: Property 'gap' does not exist on type '{ readonly container: { readonly base: "px-4 md:px-6 lg:px-8"; readonly compact: "px-3 md:px-4 lg:px-6"; readonly wide: "px-6 md:px-8 lg:px-12"; }; readonly widget: { readonly container: "p-4"; readonly header: "mb-4"; readonly content: "space-y-4"; }; readonly form: { ...; }; readonly list: { ...; }; readonly grid:...'.
app/admin/components/dashboard/widgets/StatsCardWidget.tsx(81,48): error TS2345: Argument of type '"success"' is not assignable to parameter of type '"border" | "gradient" | "text" | "icon" | "bg" | undefined'.
app/admin/components/dashboard/widgets/StatsCardWidget.tsx(83,48): error TS2345: Argument of type '"destructive"' is not assignable to parameter of type '"border" | "gradient" | "text" | "icon" | "bg" | undefined'.
app/admin/components/dashboard/widgets/StatsCardWidget.tsx(85,48): error TS2345: Argument of type '"warning"' is not assignable to parameter of type '"border" | "gradient" | "text" | "icon" | "bg" | undefined'.
app/admin/components/dashboard/widgets/StatsCardWidget.tsx(87,48): error TS2345: Argument of type '"primary"' is not assignable to parameter of type '"border" | "gradient" | "text" | "icon" | "bg" | undefined'.
app/admin/components/dashboard/widgets/StatsCardWidget.tsx(108,51): error TS2345: Argument of type '"accent"' is not assignable to parameter of type '"border" | "gradient" | "text" | "icon" | "bg" | undefined'.
app/admin/components/dashboard/widgets/StockDistributionChart.tsx(164,38): error TS2339: Property 'DEFAULT' does not exist on type '{ readonly 50: "#fff7ed"; readonly 100: "#ffedd5"; readonly 200: "#fed7aa"; readonly 300: "#fdba74"; readonly 400: "#fb923c"; readonly 500: "#f97316"; readonly 600: "#ea580c"; readonly 700: "#c2410c"; readonly 800: "#9a3412"; readonly 900: "#7c2d12"; }'.
app/admin/components/dashboard/widgets/StockDistributionChart.tsx(165,39): error TS2339: Property 'DEFAULT' does not exist on type '{ readonly 50: "#f0f9ff"; readonly 100: "#e0f2fe"; readonly 200: "#bae6fd"; readonly 300: "#7dd3fc"; readonly 400: "#38bdf8"; readonly 500: "#0ea5e9"; readonly 600: "#0284c7"; readonly 700: "#0369a1"; readonly 800: "#075985"; readonly 900: "#0c4a6e"; }'.
app/admin/components/dashboard/widgets/StockDistributionChart.tsx(173,54): error TS2339: Property 'DEFAULT' does not exist on type '{ readonly 50: "#fff7ed"; readonly 100: "#ffedd5"; readonly 200: "#fed7aa"; readonly 300: "#fdba74"; readonly 400: "#fb923c"; readonly 500: "#f97316"; readonly 600: "#ea580c"; readonly 700: "#c2410c"; readonly 800: "#9a3412"; readonly 900: "#7c2d12"; }'.
app/admin/components/dashboard/widgets/StockDistributionChart.tsx(216,29): error TS7053: Element implicitly has an 'any' type because expression of type '"body-medium"' can't be used to index type '{ readonly h1: "text-4xl font-bold leading-tight tracking-tight"; readonly h2: "text-3xl font-semibold leading-tight tracking-tight"; readonly h3: "text-2xl font-semibold leading-snug"; ... 16 more ...; readonly truncate: "truncate"; }'.
  Property 'body-medium' does not exist on type '{ readonly h1: "text-4xl font-bold leading-tight tracking-tight"; readonly h2: "text-3xl font-semibold leading-tight tracking-tight"; readonly h3: "text-2xl font-semibold leading-snug"; ... 16 more ...; readonly truncate: "truncate"; }'.
app/admin/components/dashboard/widgets/StockDistributionChart.tsx(233,25): error TS2322: Type '"chart"' is not assignable to type 'SkeletonType | undefined'.
app/admin/components/dashboard/widgets/StockDistributionChart.tsx(292,58): error TS2339: Property 'container' does not exist on type '{ readonly containerPadding: "1rem"; readonly headerGap: "1rem"; readonly betweenWidgets: "1rem"; readonly card: { readonly padding: "1rem"; readonly paddingCompact: "0.75rem"; readonly paddingLarge: "1.5rem"; }; readonly listItem: { ...; }; readonly form: { ...; }; }'.
app/admin/components/dashboard/widgets/StockDistributionChart.tsx(301,41): error TS2339: Property 'DEFAULT' does not exist on type '{ readonly 50: "#fff7ed"; readonly 100: "#ffedd5"; readonly 200: "#fed7aa"; readonly 300: "#fdba74"; readonly 400: "#fb923c"; readonly 500: "#f97316"; readonly 600: "#ea580c"; readonly 700: "#c2410c"; readonly 800: "#9a3412"; readonly 900: "#7c2d12"; }'.
app/admin/components/dashboard/widgets/StockDistributionChart.tsx(302,15): error TS2769: No overload matches this call.
  Overload 1 of 2, '(props: Props): Treemap', gave the following error.
    Type '({ x, y, width, height, payload }: { x: any; y: any; width: any; height: any; payload: any; }) => Element | null' is not assignable to type 'ReactElement<any, string | JSXElementConstructor<any>>'.
  Overload 2 of 2, '(props: Props, context: any): Treemap', gave the following error.
    Type '({ x, y, width, height, payload }: { x: any; y: any; width: any; height: any; payload: any; }) => Element | null' is not assignable to type 'ReactElement<any, string | JSXElementConstructor<any>>'.
app/admin/components/dashboard/widgets/StockDistributionChart.tsx(302,27): error TS7031: Binding element 'x' implicitly has an 'any' type.
app/admin/components/dashboard/widgets/StockDistributionChart.tsx(302,30): error TS7031: Binding element 'y' implicitly has an 'any' type.
app/admin/components/dashboard/widgets/StockDistributionChart.tsx(302,33): error TS7031: Binding element 'width' implicitly has an 'any' type.
app/admin/components/dashboard/widgets/StockDistributionChart.tsx(302,40): error TS7031: Binding element 'height' implicitly has an 'any' type.
app/admin/components/dashboard/widgets/StockDistributionChart.tsx(302,48): error TS7031: Binding element 'payload' implicitly has an 'any' type.
app/admin/components/dashboard/widgets/StockDistributionChartV2.tsx(65,7): error TS2353: Object literal may only specify known properties, and 'limit' does not exist in type '{ type?: string | undefined; warehouseId?: string | undefined; }'.
app/admin/components/dashboard/widgets/StockDistributionChartV2.tsx(70,5): error TS2769: No overload matches this call.
  Overload 1 of 3, '(options: DefinedInitialDataOptions<unknown, Error, unknown, string[]>, queryClient?: QueryClient | undefined): DefinedUseQueryResult<unknown, Error>', gave the following error.
    Object literal may only specify known properties, and 'cacheTime' does not exist in type 'DefinedInitialDataOptions<unknown, Error, unknown, string[]>'.
  Overload 2 of 3, '(options: UndefinedInitialDataOptions<APIResponse<any>, Error, APIResponse<any>, string[]>, queryClient?: QueryClient | undefined): UseQueryResult<...>', gave the following error.
    Object literal may only specify known properties, and 'cacheTime' does not exist in type 'UndefinedInitialDataOptions<APIResponse<any>, Error, APIResponse<any>, string[]>'.
  Overload 3 of 3, '(options: UseQueryOptions<APIResponse<any>, Error, APIResponse<any>, string[]>, queryClient?: QueryClient | undefined): UseQueryResult<...>', gave the following error.
    Object literal may only specify known properties, and 'cacheTime' does not exist in type 'UseQueryOptions<APIResponse<any>, Error, APIResponse<any>, string[]>'.
app/admin/components/dashboard/widgets/StockDistributionChartV2.tsx(77,29): error TS2339: Property 'success' does not exist on type '{}'.
app/admin/components/dashboard/widgets/StockDistributionChartV2.tsx(77,49): error TS2339: Property 'data' does not exist on type '{}'.
app/admin/components/dashboard/widgets/StockDistributionChartV2.tsx(77,65): error TS2339: Property 'data' does not exist on type '{}'.
app/admin/components/dashboard/widgets/StockDistributionChartV2.tsx(77,87): error TS2339: Property 'data' does not exist on type '{}'.
app/admin/components/dashboard/widgets/StockDistributionChartV2.tsx(78,21): error TS2448: Block-scoped variable 'processStockDistributionData' used before its declaration.
app/admin/components/dashboard/widgets/StockDistributionChartV2.tsx(78,21): error TS2454: Variable 'processStockDistributionData' is used before being assigned.
app/admin/components/dashboard/widgets/StockDistributionChartV2.tsx(82,30): error TS2339: Property 'responseTime' does not exist on type '{}'.
app/admin/components/dashboard/widgets/StockDistributionChartV2.tsx(106,27): error TS2339: Property 'primary' does not exist on type '{ readonly gradient: "from-indigo-500 to-purple-500"; readonly icon: "#6366f1"; readonly text: "#4f46e5"; readonly bg: "bg-indigo-500/10"; readonly border: "border-indigo-500/30"; }'.
app/admin/components/dashboard/widgets/StockDistributionChartV2.tsx(107,27): error TS2339: Property 'secondary' does not exist on type '{ readonly gradient: "from-indigo-500 to-purple-500"; readonly icon: "#6366f1"; readonly text: "#4f46e5"; readonly bg: "bg-indigo-500/10"; readonly border: "border-indigo-500/30"; }'.
app/admin/components/dashboard/widgets/StockDistributionChartV2.tsx(108,27): error TS2339: Property 'accent' does not exist on type '{ readonly gradient: "from-indigo-500 to-purple-500"; readonly icon: "#6366f1"; readonly text: "#4f46e5"; readonly bg: "bg-indigo-500/10"; readonly border: "border-indigo-500/30"; }'.
app/admin/components/dashboard/widgets/StockDistributionChartV2.tsx(114,19): error TS2339: Property 'accent' does not exist on type '{ readonly primary: { readonly 50: "#fff7ed"; readonly 100: "#ffedd5"; readonly 200: "#fed7aa"; readonly 300: "#fdba74"; readonly 400: "#fb923c"; readonly 500: "#f97316"; readonly 600: "#ea580c"; readonly 700: "#c2410c"; readonly 800: "#9a3412"; readonly 900: "#7c2d12"; }; readonly secondary: { ...; }; }'.
app/admin/components/dashboard/widgets/StockDistributionChartV2.tsx(115,27): error TS2339: Property 'grid' does not exist on type '{ readonly gradient: "from-indigo-500 to-purple-500"; readonly icon: "#6366f1"; readonly text: "#4f46e5"; readonly bg: "bg-indigo-500/10"; readonly border: "border-indigo-500/30"; }'.
app/admin/components/dashboard/widgets/StockLevelHistoryChart.tsx(56,23): error TS2339: Property 'primary' does not exist on type '{ readonly gradient: "from-indigo-500 to-purple-500"; readonly icon: "#6366f1"; readonly text: "#4f46e5"; readonly bg: "bg-indigo-500/10"; readonly border: "border-indigo-500/30"; }'.
app/admin/components/dashboard/widgets/StockLevelHistoryChart.tsx(59,18): error TS2339: Property 'destructive' does not exist on type '{ readonly success: { readonly light: "#22c55e"; readonly DEFAULT: "#16a34a"; readonly dark: "#15803d"; readonly bg: "#dcfce7"; readonly border: "#86efac"; }; readonly warning: { readonly light: "#facc15"; readonly DEFAULT: "#eab308"; readonly dark: "#ca8a04"; readonly bg: "#fef3c7"; readonly border: "#fde047"; }; r...'.
app/admin/components/dashboard/widgets/StockLevelHistoryChart.tsx(60,23): error TS2339: Property 'accent' does not exist on type '{ readonly gradient: "from-indigo-500 to-purple-500"; readonly icon: "#6366f1"; readonly text: "#4f46e5"; readonly bg: "bg-indigo-500/10"; readonly border: "border-indigo-500/30"; }'.
app/admin/components/dashboard/widgets/StockLevelHistoryChart.tsx(329,26): error TS2339: Property 'gap' does not exist on type '{ readonly container: { readonly base: "px-4 md:px-6 lg:px-8"; readonly compact: "px-3 md:px-4 lg:px-6"; readonly wide: "px-6 md:px-8 lg:px-12"; }; readonly widget: { readonly container: "p-4"; readonly header: "mb-4"; readonly content: "space-y-4"; }; readonly form: { ...; }; readonly list: { ...; }; readonly grid:...'.
app/admin/components/dashboard/widgets/StockLevelHistoryChart.tsx(332,92): error TS2339: Property 'gap' does not exist on type '{ readonly container: { readonly base: "px-4 md:px-6 lg:px-8"; readonly compact: "px-3 md:px-4 lg:px-6"; readonly wide: "px-6 md:px-8 lg:px-12"; }; readonly widget: { readonly container: "p-4"; readonly header: "mb-4"; readonly content: "space-y-4"; }; readonly form: { ...; }; readonly list: { ...; }; readonly grid:...'.
app/admin/components/dashboard/widgets/StockLevelHistoryChart.tsx(385,43): error TS2339: Property 'grid' does not exist on type '{ readonly gradient: "from-indigo-500 to-purple-500"; readonly icon: "#6366f1"; readonly text: "#4f46e5"; readonly bg: "bg-indigo-500/10"; readonly border: "border-indigo-500/30"; }'.
app/admin/components/dashboard/widgets/StockLevelHistoryChart.tsx(390,43): error TS2339: Property 'axis' does not exist on type '{ readonly gradient: "from-indigo-500 to-purple-500"; readonly icon: "#6366f1"; readonly text: "#4f46e5"; readonly bg: "bg-indigo-500/10"; readonly border: "border-indigo-500/30"; }'.
app/admin/components/dashboard/widgets/StockLevelHistoryChart.tsx(400,43): error TS2339: Property 'axis' does not exist on type '{ readonly gradient: "from-indigo-500 to-purple-500"; readonly icon: "#6366f1"; readonly text: "#4f46e5"; readonly bg: "bg-indigo-500/10"; readonly border: "border-indigo-500/30"; }'.
app/admin/components/dashboard/widgets/SupplierUpdateWidgetV2.tsx(56,5): error TS2345: Argument of type '{}' is not assignable to parameter of type 'string'.
app/admin/components/dashboard/widgets/TransferTimeDistributionWidget.tsx(49,9): error TS2488: Type 'UseInViewportReturn' must have a '[Symbol.iterator]()' method that returns an iterator.
app/admin/components/dashboard/widgets/TransferTimeDistributionWidget.tsx(50,5): error TS2353: Object literal may only specify known properties, and 'threshold' does not exist in type 'RefObject<HTMLDivElement>'.
app/admin/components/dashboard/widgets/TransferTimeDistributionWidget.tsx(153,11): error TS2322: Type '{ title: string; icon: ForwardRefExoticComponent<Omit<SVGProps<SVGSVGElement>, "ref"> & { title?: string | undefined; titleId?: string | undefined; } & RefAttributes<SVGSVGElement>>; }' is not assignable to type 'IntrinsicAttributes & Omit<ChartSkeletonProps, "type">'.
  Property 'title' does not exist on type 'IntrinsicAttributes & Omit<ChartSkeletonProps, "type">'.
app/admin/components/dashboard/widgets/TransferTimeDistributionWidget.tsx(164,11): error TS2322: Type '{ title: string; icon: ForwardRefExoticComponent<Omit<SVGProps<SVGSVGElement>, "ref"> & { title?: string | undefined; titleId?: string | undefined; } & RefAttributes<SVGSVGElement>>; }' is not assignable to type 'IntrinsicAttributes & Omit<ChartSkeletonProps, "type">'.
  Property 'title' does not exist on type 'IntrinsicAttributes & Omit<ChartSkeletonProps, "type">'.
app/admin/components/dashboard/widgets/TransferTimeDistributionWidget.tsx(215,9): error TS2322: Type 'string' is not assignable to type '{ start: Date; end: Date; }'.
app/admin/components/dashboard/widgets/VoidPalletWidget.tsx(785,23): error TS2304: Cannot find name 'dismiss'.
app/admin/components/dashboard/widgets/WarehouseTransferListWidget.tsx(199,13): error TS2353: Object literal may only specify known properties, and 'mode' does not exist in type '{ source?: string | undefined; fetchTime?: number | undefined; optimized?: boolean | undefined; }'.
app/admin/components/dashboard/widgets/WarehouseTransferListWidget.tsx(224,13): error TS2353: Object literal may only specify known properties, and 'mode' does not exist in type '{ source?: string | undefined; fetchTime?: number | undefined; optimized?: boolean | undefined; }'.
app/admin/components/dashboard/widgets/WarehouseTransferListWidget.tsx(242,9): error TS2322: Type 'string | null' is not assignable to type 'Error | null | undefined'.
  Type 'string' is not assignable to type 'Error'.
app/admin/components/dashboard/widgets/WarehouseWorkLevelAreaChart.tsx(84,7): error TS2304: Cannot find name 'useGetWarehouseWorkLevelQuery'.
app/admin/components/dashboard/widgets/WarehouseWorkLevelAreaChart.tsx(253,104): error TS2339: Property 'destructive' does not exist on type '{ readonly success: { readonly light: "#22c55e"; readonly DEFAULT: "#16a34a"; readonly dark: "#15803d"; readonly bg: "#dcfce7"; readonly border: "#86efac"; }; readonly warning: { readonly light: "#facc15"; readonly DEFAULT: "#eab308"; readonly dark: "#ca8a04"; readonly bg: "#fef3c7"; readonly border: "#fde047"; }; r...'.
app/admin/components/dashboard/widgets/WarehouseWorkLevelAreaChart.tsx(272,84): error TS2339: Property 'grid' does not exist on type '{ readonly gradient: "from-indigo-500 to-purple-500"; readonly icon: "#6366f1"; readonly text: "#4f46e5"; readonly bg: "bg-indigo-500/10"; readonly border: "border-indigo-500/30"; }'.
app/admin/components/dashboard/widgets/WarehouseWorkLevelAreaChart.tsx(273,69): error TS2339: Property 'axis' does not exist on type '{ readonly gradient: "from-indigo-500 to-purple-500"; readonly icon: "#6366f1"; readonly text: "#4f46e5"; readonly bg: "bg-indigo-500/10"; readonly border: "border-indigo-500/30"; }'.
app/admin/components/dashboard/widgets/WarehouseWorkLevelAreaChart.tsx(274,54): error TS2339: Property 'axis' does not exist on type '{ readonly gradient: "from-indigo-500 to-purple-500"; readonly icon: "#6366f1"; readonly text: "#4f46e5"; readonly bg: "bg-indigo-500/10"; readonly border: "border-indigo-500/30"; }'.
app/admin/components/dashboard/widgets/WarehouseWorkLevelAreaChart.tsx(292,49): error TS2339: Property 'primary' does not exist on type '{ readonly gradient: "from-indigo-500 to-purple-500"; readonly icon: "#6366f1"; readonly text: "#4f46e5"; readonly bg: "bg-indigo-500/10"; readonly border: "border-indigo-500/30"; }'.
app/admin/components/dashboard/widgets/WarehouseWorkLevelAreaChart.tsx(293,47): error TS2339: Property 'primary' does not exist on type '{ readonly gradient: "from-indigo-500 to-purple-500"; readonly icon: "#6366f1"; readonly text: "#4f46e5"; readonly bg: "bg-indigo-500/10"; readonly border: "border-indigo-500/30"; }'.
app/admin/components/dashboard/widgets/WarehouseWorkLevelAreaChart.tsx(304,36): error TS2339: Property 'gap' does not exist on type '{ readonly container: { readonly base: "px-4 md:px-6 lg:px-8"; readonly compact: "px-3 md:px-4 lg:px-6"; readonly wide: "px-6 md:px-8 lg:px-12"; }; readonly widget: { readonly container: "p-4"; readonly header: "mb-4"; readonly content: "space-y-4"; }; readonly form: { ...; }; readonly list: { ...; }; readonly grid:...'.
app/admin/components/dashboard/widgets/YesterdayTransferCountWidget.tsx(77,9): error TS2322: Type '{ title: string; value: number; label: string; icon: ForwardRefExoticComponent<Omit<SVGProps<SVGSVGElement>, "ref"> & { title?: string | undefined; titleId?: string | undefined; } & RefAttributes<...>>; isEditMode: boolean; }' is not assignable to type 'IntrinsicAttributes & MetricCardProps'.
  Property 'isEditMode' does not exist on type 'IntrinsicAttributes & MetricCardProps'.
app/admin/components/dashboard/widgets/YesterdayTransferCountWidget.tsx(98,7): error TS2322: Type '{ title: string; value: number; label: string; icon: ForwardRefExoticComponent<Omit<SVGProps<SVGSVGElement>, "ref"> & { title?: string | undefined; titleId?: string | undefined; } & RefAttributes<...>>; ... 9 more ...; widgetType: any; }' is not assignable to type 'IntrinsicAttributes & MetricCardProps'.
  Property 'onRetry' does not exist on type 'IntrinsicAttributes & MetricCardProps'.
app/admin/components/performance-monitor/PerformanceMonitor.tsx(4,58): error TS2307: Cannot find module '@/app/components/ui/card' or its corresponding type declarations.
app/admin/components/performance-monitor/PerformanceMonitor.tsx(5,26): error TS2307: Cannot find module '@/app/components/ui/progress' or its corresponding type declarations.
app/admin/components/performance-monitor/PerformanceMonitor.tsx(6,41): error TS2307: Cannot find module '@/app/components/ui/alert' or its corresponding type declarations.
app/admin/components/performance-monitor/PerformanceMonitor.tsx(7,23): error TS2307: Cannot find module '@/app/components/ui/badge' or its corresponding type declarations.
app/admin/examples/dashboard-data-context-usage.tsx(141,38): error TS7006: Parameter 'warehouse' implicitly has an 'any' type.
app/admin/examples/dashboard-integration-example.tsx(6,37): error TS2307: Cannot find module '@/components/ui/date-range-picker' or its corresponding type declarations.
app/admin/examples/dashboard-integration-example.tsx(19,22): error TS7006: Parameter 'range' implicitly has an 'any' type.
app/admin/examples/dashboard-integration-example.tsx(51,12): error TS2739: Type '{}' is missing the following properties from type 'AdminDashboardContentProps': theme, timeFrame
app/admin/hooks/server/prefetch.server.ts(3,10): error TS2724: '"../useDashboardConcurrentQuery"' has no exported member named 'DashboardBatchQueryData'. Did you mean 'useDashboardBatchQuery'?
app/admin/hooks/useDashboardConcurrentQuery.ts(178,9): error TS2322: Type '"concurrent"' is not assignable to type '"batch" | "widget"'.
app/admin/hooks/useDashboardConcurrentQuery.ts(198,30): error TS2551: Property 'recordMetrics' does not exist on type 'SimplePerformanceMonitor'. Did you mean 'recordMetric'?
app/admin/hooks/useDashboardConcurrentQuery.ts(225,26): error TS2769: No overload matches this call.
  Overload 1 of 3, '(options: DefinedInitialDataOptions<unknown, Error, unknown, (string | undefined)[]>, queryClient?: QueryClient | undefined): DefinedUseQueryResult<unknown, Error>', gave the following error.
    Argument of type '{ staleTime: number; cacheTime: number; refetchOnWindowFocus: boolean; refetchOnMount: boolean; refetchOnReconnect: boolean; refetchInterval: boolean; retry: number; retryDelay: number; queryKey: (string | undefined)[]; queryFn: () => Promise<DashboardBatchQueryData>; enabled: boolean; }' is not assignable to parameter of type 'DefinedInitialDataOptions<unknown, Error, unknown, (string | undefined)[]>'.
      Type '{ staleTime: number; cacheTime: number; refetchOnWindowFocus: boolean; refetchOnMount: boolean; refetchOnReconnect: boolean; refetchInterval: boolean; retry: number; retryDelay: number; queryKey: (string | undefined)[]; queryFn: () => Promise<DashboardBatchQueryData>; enabled: boolean; }' is not assignable to type 'Omit<UseQueryOptions<unknown, Error, unknown, (string | undefined)[]>, "queryFn">'.
        Types of property 'refetchInterval' are incompatible.
          Type 'boolean' is not assignable to type 'number | false | ((query: Query<unknown, Error, unknown, (string | undefined)[]>) => number | false | undefined) | undefined'.
  Overload 2 of 3, '(options: UndefinedInitialDataOptions<DashboardBatchQueryData, Error, DashboardBatchQueryData, (string | undefined)[]>, queryClient?: QueryClient | undefined): UseQueryResult<...>', gave the following error.
    Argument of type '{ staleTime: number; cacheTime: number; refetchOnWindowFocus: boolean; refetchOnMount: boolean; refetchOnReconnect: boolean; refetchInterval: boolean; retry: number; retryDelay: number; queryKey: (string | undefined)[]; queryFn: () => Promise<DashboardBatchQueryData>; enabled: boolean; }' is not assignable to parameter of type 'UndefinedInitialDataOptions<DashboardBatchQueryData, Error, DashboardBatchQueryData, (string | undefined)[]>'.
      Type '{ staleTime: number; cacheTime: number; refetchOnWindowFocus: boolean; refetchOnMount: boolean; refetchOnReconnect: boolean; refetchInterval: boolean; retry: number; retryDelay: number; queryKey: (string | undefined)[]; queryFn: () => Promise<DashboardBatchQueryData>; enabled: boolean; }' is not assignable to type 'UseQueryOptions<DashboardBatchQueryData, Error, DashboardBatchQueryData, (string | undefined)[]>'.
        Types of property 'refetchInterval' are incompatible.
          Type 'boolean' is not assignable to type 'number | false | ((query: Query<DashboardBatchQueryData, Error, DashboardBatchQueryData, (string | undefined)[]>) => number | ... 1 more ... | undefined) | undefined'.
  Overload 3 of 3, '(options: UseQueryOptions<DashboardBatchQueryData, Error, DashboardBatchQueryData, (string | undefined)[]>, queryClient?: QueryClient | undefined): UseQueryResult<...>', gave the following error.
    Argument of type '{ staleTime: number; cacheTime: number; refetchOnWindowFocus: boolean; refetchOnMount: boolean; refetchOnReconnect: boolean; refetchInterval: boolean; retry: number; retryDelay: number; queryKey: (string | undefined)[]; queryFn: () => Promise<DashboardBatchQueryData>; enabled: boolean; }' is not assignable to parameter of type 'UseQueryOptions<DashboardBatchQueryData, Error, DashboardBatchQueryData, (string | undefined)[]>'.
      Types of property 'refetchInterval' are incompatible.
        Type 'boolean' is not assignable to type 'number | false | ((query: Query<DashboardBatchQueryData, Error, DashboardBatchQueryData, (string | undefined)[]>) => number | ... 1 more ... | undefined) | undefined'.
app/admin/hooks/useDashboardConcurrentQuery.ts(281,16): error TS2345: Argument of type '{ type: "widget"; widgetId: string; message: string; details: unknown; timestamp: Date; }' is not assignable to parameter of type 'SetStateAction<DashboardBatchQueryError | null>'.
  Property 'name' is missing in type '{ type: "widget"; widgetId: string; message: string; details: unknown; timestamp: Date; }' but required in type 'DashboardBatchQueryError'.
app/admin/hooks/useDashboardConcurrentQuery.ts(303,5): error TS2322: Type 'DashboardBatchQueryError | { type: "concurrent"; message: string; timestamp: Date; } | null' is not assignable to type 'DashboardBatchQueryError | null'.
  Property 'name' is missing in type '{ type: "concurrent"; message: string; timestamp: Date; }' but required in type 'DashboardBatchQueryError'.
app/admin/hooks/useUnifiedAPI.ts(190,9): error TS2322: Type 'TVariables | undefined' is not assignable to type 'Record<string, any> | undefined'.
  Type 'TVariables' is not assignable to type 'Record<string, any> | undefined'.
app/admin/hooks/useUnifiedAPI.ts(192,11): error TS2322: Type 'string | undefined' is not assignable to type 'string'.
  Type 'undefined' is not assignable to type 'string'.
app/admin/hooks/useUnifiedAPI.ts(192,34): error TS2339: Property 'access_token' does not exist on type 'User'.
app/admin/hooks/useUnifiedAPI.ts(192,64): error TS2339: Property 'access_token' does not exist on type 'User'.
app/admin/hooks/useWidgetPerformanceTracking.ts(65,27): error TS2552: Cannot find name 'PerformanceTimer'. Did you mean 'Performance'?
app/admin/hooks/useWidgetPerformanceTracking.ts(78,51): error TS2339: Property 'startMonitoring' does not exist on type 'SimplePerformanceMonitor'.
app/admin/hooks/useWidgetPerformanceTracking.ts(279,53): error TS2339: Property 'getRealtimeMetrics' does not exist on type 'SimplePerformanceMonitor'.
app/admin/hooks/useWidgetPerformanceTracking.ts(282,55): error TS2339: Property 'getWidgetReport' does not exist on type 'SimplePerformanceMonitor'.
app/admin/hooks/useWidgetSmartCache.ts(157,5): error TS2353: Object literal may only specify known properties, and 'enabled' does not exist in type 'QueryOptions<T, Error, T, readonly unknown[], never>'.
app/admin/hooks/useWidgetSmartCache.ts(168,26): error TS2769: No overload matches this call.
  Overload 1 of 3, '(options: DefinedInitialDataOptions<T, Error, T, readonly unknown[]>, queryClient?: QueryClient | undefined): DefinedUseQueryResult<NoInfer<T>, Error>', gave the following error.
    Argument of type 'QueryOptions<T, Error, T, readonly unknown[], never>' is not assignable to parameter of type 'DefinedInitialDataOptions<T, Error, T, readonly unknown[]>'.
      Type 'QueryOptions<T, Error, T, readonly unknown[], never>' is not assignable to type 'Omit<UseQueryOptions<T, Error, T, readonly unknown[]>, "queryFn">'.
        Types of property 'queryKey' are incompatible.
          Type 'readonly unknown[] | undefined' is not assignable to type 'readonly unknown[]'.
            Type 'undefined' is not assignable to type 'readonly unknown[]'.
  Overload 2 of 3, '(options: UndefinedInitialDataOptions<T, Error, T, readonly unknown[]>, queryClient?: QueryClient | undefined): UseQueryResult<NoInfer<T>, Error>', gave the following error.
    Argument of type 'QueryOptions<T, Error, T, readonly unknown[], never>' is not assignable to parameter of type 'UndefinedInitialDataOptions<T, Error, T, readonly unknown[]>'.
      Type 'QueryOptions<T, Error, T, readonly unknown[], never>' is not assignable to type 'UseQueryOptions<T, Error, T, readonly unknown[]>'.
        Types of property 'queryKey' are incompatible.
          Type 'readonly unknown[] | undefined' is not assignable to type 'readonly unknown[]'.
            Type 'undefined' is not assignable to type 'readonly unknown[]'.
  Overload 3 of 3, '(options: UseQueryOptions<T, Error, T, readonly unknown[]>, queryClient?: QueryClient | undefined): UseQueryResult<NoInfer<T>, Error>', gave the following error.
    Argument of type 'QueryOptions<T, Error, T, readonly unknown[], never>' is not assignable to parameter of type 'UseQueryOptions<T, Error, T, readonly unknown[]>'.
      Types of property 'queryKey' are incompatible.
        Type 'readonly unknown[] | undefined' is not assignable to type 'readonly unknown[]'.
          Type 'undefined' is not assignable to type 'readonly unknown[]'.
app/admin/hooks/useWidgetToast.ts(110,5): error TS2322: Type '(string & { unwrap: () => Promise<T>; }) | (number & { unwrap: () => Promise<T>; }) | { unwrap: () => Promise<T>; }' is not assignable to type 'Promise<T>'.
  Type 'String & { unwrap: () => Promise<T>; }' is missing the following properties from type 'Promise<T>': then, catch, finally, [Symbol.toStringTag]
app/admin/product-update-demo/page.tsx(71,19): error TS2353: Object literal may only specify known properties, and 'gridX' does not exist in type 'DashboardWidget | WidgetConfig'.
app/admin/utils/performanceTestBatchQuery.ts(208,21): error TS2339: Property 'batchQuery' does not exist on type 'ComparisonResult'.
app/admin/utils/performanceTestBatchQuery.ts(209,22): error TS2339: Property 'batchQuery' does not exist on type 'ComparisonResult'.
app/admin/utils/performanceTestBatchQuery.ts(210,24): error TS2339: Property 'batchQuery' does not exist on type 'ComparisonResult'.
app/admin/utils/performanceTestBatchQuery.ts(211,39): error TS2339: Property 'batchQuery' does not exist on type 'ComparisonResult'.
app/admin/utils/performanceTestBatchQuery.ts(225,70): error TS2339: Property 'batchQuery' does not exist on type 'ComparisonResult'.
app/api/admin/dashboard/route.ts(57,14): error TS2339: Property 'duration' does not exist on type '{ id: number; timestamp: string; widgets: string[]; userAgent: string | null; referer: string | null; ip: string | null; }'.
app/api/admin/dashboard/route.ts(58,21): error TS2345: Argument of type '{ id: number; timestamp: string; widgets: string[]; userAgent: string | null; referer: string | null; ip: string | null; }' is not assignable to parameter of type '{ id: number; timestamp: string; widgets: string[]; userAgent?: string | undefined; referer?: string | undefined; ip?: string | undefined; duration?: number | undefined; }'.
  Types of property 'userAgent' are incompatible.
    Type 'string | null' is not assignable to type 'string | undefined'.
      Type 'null' is not assignable to type 'string | undefined'.
app/api/upload-file/route.ts(37,7): error TS2367: This comparison appears to be unintentional because the types '"development" | "test"' and '"production"' have no overlap.
app/api/upload-file/route.ts(90,7): error TS2367: This comparison appears to be unintentional because the types '"development" | "test"' and '"production"' have no overlap.
app/api/upload-file/route.ts(105,7): error TS2367: This comparison appears to be unintentional because the types '"development" | "test"' and '"production"' have no overlap.
app/api/upload-file/route.ts(144,7): error TS2367: This comparison appears to be unintentional because the types '"development" | "test"' and '"production"' have no overlap.
app/api/upload-file/route.ts(156,7): error TS2367: This comparison appears to be unintentional because the types '"development" | "test"' and '"production"' have no overlap.
app/api/upload-file/route.ts(185,9): error TS2367: This comparison appears to be unintentional because the types '"development" | "test"' and '"production"' have no overlap.
app/api/upload-file/route.ts(211,11): error TS2367: This comparison appears to be unintentional because the types '"development" | "test"' and '"production"' have no overlap.
app/api/upload-pdf/route.ts(39,7): error TS2367: This comparison appears to be unintentional because the types '"development" | "test"' and '"production"' have no overlap.
app/api/upload-pdf/route.ts(58,7): error TS2367: This comparison appears to be unintentional because the types '"development" | "test"' and '"production"' have no overlap.
app/api/upload-pdf/route.ts(82,7): error TS2367: This comparison appears to be unintentional because the types '"development" | "test"' and '"production"' have no overlap.
app/api/upload-pdf/route.ts(121,7): error TS2367: This comparison appears to be unintentional because the types '"development" | "test"' and '"production"' have no overlap.
app/api/upload-pdf/route.ts(138,7): error TS2367: This comparison appears to be unintentional because the types '"development" | "test"' and '"production"' have no overlap.
app/api/warehouse/summary/__tests__/route.test.ts(76,30): error TS2554: Expected 1 arguments, but got 0.
app/api/warehouse/summary/__tests__/route.test.ts(118,30): error TS2554: Expected 1 arguments, but got 0.
app/api/warehouse/summary/__tests__/route.test.ts(133,30): error TS2554: Expected 1 arguments, but got 0.
app/api/warehouse/summary/__tests__/route.test.ts(161,30): error TS2554: Expected 1 arguments, but got 0.
app/api/warehouse/summary/__tests__/route.test.ts(187,30): error TS2554: Expected 1 arguments, but got 0.
app/api/warehouse/summary/__tests__/route.test.ts(201,30): error TS2554: Expected 1 arguments, but got 0.
app/api/warehouse/summary/__tests__/route.test.ts(231,30): error TS2554: Expected 1 arguments, but got 0.
app/api/warehouse/summary/__tests__/route.test.ts(249,30): error TS2554: Expected 1 arguments, but got 0.
app/api/warehouse/summary/__tests__/route.test.ts(281,30): error TS2554: Expected 1 arguments, but got 0.
app/api/warehouse/summary/__tests__/route.test.ts(310,30): error TS2554: Expected 1 arguments, but got 0.
app/components/__tests__/ErrorBoundary.test.tsx(125,13): error TS2741: Property 'children' is missing in type '{}' but required in type 'Readonly<ErrorBoundaryProps>'.
app/hooks/useWidgetRegistry.tsx(20,37): error TS2339: Property 'autoRegisterWidgets' does not exist on type 'UnifiedWidgetRegistry'.
app/print-grnlabel/components/__tests__/WeightInputList.test.tsx(66,11): error TS2322: Type '"wooden"' is not assignable to type '"euro" | "whiteDry" | "whiteWet" | "chepDry" | "chepWet" | "notIncluded" | undefined'.
app/print-grnlabel/components/__tests__/WeightInputList.test.tsx(67,11): error TS2322: Type '"carton"' is not assignable to type '"still" | "bag" | "tote" | "octo" | "notIncluded" | undefined'.
app/test-performance/page.tsx(83,15): error TS2322: Type '{ widget: any; isEditMode: false; useGraphQL: boolean; }' is not assignable to type 'IntrinsicAttributes & StockLevelHistoryChartProps'.
  Property 'useGraphQL' does not exist on type 'IntrinsicAttributes & StockLevelHistoryChartProps'.
app/void-pallet/actions.ts(26,7): error TS2367: This comparison appears to be unintentional because the types '"development" | "test"' and '"production"' have no overlap.
app/void-pallet/actions.ts(36,7): error TS2367: This comparison appears to be unintentional because the types '"development" | "test"' and '"production"' have no overlap.
app/void-pallet/actions.ts(43,11): error TS2367: This comparison appears to be unintentional because the types '"development" | "test"' and '"production"' have no overlap.
app/void-pallet/actions.ts(52,7): error TS2367: This comparison appears to be unintentional because the types '"development" | "test"' and '"production"' have no overlap.
app/void-pallet/actions.ts(68,7): error TS2367: This comparison appears to be unintentional because the types '"development" | "test"' and '"production"' have no overlap.
app/void-pallet/actions.ts(74,5): error TS2367: This comparison appears to be unintentional because the types '"development" | "test"' and '"production"' have no overlap.
app/void-pallet/actions.ts(90,9): error TS2367: This comparison appears to be unintentional because the types '"development" | "test"' and '"production"' have no overlap.
app/void-pallet/actions.ts(97,5): error TS2367: This comparison appears to be unintentional because the types '"development" | "test"' and '"production"' have no overlap.
app/void-pallet/actions.ts(114,7): error TS2367: This comparison appears to be unintentional because the types '"development" | "test"' and '"production"' have no overlap.
app/void-pallet/actions.ts(128,7): error TS2367: This comparison appears to be unintentional because the types '"development" | "test"' and '"production"' have no overlap.
app/void-pallet/actions.ts(134,11): error TS2367: This comparison appears to be unintentional because the types '"development" | "test"' and '"production"' have no overlap.
app/void-pallet/actions.ts(144,11): error TS2367: This comparison appears to be unintentional because the types '"development" | "test"' and '"production"' have no overlap.
app/void-pallet/actions.ts(157,9): error TS2367: This comparison appears to be unintentional because the types '"development" | "test"' and '"production"' have no overlap.
app/void-pallet/actions.ts(169,7): error TS2367: This comparison appears to be unintentional because the types '"development" | "test"' and '"production"' have no overlap.
app/void-pallet/actions.ts(179,7): error TS2367: This comparison appears to be unintentional because the types '"development" | "test"' and '"production"' have no overlap.
app/void-pallet/actions.ts(195,7): error TS2367: This comparison appears to be unintentional because the types '"development" | "test"' and '"production"' have no overlap.
app/void-pallet/actions.ts(428,11): error TS2367: This comparison appears to be unintentional because the types '"development" | "test"' and '"production"' have no overlap.
app/void-pallet/actions.ts(491,11): error TS2367: This comparison appears to be unintentional because the types '"development" | "test"' and '"production"' have no overlap.
app/void-pallet/actions.ts(505,9): error TS2367: This comparison appears to be unintentional because the types '"development" | "test"' and '"production"' have no overlap.
app/void-pallet/actions.ts(533,7): error TS2367: This comparison appears to be unintentional because the types '"development" | "test"' and '"production"' have no overlap.
app/void-pallet/actions.ts(609,9): error TS2367: This comparison appears to be unintentional because the types '"development" | "test"' and '"production"' have no overlap.
app/void-pallet/actions.ts(627,11): error TS2367: This comparison appears to be unintentional because the types '"development" | "test"' and '"production"' have no overlap.
app/void-pallet/actions.ts(639,11): error TS2367: This comparison appears to be unintentional because the types '"development" | "test"' and '"production"' have no overlap.
app/void-pallet/actions.ts(645,9): error TS2367: This comparison appears to be unintentional because the types '"development" | "test"' and '"production"' have no overlap.
app/void-pallet/actions.ts(678,9): error TS2367: This comparison appears to be unintentional because the types '"development" | "test"' and '"production"' have no overlap.
app/void-pallet/actions.ts(691,11): error TS2367: This comparison appears to be unintentional because the types '"development" | "test"' and '"production"' have no overlap.
app/void-pallet/actions.ts(717,9): error TS2367: This comparison appears to be unintentional because the types '"development" | "test"' and '"production"' have no overlap.
app/void-pallet/actions.ts(726,11): error TS2367: This comparison appears to be unintentional because the types '"development" | "test"' and '"production"' have no overlap.
app/void-pallet/actions.ts(786,7): error TS2367: This comparison appears to be unintentional because the types '"development" | "test"' and '"production"' have no overlap.
app/void-pallet/actions.ts(913,9): error TS2367: This comparison appears to be unintentional because the types '"development" | "test"' and '"production"' have no overlap.
app/void-pallet/actions.ts(932,11): error TS2367: This comparison appears to be unintentional because the types '"development" | "test"' and '"production"' have no overlap.
app/void-pallet/actions.ts(944,11): error TS2367: This comparison appears to be unintentional because the types '"development" | "test"' and '"production"' have no overlap.
app/void-pallet/actions.ts(950,9): error TS2367: This comparison appears to be unintentional because the types '"development" | "test"' and '"production"' have no overlap.
app/void-pallet/actions.ts(995,9): error TS2367: This comparison appears to be unintentional because the types '"development" | "test"' and '"production"' have no overlap.
app/void-pallet/actions.ts(1008,11): error TS2367: This comparison appears to be unintentional because the types '"development" | "test"' and '"production"' have no overlap.
app/void-pallet/actions.ts(1034,9): error TS2367: This comparison appears to be unintentional because the types '"development" | "test"' and '"production"' have no overlap.
app/void-pallet/actions.ts(1043,11): error TS2367: This comparison appears to be unintentional because the types '"development" | "test"' and '"production"' have no overlap.
app/void-pallet/actions.ts(1106,7): error TS2367: This comparison appears to be unintentional because the types '"development" | "test"' and '"production"' have no overlap.
app/void-pallet/actions.ts(1112,5): error TS2367: This comparison appears to be unintentional because the types '"development" | "test"' and '"production"' have no overlap.
app/void-pallet/actions.ts(1121,7): error TS2367: This comparison appears to be unintentional because the types '"development" | "test"' and '"production"' have no overlap.
app/void-pallet/actions.ts(1127,5): error TS2367: This comparison appears to be unintentional because the types '"development" | "test"' and '"production"' have no overlap.
app/void-pallet/actions.ts(1140,7): error TS2367: This comparison appears to be unintentional because the types '"development" | "test"' and '"production"' have no overlap.
app/void-pallet/actions.ts(1157,9): error TS2367: This comparison appears to be unintentional because the types '"development" | "test"' and '"production"' have no overlap.
app/void-pallet/actions.ts(1166,7): error TS2367: This comparison appears to be unintentional because the types '"development" | "test"' and '"production"' have no overlap.
app/void-pallet/actions.ts(1171,7): error TS2367: This comparison appears to be unintentional because the types '"development" | "test"' and '"production"' have no overlap.
app/void-pallet/services/__tests__/inventoryService.test.ts(43,17): error TS2540: Cannot assign to 'NODE_ENV' because it is a read-only property.
app/void-pallet/services/__tests__/inventoryService.test.ts(85,19): error TS2540: Cannot assign to 'NODE_ENV' because it is a read-only property.
app/void-pallet/services/__tests__/inventoryService.test.ts(99,19): error TS2540: Cannot assign to 'NODE_ENV' because it is a read-only property.
app/void-pallet/services/__tests__/inventoryService.test.ts(253,19): error TS2540: Cannot assign to 'NODE_ENV' because it is a read-only property.
app/void-pallet/services/__tests__/inventoryService.test.ts(351,21): error TS2540: Cannot assign to 'NODE_ENV' because it is a read-only property.
backend/newpennine-api/src/aco/aco.controller.ts(2,3): error TS2305: Module '"@nestjs/common"' has no exported member 'Controller'.
backend/newpennine-api/src/aco/aco.controller.ts(3,3): error TS2305: Module '"@nestjs/common"' has no exported member 'Get'.
backend/newpennine-api/src/aco/aco.controller.ts(4,3): error TS2305: Module '"@nestjs/common"' has no exported member 'Query'.
backend/newpennine-api/src/aco/aco.controller.ts(5,3): error TS2305: Module '"@nestjs/common"' has no exported member 'UseGuards'.
backend/newpennine-api/src/aco/aco.controller.ts(6,3): error TS2305: Module '"@nestjs/common"' has no exported member 'Logger'.
backend/newpennine-api/src/aco/aco.controller.ts(7,3): error TS2305: Module '"@nestjs/common"' has no exported member 'HttpStatus'.
backend/newpennine-api/src/aco/aco.controller.ts(8,3): error TS2305: Module '"@nestjs/common"' has no exported member 'HttpCode'.
backend/newpennine-api/src/aco/aco.controller.ts(33,5): error TS1206: Decorators are not valid here.
backend/newpennine-api/src/aco/aco.controller.ts(46,5): error TS1206: Decorators are not valid here.
backend/newpennine-api/src/aco/aco.module.ts(1,10): error TS2305: Module '"@nestjs/common"' has no exported member 'Module'.
backend/newpennine-api/src/aco/aco.service.ts(1,10): error TS2305: Module '"@nestjs/common"' has no exported member 'Injectable'.
backend/newpennine-api/src/aco/aco.service.ts(1,22): error TS2305: Module '"@nestjs/common"' has no exported member 'Logger'.
backend/newpennine-api/src/aco/aco.service.ts(1,30): error TS2305: Module '"@nestjs/common"' has no exported member 'NotFoundException'.
backend/newpennine-api/src/aco/dto/aco-by-date-query.dto.ts(2,3): error TS2305: Module '"class-validator"' has no exported member 'IsString'.
backend/newpennine-api/src/aco/dto/aco-by-date-query.dto.ts(3,3): error TS2305: Module '"class-validator"' has no exported member 'IsNotEmpty'.
backend/newpennine-api/src/aco/dto/aco-by-date-query.dto.ts(4,3): error TS2305: Module '"class-validator"' has no exported member 'IsOptional'.
backend/newpennine-api/src/aco/dto/aco-by-date-query.dto.ts(5,3): error TS2305: Module '"class-validator"' has no exported member 'IsInt'.
backend/newpennine-api/src/aco/dto/aco-by-date-query.dto.ts(6,3): error TS2305: Module '"class-validator"' has no exported member 'Min'.
backend/newpennine-api/src/aco/dto/aco-by-date-query.dto.ts(7,3): error TS2305: Module '"class-validator"' has no exported member 'Max'.
backend/newpennine-api/src/aco/dto/aco-by-date-query.dto.ts(9,10): error TS2305: Module '"class-transformer"' has no exported member 'Type'.
backend/newpennine-api/src/aco/dto/aco-references-query.dto.ts(1,10): error TS2305: Module '"class-validator"' has no exported member 'IsOptional'.
backend/newpennine-api/src/aco/dto/aco-references-query.dto.ts(1,22): error TS2305: Module '"class-validator"' has no exported member 'IsInt'.
backend/newpennine-api/src/aco/dto/aco-references-query.dto.ts(1,29): error TS2305: Module '"class-validator"' has no exported member 'Min'.
backend/newpennine-api/src/aco/dto/aco-references-query.dto.ts(1,34): error TS2305: Module '"class-validator"' has no exported member 'Max'.
backend/newpennine-api/src/aco/dto/aco-references-query.dto.ts(2,10): error TS2305: Module '"class-transformer"' has no exported member 'Type'.
backend/newpennine-api/src/analysis/analysis.controller.ts(2,3): error TS2305: Module '"@nestjs/common"' has no exported member 'Controller'.
backend/newpennine-api/src/analysis/analysis.controller.ts(3,3): error TS2305: Module '"@nestjs/common"' has no exported member 'Get'.
backend/newpennine-api/src/analysis/analysis.controller.ts(4,3): error TS2305: Module '"@nestjs/common"' has no exported member 'Query'.
backend/newpennine-api/src/analysis/analysis.controller.ts(5,3): error TS2305: Module '"@nestjs/common"' has no exported member 'HttpException'.
backend/newpennine-api/src/analysis/analysis.controller.ts(6,3): error TS2305: Module '"@nestjs/common"' has no exported member 'HttpStatus'.
backend/newpennine-api/src/analysis/analysis.controller.ts(7,3): error TS2305: Module '"@nestjs/common"' has no exported member 'UseGuards'.
backend/newpennine-api/src/analysis/analysis.controller.ts(25,5): error TS1206: Decorators are not valid here.
backend/newpennine-api/src/analysis/analysis.controller.ts(44,5): error TS1206: Decorators are not valid here.
backend/newpennine-api/src/analysis/analysis.controller.ts(63,5): error TS1206: Decorators are not valid here.
backend/newpennine-api/src/analysis/analysis.module.ts(1,10): error TS2305: Module '"@nestjs/common"' has no exported member 'Module'.
backend/newpennine-api/src/analysis/analysis.service.ts(1,10): error TS2305: Module '"@nestjs/common"' has no exported member 'Injectable'.
backend/newpennine-api/src/analysis/analysis.service.ts(1,22): error TS2305: Module '"@nestjs/common"' has no exported member 'Logger'.
backend/newpennine-api/src/analysis/dto/void-records-analysis-query.dto.ts(3,3): error TS2305: Module '"class-validator"' has no exported member 'IsOptional'.
backend/newpennine-api/src/analysis/dto/void-records-analysis-query.dto.ts(4,3): error TS2305: Module '"class-validator"' has no exported member 'IsString'.
backend/newpennine-api/src/analysis/dto/void-records-analysis-query.dto.ts(5,3): error TS2305: Module '"class-validator"' has no exported member 'IsArray'.
backend/newpennine-api/src/analysis/dto/void-records-analysis-query.dto.ts(6,3): error TS2305: Module '"class-validator"' has no exported member 'IsDateString'.
backend/newpennine-api/src/analysis/dto/void-records-analysis-query.dto.ts(7,3): error TS2305: Module '"class-validator"' has no exported member 'IsIn'.
backend/newpennine-api/src/analysis/dto/void-records-analysis-query.dto.ts(9,10): error TS2305: Module '"class-transformer"' has no exported member 'Transform'.
backend/newpennine-api/src/analysis/dto/void-records-analysis-query.dto.ts(12,4): error TS1240: Unable to resolve signature of property decorator when called as an expression.
  Argument of type 'undefined' is not assignable to parameter of type 'Object'.
backend/newpennine-api/src/analysis/dto/void-records-analysis-query.dto.ts(21,4): error TS1240: Unable to resolve signature of property decorator when called as an expression.
  Argument of type 'undefined' is not assignable to parameter of type 'Object'.
backend/newpennine-api/src/analysis/dto/void-records-analysis-query.dto.ts(30,4): error TS1240: Unable to resolve signature of property decorator when called as an expression.
  Argument of type 'undefined' is not assignable to parameter of type 'Object'.
backend/newpennine-api/src/analysis/dto/void-records-analysis-query.dto.ts(39,17): error TS7031: Binding element 'value' implicitly has an 'any' type.
backend/newpennine-api/src/analysis/dto/void-records-analysis-query.dto.ts(47,4): error TS1240: Unable to resolve signature of property decorator when called as an expression.
  Argument of type 'undefined' is not assignable to parameter of type 'Object'.
backend/newpennine-api/src/analysis/dto/void-records-analysis-query.dto.ts(56,17): error TS7031: Binding element 'value' implicitly has an 'any' type.
backend/newpennine-api/src/analysis/dto/void-records-analysis-query.dto.ts(64,4): error TS1240: Unable to resolve signature of property decorator when called as an expression.
  Argument of type 'undefined' is not assignable to parameter of type 'Object'.
backend/newpennine-api/src/analysis/dto/void-records-analysis-query.dto.ts(74,4): error TS1240: Unable to resolve signature of property decorator when called as an expression.
  Argument of type 'undefined' is not assignable to parameter of type 'Object'.
backend/newpennine-api/src/analysis/dto/void-records-analysis-query.dto.ts(80,17): error TS7031: Binding element 'value' implicitly has an 'any' type.
backend/newpennine-api/src/analysis/dto/void-records-analysis-response.dto.ts(4,4): error TS1240: Unable to resolve signature of property decorator when called as an expression.
  Argument of type 'undefined' is not assignable to parameter of type 'Object'.
backend/newpennine-api/src/analysis/dto/void-records-analysis-response.dto.ts(10,4): error TS1240: Unable to resolve signature of property decorator when called as an expression.
  Argument of type 'undefined' is not assignable to parameter of type 'Object'.
backend/newpennine-api/src/analysis/dto/void-records-analysis-response.dto.ts(16,4): error TS1240: Unable to resolve signature of property decorator when called as an expression.
  Argument of type 'undefined' is not assignable to parameter of type 'Object'.
backend/newpennine-api/src/analysis/dto/void-records-analysis-response.dto.ts(22,4): error TS1240: Unable to resolve signature of property decorator when called as an expression.
  Argument of type 'undefined' is not assignable to parameter of type 'Object'.
backend/newpennine-api/src/analysis/dto/void-records-analysis-response.dto.ts(28,4): error TS1240: Unable to resolve signature of property decorator when called as an expression.
  Argument of type 'undefined' is not assignable to parameter of type 'Object'.
backend/newpennine-api/src/analysis/dto/void-records-analysis-response.dto.ts(35,4): error TS1240: Unable to resolve signature of property decorator when called as an expression.
  Argument of type 'undefined' is not assignable to parameter of type 'Object'.
backend/newpennine-api/src/analysis/dto/void-records-analysis-response.dto.ts(42,4): error TS1240: Unable to resolve signature of property decorator when called as an expression.
  Argument of type 'undefined' is not assignable to parameter of type 'Object'.
backend/newpennine-api/src/analysis/dto/void-records-analysis-response.dto.ts(49,4): error TS1240: Unable to resolve signature of property decorator when called as an expression.
  Argument of type 'undefined' is not assignable to parameter of type 'Object'.
backend/newpennine-api/src/analysis/dto/void-records-analysis-response.dto.ts(56,4): error TS1240: Unable to resolve signature of property decorator when called as an expression.
  Argument of type 'undefined' is not assignable to parameter of type 'Object'.
backend/newpennine-api/src/analysis/dto/void-records-analysis-response.dto.ts(63,4): error TS1240: Unable to resolve signature of property decorator when called as an expression.
  Argument of type 'undefined' is not assignable to parameter of type 'Object'.
backend/newpennine-api/src/analysis/dto/void-records-analysis-response.dto.ts(70,4): error TS1240: Unable to resolve signature of property decorator when called as an expression.
  Argument of type 'undefined' is not assignable to parameter of type 'Object'.
backend/newpennine-api/src/analysis/dto/void-records-analysis-response.dto.ts(78,4): error TS1240: Unable to resolve signature of property decorator when called as an expression.
  Argument of type 'undefined' is not assignable to parameter of type 'Object'.
backend/newpennine-api/src/analysis/dto/void-records-analysis-response.dto.ts(84,4): error TS1240: Unable to resolve signature of property decorator when called as an expression.
  Argument of type 'undefined' is not assignable to parameter of type 'Object'.
backend/newpennine-api/src/analysis/dto/void-records-analysis-response.dto.ts(90,4): error TS1240: Unable to resolve signature of property decorator when called as an expression.
  Argument of type 'undefined' is not assignable to parameter of type 'Object'.
backend/newpennine-api/src/analysis/dto/void-records-analysis-response.dto.ts(96,4): error TS1240: Unable to resolve signature of property decorator when called as an expression.
  Argument of type 'undefined' is not assignable to parameter of type 'Object'.
backend/newpennine-api/src/analysis/dto/void-records-analysis-response.dto.ts(104,4): error TS1240: Unable to resolve signature of property decorator when called as an expression.
  Argument of type 'undefined' is not assignable to parameter of type 'Object'.
backend/newpennine-api/src/analysis/dto/void-records-analysis-response.dto.ts(110,4): error TS1240: Unable to resolve signature of property decorator when called as an expression.
  Argument of type 'undefined' is not assignable to parameter of type 'Object'.
backend/newpennine-api/src/analysis/dto/void-records-analysis-response.dto.ts(116,4): error TS1240: Unable to resolve signature of property decorator when called as an expression.
  Argument of type 'undefined' is not assignable to parameter of type 'Object'.
backend/newpennine-api/src/analysis/dto/void-records-analysis-response.dto.ts(124,4): error TS1240: Unable to resolve signature of property decorator when called as an expression.
  Argument of type 'undefined' is not assignable to parameter of type 'Object'.
backend/newpennine-api/src/analysis/dto/void-records-analysis-response.dto.ts(130,4): error TS1240: Unable to resolve signature of property decorator when called as an expression.
  Argument of type 'undefined' is not assignable to parameter of type 'Object'.
backend/newpennine-api/src/analysis/dto/void-records-analysis-response.dto.ts(136,4): error TS1240: Unable to resolve signature of property decorator when called as an expression.
  Argument of type 'undefined' is not assignable to parameter of type 'Object'.
backend/newpennine-api/src/analysis/dto/void-records-analysis-response.dto.ts(142,4): error TS1240: Unable to resolve signature of property decorator when called as an expression.
  Argument of type 'undefined' is not assignable to parameter of type 'Object'.
backend/newpennine-api/src/analysis/dto/void-records-analysis-response.dto.ts(150,4): error TS1240: Unable to resolve signature of property decorator when called as an expression.
  Argument of type 'undefined' is not assignable to parameter of type 'Object'.
backend/newpennine-api/src/analysis/dto/void-records-analysis-response.dto.ts(156,4): error TS1240: Unable to resolve signature of property decorator when called as an expression.
  Argument of type 'undefined' is not assignable to parameter of type 'Object'.
backend/newpennine-api/src/analysis/dto/void-records-analysis-response.dto.ts(162,4): error TS1240: Unable to resolve signature of property decorator when called as an expression.
  Argument of type 'undefined' is not assignable to parameter of type 'Object'.
backend/newpennine-api/src/analysis/dto/void-records-analysis-response.dto.ts(168,4): error TS1240: Unable to resolve signature of property decorator when called as an expression.
  Argument of type 'undefined' is not assignable to parameter of type 'Object'.
backend/newpennine-api/src/analysis/dto/void-records-analysis-response.dto.ts(174,4): error TS1240: Unable to resolve signature of property decorator when called as an expression.
  Argument of type 'undefined' is not assignable to parameter of type 'Object'.
backend/newpennine-api/src/analysis/dto/void-records-analysis-response.dto.ts(182,4): error TS1240: Unable to resolve signature of property decorator when called as an expression.
  Argument of type 'undefined' is not assignable to parameter of type 'Object'.
backend/newpennine-api/src/analysis/dto/void-records-analysis-response.dto.ts(188,4): error TS1240: Unable to resolve signature of property decorator when called as an expression.
  Argument of type 'undefined' is not assignable to parameter of type 'Object'.
backend/newpennine-api/src/analysis/dto/void-records-analysis-response.dto.ts(194,4): error TS1240: Unable to resolve signature of property decorator when called as an expression.
  Argument of type 'undefined' is not assignable to parameter of type 'Object'.
backend/newpennine-api/src/analysis/dto/void-records-analysis-response.dto.ts(200,4): error TS1240: Unable to resolve signature of property decorator when called as an expression.
  Argument of type 'undefined' is not assignable to parameter of type 'Object'.
backend/newpennine-api/src/analysis/dto/void-records-analysis-response.dto.ts(206,4): error TS1240: Unable to resolve signature of property decorator when called as an expression.
  Argument of type 'undefined' is not assignable to parameter of type 'Object'.
backend/newpennine-api/src/analysis/dto/void-records-analysis-response.dto.ts(212,4): error TS1240: Unable to resolve signature of property decorator when called as an expression.
  Argument of type 'undefined' is not assignable to parameter of type 'Object'.
backend/newpennine-api/src/analysis/dto/void-records-analysis-response.dto.ts(218,4): error TS1240: Unable to resolve signature of property decorator when called as an expression.
  Argument of type 'undefined' is not assignable to parameter of type 'Object'.
backend/newpennine-api/src/analysis/dto/void-records-analysis-response.dto.ts(224,4): error TS1240: Unable to resolve signature of property decorator when called as an expression.
  Argument of type 'undefined' is not assignable to parameter of type 'Object'.
backend/newpennine-api/src/analysis/dto/void-records-analysis-response.dto.ts(230,4): error TS1240: Unable to resolve signature of property decorator when called as an expression.
  Argument of type 'undefined' is not assignable to parameter of type 'Object'.
backend/newpennine-api/src/app.controller.spec.ts(14,25): error TS2339: Property 'get' does not exist on type 'TestingModule'.
backend/newpennine-api/src/app.controller.ts(1,10): error TS2305: Module '"@nestjs/common"' has no exported member 'Controller'.
backend/newpennine-api/src/app.controller.ts(1,22): error TS2305: Module '"@nestjs/common"' has no exported member 'Get'.
backend/newpennine-api/src/app.module.ts(1,10): error TS2305: Module '"@nestjs/common"' has no exported member 'Module'.
backend/newpennine-api/src/app.service.ts(1,10): error TS2305: Module '"@nestjs/common"' has no exported member 'Injectable'.
backend/newpennine-api/src/auth/auth.controller.ts(2,3): error TS2305: Module '"@nestjs/common"' has no exported member 'Controller'.
backend/newpennine-api/src/auth/auth.controller.ts(3,3): error TS2305: Module '"@nestjs/common"' has no exported member 'Post'.
backend/newpennine-api/src/auth/auth.controller.ts(4,3): error TS2305: Module '"@nestjs/common"' has no exported member 'Body'.
backend/newpennine-api/src/auth/auth.controller.ts(5,3): error TS2305: Module '"@nestjs/common"' has no exported member 'HttpCode'.
backend/newpennine-api/src/auth/auth.controller.ts(6,3): error TS2305: Module '"@nestjs/common"' has no exported member 'HttpStatus'.
backend/newpennine-api/src/auth/auth.controller.ts(7,3): error TS2305: Module '"@nestjs/common"' has no exported member 'UseGuards'.
backend/newpennine-api/src/auth/auth.controller.ts(8,3): error TS2305: Module '"@nestjs/common"' has no exported member 'Request'.
backend/newpennine-api/src/auth/auth.controller.ts(9,3): error TS2305: Module '"@nestjs/common"' has no exported member 'Get'.
backend/newpennine-api/src/auth/auth.controller.ts(10,3): error TS2305: Module '"@nestjs/common"' has no exported member 'UnauthorizedException'.
backend/newpennine-api/src/auth/auth.controller.ts(32,3): error TS1241: Unable to resolve signature of method decorator when called as an expression.
  The runtime will invoke the decorator with 2 arguments, but the decorator expects 3.
backend/newpennine-api/src/auth/auth.controller.ts(32,4): error TS1270: Decorator function return type 'void | TypedPropertyDescriptor<unknown>' is not assignable to type 'void | ((loginDto: AuthLoginDto) => Promise<AuthResponseDto>)'.
  Type 'TypedPropertyDescriptor<unknown>' is not assignable to type 'void | ((loginDto: AuthLoginDto) => Promise<AuthResponseDto>)'.
backend/newpennine-api/src/auth/auth.controller.ts(33,3): error TS1241: Unable to resolve signature of method decorator when called as an expression.
  The runtime will invoke the decorator with 2 arguments, but the decorator expects 3.
backend/newpennine-api/src/auth/auth.controller.ts(33,4): error TS1270: Decorator function return type 'void | TypedPropertyDescriptor<unknown>' is not assignable to type 'void | ((loginDto: AuthLoginDto) => Promise<AuthResponseDto>)'.
  Type 'TypedPropertyDescriptor<unknown>' is not assignable to type 'void | ((loginDto: AuthLoginDto) => Promise<AuthResponseDto>)'.
backend/newpennine-api/src/auth/auth.controller.ts(49,15): error TS1206: Decorators are not valid here.
backend/newpennine-api/src/auth/auth.controller.ts(55,3): error TS1241: Unable to resolve signature of method decorator when called as an expression.
  The runtime will invoke the decorator with 2 arguments, but the decorator expects 3.
backend/newpennine-api/src/auth/auth.controller.ts(55,4): error TS1270: Decorator function return type 'void | TypedPropertyDescriptor<unknown>' is not assignable to type 'void | ((registerDto: AuthRegisterDto) => Promise<AuthResponseDto>)'.
  Type 'TypedPropertyDescriptor<unknown>' is not assignable to type 'void | ((registerDto: AuthRegisterDto) => Promise<AuthResponseDto>)'.
backend/newpennine-api/src/auth/auth.controller.ts(56,3): error TS1241: Unable to resolve signature of method decorator when called as an expression.
  The runtime will invoke the decorator with 2 arguments, but the decorator expects 3.
backend/newpennine-api/src/auth/auth.controller.ts(56,4): error TS1270: Decorator function return type 'void | TypedPropertyDescriptor<unknown>' is not assignable to type 'void | ((registerDto: AuthRegisterDto) => Promise<AuthResponseDto>)'.
  Type 'TypedPropertyDescriptor<unknown>' is not assignable to type 'void | ((registerDto: AuthRegisterDto) => Promise<AuthResponseDto>)'.
backend/newpennine-api/src/auth/auth.controller.ts(68,5): error TS1206: Decorators are not valid here.
backend/newpennine-api/src/auth/auth.controller.ts(75,3): error TS1241: Unable to resolve signature of method decorator when called as an expression.
  The runtime will invoke the decorator with 2 arguments, but the decorator expects 3.
backend/newpennine-api/src/auth/auth.controller.ts(75,4): error TS1270: Decorator function return type 'void | TypedPropertyDescriptor<unknown>' is not assignable to type 'void | ((refreshToken: string) => Promise<AuthResponseDto>)'.
  Type 'TypedPropertyDescriptor<unknown>' is not assignable to type 'void | ((refreshToken: string) => Promise<AuthResponseDto>)'.
backend/newpennine-api/src/auth/auth.controller.ts(76,3): error TS1241: Unable to resolve signature of method decorator when called as an expression.
  The runtime will invoke the decorator with 2 arguments, but the decorator expects 3.
backend/newpennine-api/src/auth/auth.controller.ts(76,4): error TS1270: Decorator function return type 'void | TypedPropertyDescriptor<unknown>' is not assignable to type 'void | ((refreshToken: string) => Promise<AuthResponseDto>)'.
  Type 'TypedPropertyDescriptor<unknown>' is not assignable to type 'void | ((refreshToken: string) => Promise<AuthResponseDto>)'.
backend/newpennine-api/src/auth/auth.controller.ts(100,5): error TS1206: Decorators are not valid here.
backend/newpennine-api/src/auth/auth.controller.ts(111,3): error TS1241: Unable to resolve signature of method decorator when called as an expression.
  The runtime will invoke the decorator with 2 arguments, but the decorator expects 3.
backend/newpennine-api/src/auth/auth.controller.ts(111,4): error TS1270: Decorator function return type 'void | TypedPropertyDescriptor<unknown>' is not assignable to type 'void | ((req: any) => Promise<UserDto>)'.
  Type 'TypedPropertyDescriptor<unknown>' is not assignable to type 'void | ((req: any) => Promise<UserDto>)'.
backend/newpennine-api/src/auth/auth.controller.ts(134,20): error TS1206: Decorators are not valid here.
backend/newpennine-api/src/auth/auth.controller.ts(146,3): error TS1241: Unable to resolve signature of method decorator when called as an expression.
  The runtime will invoke the decorator with 2 arguments, but the decorator expects 3.
backend/newpennine-api/src/auth/auth.controller.ts(146,4): error TS1270: Decorator function return type 'void | TypedPropertyDescriptor<unknown>' is not assignable to type 'void | ((req: any) => Promise<{ message: string; }>)'.
  Type 'TypedPropertyDescriptor<unknown>' is not assignable to type 'void | ((req: any) => Promise<{ message: string; }>)'.
backend/newpennine-api/src/auth/auth.controller.ts(162,16): error TS1206: Decorators are not valid here.
backend/newpennine-api/src/auth/auth.controller.ts(170,3): error TS1241: Unable to resolve signature of method decorator when called as an expression.
  The runtime will invoke the decorator with 2 arguments, but the decorator expects 3.
backend/newpennine-api/src/auth/auth.controller.ts(170,4): error TS1270: Decorator function return type 'void | TypedPropertyDescriptor<unknown>' is not assignable to type 'void | ((req: any) => Promise<{ valid: boolean; userId: any; email: any; }>)'.
  Type 'TypedPropertyDescriptor<unknown>' is not assignable to type 'void | ((req: any) => Promise<{ valid: boolean; userId: any; email: any; }>)'.
backend/newpennine-api/src/auth/auth.controller.ts(188,21): error TS1206: Decorators are not valid here.
backend/newpennine-api/src/auth/auth.module.ts(1,10): error TS2305: Module '"@nestjs/common"' has no exported member 'Module'.
backend/newpennine-api/src/auth/auth.service.ts(2,3): error TS2305: Module '"@nestjs/common"' has no exported member 'Injectable'.
backend/newpennine-api/src/auth/auth.service.ts(3,3): error TS2305: Module '"@nestjs/common"' has no exported member 'UnauthorizedException'.
backend/newpennine-api/src/auth/auth.service.ts(4,3): error TS2305: Module '"@nestjs/common"' has no exported member 'BadRequestException'.
backend/newpennine-api/src/auth/auth.service.ts(5,3): error TS2305: Module '"@nestjs/common"' has no exported member 'Logger'.
backend/newpennine-api/src/auth/decorators/public.decorator.ts(1,10): error TS2305: Module '"@nestjs/common"' has no exported member 'SetMetadata'.
backend/newpennine-api/src/auth/dto/auth-login.dto.ts(2,10): error TS2305: Module '"class-validator"' has no exported member 'IsEmail'.
backend/newpennine-api/src/auth/dto/auth-login.dto.ts(2,19): error TS2305: Module '"class-validator"' has no exported member 'IsString'.
backend/newpennine-api/src/auth/dto/auth-login.dto.ts(2,29): error TS2305: Module '"class-validator"' has no exported member 'MinLength'.
backend/newpennine-api/src/auth/dto/auth-login.dto.ts(2,40): error TS2305: Module '"class-validator"' has no exported member 'IsNotEmpty'.
backend/newpennine-api/src/auth/dto/auth-login.dto.ts(5,4): error TS1240: Unable to resolve signature of property decorator when called as an expression.
  Argument of type 'undefined' is not assignable to parameter of type 'Object'.
backend/newpennine-api/src/auth/dto/auth-login.dto.ts(13,4): error TS1240: Unable to resolve signature of property decorator when called as an expression.
  Argument of type 'undefined' is not assignable to parameter of type 'Object'.
backend/newpennine-api/src/auth/dto/auth-register.dto.ts(3,3): error TS2305: Module '"class-validator"' has no exported member 'IsEmail'.
backend/newpennine-api/src/auth/dto/auth-register.dto.ts(4,3): error TS2305: Module '"class-validator"' has no exported member 'IsString'.
backend/newpennine-api/src/auth/dto/auth-register.dto.ts(5,3): error TS2305: Module '"class-validator"' has no exported member 'MinLength'.
backend/newpennine-api/src/auth/dto/auth-register.dto.ts(6,3): error TS2305: Module '"class-validator"' has no exported member 'IsNotEmpty'.
backend/newpennine-api/src/auth/dto/auth-register.dto.ts(7,3): error TS2305: Module '"class-validator"' has no exported member 'IsOptional'.
backend/newpennine-api/src/auth/dto/auth-register.dto.ts(8,3): error TS2305: Module '"class-validator"' has no exported member 'Matches'.
backend/newpennine-api/src/auth/dto/auth-register.dto.ts(12,4): error TS1240: Unable to resolve signature of property decorator when called as an expression.
  Argument of type 'undefined' is not assignable to parameter of type 'Object'.
backend/newpennine-api/src/auth/dto/auth-register.dto.ts(20,4): error TS1240: Unable to resolve signature of property decorator when called as an expression.
  Argument of type 'undefined' is not assignable to parameter of type 'Object'.
backend/newpennine-api/src/auth/dto/auth-register.dto.ts(34,4): error TS1240: Unable to resolve signature of property decorator when called as an expression.
  Argument of type 'undefined' is not assignable to parameter of type 'Object'.
backend/newpennine-api/src/auth/dto/auth-register.dto.ts(43,4): error TS1240: Unable to resolve signature of property decorator when called as an expression.
  Argument of type 'undefined' is not assignable to parameter of type 'Object'.
backend/newpennine-api/src/auth/dto/auth-register.dto.ts(52,4): error TS1240: Unable to resolve signature of property decorator when called as an expression.
  Argument of type 'undefined' is not assignable to parameter of type 'Object'.
backend/newpennine-api/src/auth/dto/auth-response.dto.ts(4,4): error TS1240: Unable to resolve signature of property decorator when called as an expression.
  Argument of type 'undefined' is not assignable to parameter of type 'Object'.
backend/newpennine-api/src/auth/dto/auth-response.dto.ts(10,4): error TS1240: Unable to resolve signature of property decorator when called as an expression.
  Argument of type 'undefined' is not assignable to parameter of type 'Object'.
backend/newpennine-api/src/auth/dto/auth-response.dto.ts(16,4): error TS1240: Unable to resolve signature of property decorator when called as an expression.
  Argument of type 'undefined' is not assignable to parameter of type 'Object'.
backend/newpennine-api/src/auth/dto/auth-response.dto.ts(23,4): error TS1240: Unable to resolve signature of property decorator when called as an expression.
  Argument of type 'undefined' is not assignable to parameter of type 'Object'.
backend/newpennine-api/src/auth/dto/auth-response.dto.ts(30,4): error TS1240: Unable to resolve signature of property decorator when called as an expression.
  Argument of type 'undefined' is not assignable to parameter of type 'Object'.
backend/newpennine-api/src/auth/dto/auth-response.dto.ts(37,4): error TS1240: Unable to resolve signature of property decorator when called as an expression.
  Argument of type 'undefined' is not assignable to parameter of type 'Object'.
backend/newpennine-api/src/auth/dto/auth-response.dto.ts(44,4): error TS1240: Unable to resolve signature of property decorator when called as an expression.
  Argument of type 'undefined' is not assignable to parameter of type 'Object'.
backend/newpennine-api/src/auth/dto/auth-response.dto.ts(50,4): error TS1240: Unable to resolve signature of property decorator when called as an expression.
  Argument of type 'undefined' is not assignable to parameter of type 'Object'.
backend/newpennine-api/src/auth/dto/auth-response.dto.ts(56,4): error TS1240: Unable to resolve signature of property decorator when called as an expression.
  Argument of type 'undefined' is not assignable to parameter of type 'Object'.
backend/newpennine-api/src/auth/dto/auth-response.dto.ts(64,4): error TS1240: Unable to resolve signature of property decorator when called as an expression.
  Argument of type 'undefined' is not assignable to parameter of type 'Object'.
backend/newpennine-api/src/auth/dto/auth-response.dto.ts(70,4): error TS1240: Unable to resolve signature of property decorator when called as an expression.
  Argument of type 'undefined' is not assignable to parameter of type 'Object'.
backend/newpennine-api/src/auth/dto/auth-response.dto.ts(76,4): error TS1240: Unable to resolve signature of property decorator when called as an expression.
  Argument of type 'undefined' is not assignable to parameter of type 'Object'.
backend/newpennine-api/src/auth/dto/auth-response.dto.ts(82,4): error TS1240: Unable to resolve signature of property decorator when called as an expression.
  Argument of type 'undefined' is not assignable to parameter of type 'Object'.
backend/newpennine-api/src/auth/dto/auth-response.dto.ts(88,4): error TS1240: Unable to resolve signature of property decorator when called as an expression.
  Argument of type 'undefined' is not assignable to parameter of type 'Object'.
backend/newpennine-api/src/auth/dto/auth-response.dto.ts(96,4): error TS1240: Unable to resolve signature of property decorator when called as an expression.
  Argument of type 'undefined' is not assignable to parameter of type 'Object'.
backend/newpennine-api/src/auth/dto/auth-response.dto.ts(102,4): error TS1240: Unable to resolve signature of property decorator when called as an expression.
  Argument of type 'undefined' is not assignable to parameter of type 'Object'.
backend/newpennine-api/src/auth/dto/auth-response.dto.ts(108,4): error TS1240: Unable to resolve signature of property decorator when called as an expression.
  Argument of type 'undefined' is not assignable to parameter of type 'Object'.
backend/newpennine-api/src/auth/guards/jwt-auth.guard.ts(2,3): error TS2305: Module '"@nestjs/common"' has no exported member 'Injectable'.
backend/newpennine-api/src/auth/guards/jwt-auth.guard.ts(3,3): error TS2305: Module '"@nestjs/common"' has no exported member 'ExecutionContext'.
backend/newpennine-api/src/auth/guards/jwt-auth.guard.ts(4,3): error TS2305: Module '"@nestjs/common"' has no exported member 'UnauthorizedException'.
backend/newpennine-api/src/auth/strategies/jwt.strategy.ts(1,10): error TS2305: Module '"@nestjs/common"' has no exported member 'Injectable'.
backend/newpennine-api/src/auth/strategies/jwt.strategy.ts(1,22): error TS2305: Module '"@nestjs/common"' has no exported member 'UnauthorizedException'.
backend/newpennine-api/src/auth/strategies/jwt.strategy.ts(1,45): error TS2305: Module '"@nestjs/common"' has no exported member 'Logger'.
backend/newpennine-api/src/grn/dto/grn-material-codes-query.dto.ts(1,10): error TS2305: Module '"class-validator"' has no exported member 'IsString'.
backend/newpennine-api/src/grn/dto/grn-material-codes-query.dto.ts(1,20): error TS2305: Module '"class-validator"' has no exported member 'IsNotEmpty'.
backend/newpennine-api/src/grn/dto/grn-references-query.dto.ts(1,10): error TS2305: Module '"class-validator"' has no exported member 'IsOptional'.
backend/newpennine-api/src/grn/dto/grn-references-query.dto.ts(1,22): error TS2305: Module '"class-validator"' has no exported member 'IsInt'.
backend/newpennine-api/src/grn/dto/grn-references-query.dto.ts(1,29): error TS2305: Module '"class-validator"' has no exported member 'Min'.
backend/newpennine-api/src/grn/dto/grn-references-query.dto.ts(1,34): error TS2305: Module '"class-validator"' has no exported member 'Max'.
backend/newpennine-api/src/grn/dto/grn-references-query.dto.ts(2,10): error TS2305: Module '"class-transformer"' has no exported member 'Type'.
backend/newpennine-api/src/grn/dto/grn-report-data-query.dto.ts(1,10): error TS2305: Module '"class-validator"' has no exported member 'IsString'.
backend/newpennine-api/src/grn/dto/grn-report-data-query.dto.ts(1,20): error TS2305: Module '"class-validator"' has no exported member 'IsNotEmpty'.
backend/newpennine-api/src/grn/dto/grn-report-data-query.dto.ts(1,32): error TS2305: Module '"class-validator"' has no exported member 'IsOptional'.
backend/newpennine-api/src/grn/dto/grn-report-data-query.dto.ts(1,44): error TS2305: Module '"class-validator"' has no exported member 'IsArray'.
backend/newpennine-api/src/grn/grn.controller.ts(2,3): error TS2305: Module '"@nestjs/common"' has no exported member 'Controller'.
backend/newpennine-api/src/grn/grn.controller.ts(3,3): error TS2305: Module '"@nestjs/common"' has no exported member 'Get'.
backend/newpennine-api/src/grn/grn.controller.ts(4,3): error TS2305: Module '"@nestjs/common"' has no exported member 'Query'.
backend/newpennine-api/src/grn/grn.controller.ts(5,3): error TS2305: Module '"@nestjs/common"' has no exported member 'Param'.
backend/newpennine-api/src/grn/grn.controller.ts(6,3): error TS2305: Module '"@nestjs/common"' has no exported member 'UseGuards'.
backend/newpennine-api/src/grn/grn.controller.ts(7,3): error TS2305: Module '"@nestjs/common"' has no exported member 'Logger'.
backend/newpennine-api/src/grn/grn.controller.ts(8,3): error TS2305: Module '"@nestjs/common"' has no exported member 'HttpStatus'.
backend/newpennine-api/src/grn/grn.controller.ts(9,3): error TS2305: Module '"@nestjs/common"' has no exported member 'HttpCode'.
backend/newpennine-api/src/grn/grn.controller.ts(36,5): error TS1206: Decorators are not valid here.
backend/newpennine-api/src/grn/grn.controller.ts(49,5): error TS1206: Decorators are not valid here.
backend/newpennine-api/src/grn/grn.controller.ts(64,5): error TS1206: Decorators are not valid here.
backend/newpennine-api/src/grn/grn.controller.ts(65,5): error TS1206: Decorators are not valid here.
backend/newpennine-api/src/grn/grn.module.ts(1,10): error TS2305: Module '"@nestjs/common"' has no exported member 'Module'.
backend/newpennine-api/src/grn/grn.service.ts(1,10): error TS2305: Module '"@nestjs/common"' has no exported member 'Injectable'.
backend/newpennine-api/src/grn/grn.service.ts(1,22): error TS2305: Module '"@nestjs/common"' has no exported member 'Logger'.
backend/newpennine-api/src/grn/grn.service.ts(1,30): error TS2305: Module '"@nestjs/common"' has no exported member 'NotFoundException'.
backend/newpennine-api/src/health/health.controller.ts(1,10): error TS2305: Module '"@nestjs/common"' has no exported member 'Controller'.
backend/newpennine-api/src/health/health.controller.ts(1,22): error TS2305: Module '"@nestjs/common"' has no exported member 'Get'.
backend/newpennine-api/src/health/health.module.ts(1,10): error TS2305: Module '"@nestjs/common"' has no exported member 'Module'.
backend/newpennine-api/src/health/health.service.ts(1,10): error TS2305: Module '"@nestjs/common"' has no exported member 'Injectable'.
backend/newpennine-api/src/history/dto/history-query.dto.ts(3,3): error TS2305: Module '"class-validator"' has no exported member 'IsOptional'.
backend/newpennine-api/src/history/dto/history-query.dto.ts(4,3): error TS2305: Module '"class-validator"' has no exported member 'IsString'.
backend/newpennine-api/src/history/dto/history-query.dto.ts(5,3): error TS2305: Module '"class-validator"' has no exported member 'IsNumber'.
backend/newpennine-api/src/history/dto/history-query.dto.ts(6,3): error TS2305: Module '"class-validator"' has no exported member 'IsDateString'.
backend/newpennine-api/src/history/dto/history-query.dto.ts(7,3): error TS2305: Module '"class-validator"' has no exported member 'IsEnum'.
backend/newpennine-api/src/history/dto/history-query.dto.ts(9,10): error TS2305: Module '"class-transformer"' has no exported member 'Transform'.
backend/newpennine-api/src/history/dto/history-query.dto.ts(9,21): error TS2305: Module '"class-transformer"' has no exported member 'Type'.
backend/newpennine-api/src/history/dto/history-query.dto.ts(22,4): error TS1240: Unable to resolve signature of property decorator when called as an expression.
  Argument of type 'undefined' is not assignable to parameter of type 'Object'.
backend/newpennine-api/src/history/dto/history-query.dto.ts(32,4): error TS1240: Unable to resolve signature of property decorator when called as an expression.
  Argument of type 'undefined' is not assignable to parameter of type 'Object'.
backend/newpennine-api/src/history/dto/history-query.dto.ts(42,4): error TS1240: Unable to resolve signature of property decorator when called as an expression.
  Argument of type 'undefined' is not assignable to parameter of type 'Object'.
backend/newpennine-api/src/history/dto/history-query.dto.ts(51,4): error TS1240: Unable to resolve signature of property decorator when called as an expression.
  Argument of type 'undefined' is not assignable to parameter of type 'Object'.
backend/newpennine-api/src/history/dto/history-query.dto.ts(60,4): error TS1240: Unable to resolve signature of property decorator when called as an expression.
  Argument of type 'undefined' is not assignable to parameter of type 'Object'.
backend/newpennine-api/src/history/dto/history-query.dto.ts(69,4): error TS1240: Unable to resolve signature of property decorator when called as an expression.
  Argument of type 'undefined' is not assignable to parameter of type 'Object'.
backend/newpennine-api/src/history/dto/history-query.dto.ts(78,4): error TS1240: Unable to resolve signature of property decorator when called as an expression.
  Argument of type 'undefined' is not assignable to parameter of type 'Object'.
backend/newpennine-api/src/history/dto/history-query.dto.ts(87,4): error TS1240: Unable to resolve signature of property decorator when called as an expression.
  Argument of type 'undefined' is not assignable to parameter of type 'Object'.
backend/newpennine-api/src/history/dto/history-query.dto.ts(96,4): error TS1240: Unable to resolve signature of property decorator when called as an expression.
  Argument of type 'undefined' is not assignable to parameter of type 'Object'.
backend/newpennine-api/src/history/dto/history-query.dto.ts(105,4): error TS1240: Unable to resolve signature of property decorator when called as an expression.
  Argument of type 'undefined' is not assignable to parameter of type 'Object'.
backend/newpennine-api/src/history/dto/history-query.dto.ts(114,4): error TS1240: Unable to resolve signature of property decorator when called as an expression.
  Argument of type 'undefined' is not assignable to parameter of type 'Object'.
backend/newpennine-api/src/history/dto/history-query.dto.ts(123,4): error TS1240: Unable to resolve signature of property decorator when called as an expression.
  Argument of type 'undefined' is not assignable to parameter of type 'Object'.
backend/newpennine-api/src/history/dto/history-response.dto.ts(4,4): error TS1240: Unable to resolve signature of property decorator when called as an expression.
  Argument of type 'undefined' is not assignable to parameter of type 'Object'.
backend/newpennine-api/src/history/dto/history-response.dto.ts(10,4): error TS1240: Unable to resolve signature of property decorator when called as an expression.
  Argument of type 'undefined' is not assignable to parameter of type 'Object'.
backend/newpennine-api/src/history/dto/history-response.dto.ts(16,4): error TS1240: Unable to resolve signature of property decorator when called as an expression.
  Argument of type 'undefined' is not assignable to parameter of type 'Object'.
backend/newpennine-api/src/history/dto/history-response.dto.ts(23,4): error TS1240: Unable to resolve signature of property decorator when called as an expression.
  Argument of type 'undefined' is not assignable to parameter of type 'Object'.
backend/newpennine-api/src/history/dto/history-response.dto.ts(30,4): error TS1240: Unable to resolve signature of property decorator when called as an expression.
  Argument of type 'undefined' is not assignable to parameter of type 'Object'.
backend/newpennine-api/src/history/dto/history-response.dto.ts(37,4): error TS1240: Unable to resolve signature of property decorator when called as an expression.
  Argument of type 'undefined' is not assignable to parameter of type 'Object'.
backend/newpennine-api/src/history/dto/history-response.dto.ts(44,4): error TS1240: Unable to resolve signature of property decorator when called as an expression.
  Argument of type 'undefined' is not assignable to parameter of type 'Object'.
backend/newpennine-api/src/history/dto/history-response.dto.ts(50,4): error TS1240: Unable to resolve signature of property decorator when called as an expression.
  Argument of type 'undefined' is not assignable to parameter of type 'Object'.
backend/newpennine-api/src/history/dto/history-response.dto.ts(57,4): error TS1240: Unable to resolve signature of property decorator when called as an expression.
  Argument of type 'undefined' is not assignable to parameter of type 'Object'.
backend/newpennine-api/src/history/dto/history-response.dto.ts(64,4): error TS1240: Unable to resolve signature of property decorator when called as an expression.
  Argument of type 'undefined' is not assignable to parameter of type 'Object'.
backend/newpennine-api/src/history/dto/history-response.dto.ts(71,4): error TS1240: Unable to resolve signature of property decorator when called as an expression.
  Argument of type 'undefined' is not assignable to parameter of type 'Object'.
backend/newpennine-api/src/history/dto/history-response.dto.ts(78,4): error TS1240: Unable to resolve signature of property decorator when called as an expression.
  Argument of type 'undefined' is not assignable to parameter of type 'Object'.
backend/newpennine-api/src/history/dto/history-response.dto.ts(85,4): error TS1240: Unable to resolve signature of property decorator when called as an expression.
  Argument of type 'undefined' is not assignable to parameter of type 'Object'.
backend/newpennine-api/src/history/dto/history-response.dto.ts(92,4): error TS1240: Unable to resolve signature of property decorator when called as an expression.
  Argument of type 'undefined' is not assignable to parameter of type 'Object'.
backend/newpennine-api/src/history/dto/history-response.dto.ts(99,4): error TS1240: Unable to resolve signature of property decorator when called as an expression.
  Argument of type 'undefined' is not assignable to parameter of type 'Object'.
backend/newpennine-api/src/history/dto/history-response.dto.ts(105,4): error TS1240: Unable to resolve signature of property decorator when called as an expression.
  Argument of type 'undefined' is not assignable to parameter of type 'Object'.
backend/newpennine-api/src/history/dto/history-response.dto.ts(111,4): error TS1240: Unable to resolve signature of property decorator when called as an expression.
  Argument of type 'undefined' is not assignable to parameter of type 'Object'.
backend/newpennine-api/src/history/dto/history-response.dto.ts(119,4): error TS1240: Unable to resolve signature of property decorator when called as an expression.
  Argument of type 'undefined' is not assignable to parameter of type 'Object'.
backend/newpennine-api/src/history/dto/history-response.dto.ts(125,4): error TS1240: Unable to resolve signature of property decorator when called as an expression.
  Argument of type 'undefined' is not assignable to parameter of type 'Object'.
backend/newpennine-api/src/history/dto/history-response.dto.ts(131,4): error TS1240: Unable to resolve signature of property decorator when called as an expression.
  Argument of type 'undefined' is not assignable to parameter of type 'Object'.
backend/newpennine-api/src/history/dto/history-response.dto.ts(137,4): error TS1240: Unable to resolve signature of property decorator when called as an expression.
  Argument of type 'undefined' is not assignable to parameter of type 'Object'.
backend/newpennine-api/src/history/dto/history-response.dto.ts(143,4): error TS1240: Unable to resolve signature of property decorator when called as an expression.
  Argument of type 'undefined' is not assignable to parameter of type 'Object'.
backend/newpennine-api/src/history/dto/history-response.dto.ts(149,4): error TS1240: Unable to resolve signature of property decorator when called as an expression.
  Argument of type 'undefined' is not assignable to parameter of type 'Object'.
backend/newpennine-api/src/history/dto/history-response.dto.ts(155,4): error TS1240: Unable to resolve signature of property decorator when called as an expression.
  Argument of type 'undefined' is not assignable to parameter of type 'Object'.
backend/newpennine-api/src/history/history.controller.ts(2,3): error TS2305: Module '"@nestjs/common"' has no exported member 'Controller'.
backend/newpennine-api/src/history/history.controller.ts(3,3): error TS2305: Module '"@nestjs/common"' has no exported member 'Get'.
backend/newpennine-api/src/history/history.controller.ts(4,3): error TS2305: Module '"@nestjs/common"' has no exported member 'Query'.
backend/newpennine-api/src/history/history.controller.ts(5,3): error TS2305: Module '"@nestjs/common"' has no exported member 'Param'.
backend/newpennine-api/src/history/history.controller.ts(6,3): error TS2305: Module '"@nestjs/common"' has no exported member 'Post'.
backend/newpennine-api/src/history/history.controller.ts(7,3): error TS2305: Module '"@nestjs/common"' has no exported member 'Body'.
backend/newpennine-api/src/history/history.controller.ts(8,3): error TS2305: Module '"@nestjs/common"' has no exported member 'UseGuards'.
backend/newpennine-api/src/history/history.controller.ts(9,3): error TS2305: Module '"@nestjs/common"' has no exported member 'HttpStatus'.
backend/newpennine-api/src/history/history.controller.ts(10,3): error TS2305: Module '"@nestjs/common"' has no exported member 'Logger'.
backend/newpennine-api/src/history/history.controller.ts(38,3): error TS1241: Unable to resolve signature of method decorator when called as an expression.
  The runtime will invoke the decorator with 2 arguments, but the decorator expects 3.
backend/newpennine-api/src/history/history.controller.ts(38,4): error TS1270: Decorator function return type 'void | TypedPropertyDescriptor<unknown>' is not assignable to type 'void | ((query: HistoryQueryDto) => Promise<HistoryResponseDto>)'.
  Type 'TypedPropertyDescriptor<unknown>' is not assignable to type 'void | ((query: HistoryQueryDto) => Promise<HistoryResponseDto>)'.
backend/newpennine-api/src/history/history.controller.ts(61,5): error TS1206: Decorators are not valid here.
backend/newpennine-api/src/history/history.controller.ts(74,3): error TS1241: Unable to resolve signature of method decorator when called as an expression.
  The runtime will invoke the decorator with 2 arguments, but the decorator expects 3.
backend/newpennine-api/src/history/history.controller.ts(74,4): error TS1270: Decorator function return type 'void | TypedPropertyDescriptor<unknown>' is not assignable to type 'void | ((palletId: string) => Promise<HistoryRecordDto[]>)'.
  Type 'TypedPropertyDescriptor<unknown>' is not assignable to type 'void | ((palletId: string) => Promise<HistoryRecordDto[]>)'.
backend/newpennine-api/src/history/history.controller.ts(101,5): error TS1206: Decorators are not valid here.
backend/newpennine-api/src/history/history.controller.ts(117,3): error TS1241: Unable to resolve signature of method decorator when called as an expression.
  The runtime will invoke the decorator with 2 arguments, but the decorator expects 3.
backend/newpennine-api/src/history/history.controller.ts(117,4): error TS1270: Decorator function return type 'void | TypedPropertyDescriptor<unknown>' is not assignable to type 'void | ((userId: string) => Promise<HistoryRecordDto[]>)'.
  Type 'TypedPropertyDescriptor<unknown>' is not assignable to type 'void | ((userId: string) => Promise<HistoryRecordDto[]>)'.
backend/newpennine-api/src/history/history.controller.ts(144,5): error TS1206: Decorators are not valid here.
backend/newpennine-api/src/history/history.controller.ts(157,3): error TS1241: Unable to resolve signature of method decorator when called as an expression.
  The runtime will invoke the decorator with 2 arguments, but the decorator expects 3.
backend/newpennine-api/src/history/history.controller.ts(157,4): error TS1270: Decorator function return type 'void | TypedPropertyDescriptor<unknown>' is not assignable to type 'void | ((createHistoryDto: { userId: string; action: string; palletId?: string | undefined; productCode?: string | undefined; productName?: string | undefined; location?: string | undefined; quantity?: number | undefined; ... 4 more ...; metadata?: any; }) => Promise<...>)'.
  Type 'TypedPropertyDescriptor<unknown>' is not assignable to type 'void | ((createHistoryDto: { userId: string; action: string; palletId?: string | undefined; productCode?: string | undefined; productName?: string | undefined; location?: string | undefined; quantity?: number | undefined; ... 4 more ...; metadata?: any; }) => Promise<...>)'.
backend/newpennine-api/src/history/history.controller.ts(179,5): error TS1206: Decorators are not valid here.
backend/newpennine-api/src/history/history.module.ts(1,10): error TS2305: Module '"@nestjs/common"' has no exported member 'Module'.
backend/newpennine-api/src/history/history.service.ts(1,10): error TS2305: Module '"@nestjs/common"' has no exported member 'Injectable'.
backend/newpennine-api/src/history/history.service.ts(1,22): error TS2305: Module '"@nestjs/common"' has no exported member 'Logger'.
backend/newpennine-api/src/inventory/dto/inventory-query.dto.ts(1,10): error TS2305: Module '"class-validator"' has no exported member 'IsOptional'.
backend/newpennine-api/src/inventory/dto/inventory-query.dto.ts(1,22): error TS2305: Module '"class-validator"' has no exported member 'IsString'.
backend/newpennine-api/src/inventory/dto/inventory-query.dto.ts(1,32): error TS2305: Module '"class-validator"' has no exported member 'IsNumberString'.
backend/newpennine-api/src/inventory/dto/inventory-query.dto.ts(1,48): error TS2305: Module '"class-validator"' has no exported member 'IsEnum'.
backend/newpennine-api/src/inventory/dto/stock-distribution-query.dto.ts(1,10): error TS2305: Module '"class-validator"' has no exported member 'IsOptional'.
backend/newpennine-api/src/inventory/dto/stock-distribution-query.dto.ts(1,22): error TS2305: Module '"class-validator"' has no exported member 'IsInt'.
backend/newpennine-api/src/inventory/dto/stock-distribution-query.dto.ts(1,29): error TS2305: Module '"class-validator"' has no exported member 'Min'.
backend/newpennine-api/src/inventory/dto/stock-distribution-query.dto.ts(1,34): error TS2305: Module '"class-validator"' has no exported member 'Max'.
backend/newpennine-api/src/inventory/dto/stock-distribution-query.dto.ts(2,10): error TS2305: Module '"class-transformer"' has no exported member 'Type'.
backend/newpennine-api/src/inventory/dto/stock-levels-query.dto.ts(2,10): error TS2305: Module '"class-validator"' has no exported member 'IsOptional'.
backend/newpennine-api/src/inventory/dto/stock-levels-query.dto.ts(2,22): error TS2305: Module '"class-validator"' has no exported member 'IsString'.
backend/newpennine-api/src/inventory/dto/stock-levels-query.dto.ts(2,32): error TS2305: Module '"class-validator"' has no exported member 'IsInt'.
backend/newpennine-api/src/inventory/dto/stock-levels-query.dto.ts(2,39): error TS2305: Module '"class-validator"' has no exported member 'Min'.
backend/newpennine-api/src/inventory/dto/stock-levels-query.dto.ts(2,44): error TS2305: Module '"class-validator"' has no exported member 'Max'.
backend/newpennine-api/src/inventory/dto/stock-levels-query.dto.ts(3,10): error TS2305: Module '"class-transformer"' has no exported member 'Transform'.
backend/newpennine-api/src/inventory/dto/stock-levels-query.dto.ts(6,4): error TS1240: Unable to resolve signature of property decorator when called as an expression.
  Argument of type 'undefined' is not assignable to parameter of type 'Object'.
backend/newpennine-api/src/inventory/dto/stock-levels-query.dto.ts(14,4): error TS1240: Unable to resolve signature of property decorator when called as an expression.
  Argument of type 'undefined' is not assignable to parameter of type 'Object'.
backend/newpennine-api/src/inventory/dto/stock-levels-query.dto.ts(22,4): error TS1240: Unable to resolve signature of property decorator when called as an expression.
  Argument of type 'undefined' is not assignable to parameter of type 'Object'.
backend/newpennine-api/src/inventory/dto/stock-levels-query.dto.ts(27,17): error TS7031: Binding element 'value' implicitly has an 'any' type.
backend/newpennine-api/src/inventory/dto/stock-levels-query.dto.ts(32,4): error TS1240: Unable to resolve signature of property decorator when called as an expression.
  Argument of type 'undefined' is not assignable to parameter of type 'Object'.
backend/newpennine-api/src/inventory/dto/stock-levels-query.dto.ts(37,17): error TS7031: Binding element 'value' implicitly has an 'any' type.
backend/newpennine-api/src/inventory/dto/stock-levels-query.dto.ts(42,4): error TS1240: Unable to resolve signature of property decorator when called as an expression.
  Argument of type 'undefined' is not assignable to parameter of type 'Object'.
backend/newpennine-api/src/inventory/dto/stock-levels-query.dto.ts(48,17): error TS7031: Binding element 'value' implicitly has an 'any' type.
backend/newpennine-api/src/inventory/dto/stock-levels-query.dto.ts(54,4): error TS1240: Unable to resolve signature of property decorator when called as an expression.
  Argument of type 'undefined' is not assignable to parameter of type 'Object'.
backend/newpennine-api/src/inventory/dto/stock-levels-query.dto.ts(60,17): error TS7031: Binding element 'value' implicitly has an 'any' type.
backend/newpennine-api/src/inventory/dto/stock-levels-response.dto.ts(4,4): error TS1240: Unable to resolve signature of property decorator when called as an expression.
  Argument of type 'undefined' is not assignable to parameter of type 'Object'.
backend/newpennine-api/src/inventory/dto/stock-levels-response.dto.ts(10,4): error TS1240: Unable to resolve signature of property decorator when called as an expression.
  Argument of type 'undefined' is not assignable to parameter of type 'Object'.
backend/newpennine-api/src/inventory/dto/stock-levels-response.dto.ts(16,4): error TS1240: Unable to resolve signature of property decorator when called as an expression.
  Argument of type 'undefined' is not assignable to parameter of type 'Object'.
backend/newpennine-api/src/inventory/dto/stock-levels-response.dto.ts(22,4): error TS1240: Unable to resolve signature of property decorator when called as an expression.
  Argument of type 'undefined' is not assignable to parameter of type 'Object'.
backend/newpennine-api/src/inventory/dto/stock-levels-response.dto.ts(28,4): error TS1240: Unable to resolve signature of property decorator when called as an expression.
  Argument of type 'undefined' is not assignable to parameter of type 'Object'.
backend/newpennine-api/src/inventory/dto/stock-levels-response.dto.ts(34,4): error TS1240: Unable to resolve signature of property decorator when called as an expression.
  Argument of type 'undefined' is not assignable to parameter of type 'Object'.
backend/newpennine-api/src/inventory/dto/stock-levels-response.dto.ts(42,4): error TS1240: Unable to resolve signature of property decorator when called as an expression.
  Argument of type 'undefined' is not assignable to parameter of type 'Object'.
backend/newpennine-api/src/inventory/dto/stock-levels-response.dto.ts(48,4): error TS1240: Unable to resolve signature of property decorator when called as an expression.
  Argument of type 'undefined' is not assignable to parameter of type 'Object'.
backend/newpennine-api/src/inventory/dto/stock-levels-response.dto.ts(54,4): error TS1240: Unable to resolve signature of property decorator when called as an expression.
  Argument of type 'undefined' is not assignable to parameter of type 'Object'.
backend/newpennine-api/src/inventory/dto/stock-levels-response.dto.ts(60,4): error TS1240: Unable to resolve signature of property decorator when called as an expression.
  Argument of type 'undefined' is not assignable to parameter of type 'Object'.
backend/newpennine-api/src/inventory/dto/stock-levels-response.dto.ts(66,4): error TS1240: Unable to resolve signature of property decorator when called as an expression.
  Argument of type 'undefined' is not assignable to parameter of type 'Object'.
backend/newpennine-api/src/inventory/inventory.controller.ts(2,3): error TS2305: Module '"@nestjs/common"' has no exported member 'Controller'.
backend/newpennine-api/src/inventory/inventory.controller.ts(3,3): error TS2305: Module '"@nestjs/common"' has no exported member 'Get'.
backend/newpennine-api/src/inventory/inventory.controller.ts(4,3): error TS2305: Module '"@nestjs/common"' has no exported member 'Param'.
backend/newpennine-api/src/inventory/inventory.controller.ts(5,3): error TS2305: Module '"@nestjs/common"' has no exported member 'Query'.
backend/newpennine-api/src/inventory/inventory.controller.ts(6,3): error TS2305: Module '"@nestjs/common"' has no exported member 'ValidationPipe'.
backend/newpennine-api/src/inventory/inventory.controller.ts(7,3): error TS2305: Module '"@nestjs/common"' has no exported member 'HttpException'.
backend/newpennine-api/src/inventory/inventory.controller.ts(8,3): error TS2305: Module '"@nestjs/common"' has no exported member 'HttpStatus'.
backend/newpennine-api/src/inventory/inventory.controller.ts(9,3): error TS2305: Module '"@nestjs/common"' has no exported member 'ParseIntPipe'.
backend/newpennine-api/src/inventory/inventory.controller.ts(10,3): error TS2305: Module '"@nestjs/common"' has no exported member 'UseGuards'.
backend/newpennine-api/src/inventory/inventory.controller.ts(40,5): error TS1206: Decorators are not valid here.
backend/newpennine-api/src/inventory/inventory.controller.ts(86,3): error TS1241: Unable to resolve signature of method decorator when called as an expression.
  The runtime will invoke the decorator with 2 arguments, but the decorator expects 3.
backend/newpennine-api/src/inventory/inventory.controller.ts(86,4): error TS1270: Decorator function return type 'void | TypedPropertyDescriptor<unknown>' is not assignable to type 'void | ((query: StockDistributionQueryDto) => Promise<StockDistributionResponseDto>)'.
  Type 'TypedPropertyDescriptor<unknown>' is not assignable to type 'void | ((query: StockDistributionQueryDto) => Promise<StockDistributionResponseDto>)'.
backend/newpennine-api/src/inventory/inventory.controller.ts(97,5): error TS1206: Decorators are not valid here.
backend/newpennine-api/src/inventory/inventory.controller.ts(114,3): error TS1241: Unable to resolve signature of method decorator when called as an expression.
  The runtime will invoke the decorator with 2 arguments, but the decorator expects 3.
backend/newpennine-api/src/inventory/inventory.controller.ts(114,4): error TS1270: Decorator function return type 'void | TypedPropertyDescriptor<unknown>' is not assignable to type 'void | ((query: StockLevelsQueryDto) => Promise<StockLevelsResponseDto>)'.
  Type 'TypedPropertyDescriptor<unknown>' is not assignable to type 'void | ((query: StockLevelsQueryDto) => Promise<StockLevelsResponseDto>)'.
backend/newpennine-api/src/inventory/inventory.controller.ts(125,5): error TS1206: Decorators are not valid here.
backend/newpennine-api/src/inventory/inventory.controller.ts(143,5): error TS1206: Decorators are not valid here.
backend/newpennine-api/src/inventory/inventory.module.ts(1,10): error TS2305: Module '"@nestjs/common"' has no exported member 'Module'.
backend/newpennine-api/src/inventory/inventory.service.ts(1,10): error TS2305: Module '"@nestjs/common"' has no exported member 'Injectable'.
backend/newpennine-api/src/inventory/inventory.service.ts(108,13): error TS2322: Type '{ id: any; plt_num: any; product_code: any; loc: string; warehouse: string; qty: any; damage: any; total_qty: any; last_update: any; product_description: any; product_colour: any; product_unit: null; pallet_series: null; pallet_generate_time: null; }[]' is not assignable to type 'InventoryDto[]'.
  Type '{ id: any; plt_num: any; product_code: any; loc: string; warehouse: string; qty: any; damage: any; total_qty: any; last_update: any; product_description: any; product_colour: any; product_unit: null; pallet_series: null; pallet_generate_time: null; }' is not assignable to type 'InventoryDto'.
    Types of property 'product_unit' are incompatible.
      Type 'null' is not assignable to type 'string | undefined'.
backend/newpennine-api/src/orders/dto/aco-query.dto.ts(2,3): error TS2305: Module '"class-validator"' has no exported member 'IsOptional'.
backend/newpennine-api/src/orders/dto/aco-query.dto.ts(3,3): error TS2305: Module '"class-validator"' has no exported member 'IsString'.
backend/newpennine-api/src/orders/dto/aco-query.dto.ts(4,3): error TS2305: Module '"class-validator"' has no exported member 'IsInt'.
backend/newpennine-api/src/orders/dto/aco-query.dto.ts(5,3): error TS2305: Module '"class-validator"' has no exported member 'IsDateString'.
backend/newpennine-api/src/orders/dto/aco-query.dto.ts(6,3): error TS2305: Module '"class-validator"' has no exported member 'IsEnum'.
backend/newpennine-api/src/orders/dto/aco-query.dto.ts(7,3): error TS2305: Module '"class-validator"' has no exported member 'IsArray'.
backend/newpennine-api/src/orders/dto/aco-query.dto.ts(9,10): error TS2305: Module '"class-transformer"' has no exported member 'Transform'.
backend/newpennine-api/src/orders/dto/aco-query.dto.ts(9,21): error TS2305: Module '"class-transformer"' has no exported member 'Type'.
backend/newpennine-api/src/orders/dto/aco-query.dto.ts(20,4): error TS1240: Unable to resolve signature of property decorator when called as an expression.
  Argument of type 'undefined' is not assignable to parameter of type 'Object'.
backend/newpennine-api/src/orders/dto/aco-query.dto.ts(31,4): error TS1240: Unable to resolve signature of property decorator when called as an expression.
  Argument of type 'undefined' is not assignable to parameter of type 'Object'.
backend/newpennine-api/src/orders/dto/aco-query.dto.ts(43,4): error TS1240: Unable to resolve signature of property decorator when called as an expression.
  Argument of type 'undefined' is not assignable to parameter of type 'Object'.
backend/newpennine-api/src/orders/dto/aco-query.dto.ts(51,4): error TS1240: Unable to resolve signature of property decorator when called as an expression.
  Argument of type 'undefined' is not assignable to parameter of type 'Object'.
backend/newpennine-api/src/orders/dto/aco-query.dto.ts(59,4): error TS1240: Unable to resolve signature of property decorator when called as an expression.
  Argument of type 'undefined' is not assignable to parameter of type 'Object'.
backend/newpennine-api/src/orders/dto/aco-query.dto.ts(67,4): error TS1240: Unable to resolve signature of property decorator when called as an expression.
  Argument of type 'undefined' is not assignable to parameter of type 'Object'.
backend/newpennine-api/src/orders/dto/aco-query.dto.ts(76,4): error TS1240: Unable to resolve signature of property decorator when called as an expression.
  Argument of type 'undefined' is not assignable to parameter of type 'Object'.
backend/newpennine-api/src/orders/dto/aco-query.dto.ts(84,4): error TS1240: Unable to resolve signature of property decorator when called as an expression.
  Argument of type 'undefined' is not assignable to parameter of type 'Object'.
backend/newpennine-api/src/orders/dto/aco-query.dto.ts(92,4): error TS1240: Unable to resolve signature of property decorator when called as an expression.
  Argument of type 'undefined' is not assignable to parameter of type 'Object'.
backend/newpennine-api/src/orders/dto/aco-query.dto.ts(100,4): error TS1240: Unable to resolve signature of property decorator when called as an expression.
  Argument of type 'undefined' is not assignable to parameter of type 'Object'.
backend/newpennine-api/src/orders/dto/aco-query.dto.ts(109,4): error TS1240: Unable to resolve signature of property decorator when called as an expression.
  Argument of type 'undefined' is not assignable to parameter of type 'Object'.
backend/newpennine-api/src/orders/dto/aco-query.dto.ts(119,4): error TS1240: Unable to resolve signature of property decorator when called as an expression.
  Argument of type 'undefined' is not assignable to parameter of type 'Object'.
backend/newpennine-api/src/orders/dto/aco-query.dto.ts(126,17): error TS7031: Binding element 'value' implicitly has an 'any' type.
backend/newpennine-api/src/orders/dto/aco-response.dto.ts(5,4): error TS1240: Unable to resolve signature of property decorator when called as an expression.
  Argument of type 'undefined' is not assignable to parameter of type 'Object'.
backend/newpennine-api/src/orders/dto/aco-response.dto.ts(11,4): error TS1240: Unable to resolve signature of property decorator when called as an expression.
  Argument of type 'undefined' is not assignable to parameter of type 'Object'.
backend/newpennine-api/src/orders/dto/aco-response.dto.ts(17,4): error TS1240: Unable to resolve signature of property decorator when called as an expression.
  Argument of type 'undefined' is not assignable to parameter of type 'Object'.
backend/newpennine-api/src/orders/dto/aco-response.dto.ts(23,4): error TS1240: Unable to resolve signature of property decorator when called as an expression.
  Argument of type 'undefined' is not assignable to parameter of type 'Object'.
backend/newpennine-api/src/orders/dto/aco-response.dto.ts(29,4): error TS1240: Unable to resolve signature of property decorator when called as an expression.
  Argument of type 'undefined' is not assignable to parameter of type 'Object'.
backend/newpennine-api/src/orders/dto/aco-response.dto.ts(35,4): error TS1240: Unable to resolve signature of property decorator when called as an expression.
  Argument of type 'undefined' is not assignable to parameter of type 'Object'.
backend/newpennine-api/src/orders/dto/aco-response.dto.ts(41,4): error TS1240: Unable to resolve signature of property decorator when called as an expression.
  Argument of type 'undefined' is not assignable to parameter of type 'Object'.
backend/newpennine-api/src/orders/dto/aco-response.dto.ts(47,4): error TS1240: Unable to resolve signature of property decorator when called as an expression.
  Argument of type 'undefined' is not assignable to parameter of type 'Object'.
backend/newpennine-api/src/orders/dto/aco-response.dto.ts(53,4): error TS1240: Unable to resolve signature of property decorator when called as an expression.
  Argument of type 'undefined' is not assignable to parameter of type 'Object'.
backend/newpennine-api/src/orders/dto/aco-response.dto.ts(60,4): error TS1240: Unable to resolve signature of property decorator when called as an expression.
  Argument of type 'undefined' is not assignable to parameter of type 'Object'.
backend/newpennine-api/src/orders/dto/aco-response.dto.ts(66,4): error TS1240: Unable to resolve signature of property decorator when called as an expression.
  Argument of type 'undefined' is not assignable to parameter of type 'Object'.
backend/newpennine-api/src/orders/dto/aco-response.dto.ts(72,4): error TS1240: Unable to resolve signature of property decorator when called as an expression.
  Argument of type 'undefined' is not assignable to parameter of type 'Object'.
backend/newpennine-api/src/orders/dto/aco-response.dto.ts(78,4): error TS1240: Unable to resolve signature of property decorator when called as an expression.
  Argument of type 'undefined' is not assignable to parameter of type 'Object'.
backend/newpennine-api/src/orders/dto/aco-response.dto.ts(84,4): error TS1240: Unable to resolve signature of property decorator when called as an expression.
  Argument of type 'undefined' is not assignable to parameter of type 'Object'.
backend/newpennine-api/src/orders/dto/aco-response.dto.ts(90,4): error TS1240: Unable to resolve signature of property decorator when called as an expression.
  Argument of type 'undefined' is not assignable to parameter of type 'Object'.
backend/newpennine-api/src/orders/dto/aco-response.dto.ts(96,4): error TS1240: Unable to resolve signature of property decorator when called as an expression.
  Argument of type 'undefined' is not assignable to parameter of type 'Object'.
backend/newpennine-api/src/orders/dto/aco-response.dto.ts(104,4): error TS1240: Unable to resolve signature of property decorator when called as an expression.
  Argument of type 'undefined' is not assignable to parameter of type 'Object'.
backend/newpennine-api/src/orders/dto/aco-response.dto.ts(110,4): error TS1240: Unable to resolve signature of property decorator when called as an expression.
  Argument of type 'undefined' is not assignable to parameter of type 'Object'.
backend/newpennine-api/src/orders/dto/aco-response.dto.ts(116,4): error TS1240: Unable to resolve signature of property decorator when called as an expression.
  Argument of type 'undefined' is not assignable to parameter of type 'Object'.
backend/newpennine-api/src/orders/dto/aco-response.dto.ts(122,4): error TS1240: Unable to resolve signature of property decorator when called as an expression.
  Argument of type 'undefined' is not assignable to parameter of type 'Object'.
backend/newpennine-api/src/orders/dto/aco-response.dto.ts(128,4): error TS1240: Unable to resolve signature of property decorator when called as an expression.
  Argument of type 'undefined' is not assignable to parameter of type 'Object'.
backend/newpennine-api/src/orders/dto/aco-response.dto.ts(134,4): error TS1240: Unable to resolve signature of property decorator when called as an expression.
  Argument of type 'undefined' is not assignable to parameter of type 'Object'.
backend/newpennine-api/src/orders/dto/aco-response.dto.ts(140,4): error TS1240: Unable to resolve signature of property decorator when called as an expression.
  Argument of type 'undefined' is not assignable to parameter of type 'Object'.
backend/newpennine-api/src/orders/dto/grn-query.dto.ts(2,3): error TS2305: Module '"class-validator"' has no exported member 'IsOptional'.
backend/newpennine-api/src/orders/dto/grn-query.dto.ts(3,3): error TS2305: Module '"class-validator"' has no exported member 'IsString'.
backend/newpennine-api/src/orders/dto/grn-query.dto.ts(4,3): error TS2305: Module '"class-validator"' has no exported member 'IsInt'.
backend/newpennine-api/src/orders/dto/grn-query.dto.ts(5,3): error TS2305: Module '"class-validator"' has no exported member 'IsDateString'.
backend/newpennine-api/src/orders/dto/grn-query.dto.ts(6,3): error TS2305: Module '"class-validator"' has no exported member 'IsEnum'.
backend/newpennine-api/src/orders/dto/grn-query.dto.ts(7,3): error TS2305: Module '"class-validator"' has no exported member 'IsArray'.
backend/newpennine-api/src/orders/dto/grn-query.dto.ts(8,3): error TS2305: Module '"class-validator"' has no exported member 'IsNumber'.
backend/newpennine-api/src/orders/dto/grn-query.dto.ts(10,10): error TS2305: Module '"class-transformer"' has no exported member 'Transform'.
backend/newpennine-api/src/orders/dto/grn-query.dto.ts(10,21): error TS2305: Module '"class-transformer"' has no exported member 'Type'.
backend/newpennine-api/src/orders/dto/grn-query.dto.ts(23,4): error TS1240: Unable to resolve signature of property decorator when called as an expression.
  Argument of type 'undefined' is not assignable to parameter of type 'Object'.
backend/newpennine-api/src/orders/dto/grn-query.dto.ts(34,4): error TS1240: Unable to resolve signature of property decorator when called as an expression.
  Argument of type 'undefined' is not assignable to parameter of type 'Object'.
backend/newpennine-api/src/orders/dto/grn-query.dto.ts(46,4): error TS1240: Unable to resolve signature of property decorator when called as an expression.
  Argument of type 'undefined' is not assignable to parameter of type 'Object'.
backend/newpennine-api/src/orders/dto/grn-query.dto.ts(54,4): error TS1240: Unable to resolve signature of property decorator when called as an expression.
  Argument of type 'undefined' is not assignable to parameter of type 'Object'.
backend/newpennine-api/src/orders/dto/grn-query.dto.ts(62,4): error TS1240: Unable to resolve signature of property decorator when called as an expression.
  Argument of type 'undefined' is not assignable to parameter of type 'Object'.
backend/newpennine-api/src/orders/dto/grn-query.dto.ts(70,4): error TS1240: Unable to resolve signature of property decorator when called as an expression.
  Argument of type 'undefined' is not assignable to parameter of type 'Object'.
backend/newpennine-api/src/orders/dto/grn-query.dto.ts(79,4): error TS1240: Unable to resolve signature of property decorator when called as an expression.
  Argument of type 'undefined' is not assignable to parameter of type 'Object'.
backend/newpennine-api/src/orders/dto/grn-query.dto.ts(87,4): error TS1240: Unable to resolve signature of property decorator when called as an expression.
  Argument of type 'undefined' is not assignable to parameter of type 'Object'.
backend/newpennine-api/src/orders/dto/grn-query.dto.ts(95,4): error TS1240: Unable to resolve signature of property decorator when called as an expression.
  Argument of type 'undefined' is not assignable to parameter of type 'Object'.
backend/newpennine-api/src/orders/dto/grn-query.dto.ts(104,4): error TS1240: Unable to resolve signature of property decorator when called as an expression.
  Argument of type 'undefined' is not assignable to parameter of type 'Object'.
backend/newpennine-api/src/orders/dto/grn-query.dto.ts(113,4): error TS1240: Unable to resolve signature of property decorator when called as an expression.
  Argument of type 'undefined' is not assignable to parameter of type 'Object'.
backend/newpennine-api/src/orders/dto/grn-query.dto.ts(121,4): error TS1240: Unable to resolve signature of property decorator when called as an expression.
  Argument of type 'undefined' is not assignable to parameter of type 'Object'.
backend/newpennine-api/src/orders/dto/grn-query.dto.ts(129,4): error TS1240: Unable to resolve signature of property decorator when called as an expression.
  Argument of type 'undefined' is not assignable to parameter of type 'Object'.
backend/newpennine-api/src/orders/dto/grn-query.dto.ts(138,4): error TS1240: Unable to resolve signature of property decorator when called as an expression.
  Argument of type 'undefined' is not assignable to parameter of type 'Object'.
backend/newpennine-api/src/orders/dto/grn-query.dto.ts(148,4): error TS1240: Unable to resolve signature of property decorator when called as an expression.
  Argument of type 'undefined' is not assignable to parameter of type 'Object'.
backend/newpennine-api/src/orders/dto/grn-query.dto.ts(155,17): error TS7031: Binding element 'value' implicitly has an 'any' type.
backend/newpennine-api/src/orders/dto/grn-response.dto.ts(5,4): error TS1240: Unable to resolve signature of property decorator when called as an expression.
  Argument of type 'undefined' is not assignable to parameter of type 'Object'.
backend/newpennine-api/src/orders/dto/grn-response.dto.ts(11,4): error TS1240: Unable to resolve signature of property decorator when called as an expression.
  Argument of type 'undefined' is not assignable to parameter of type 'Object'.
backend/newpennine-api/src/orders/dto/grn-response.dto.ts(17,4): error TS1240: Unable to resolve signature of property decorator when called as an expression.
  Argument of type 'undefined' is not assignable to parameter of type 'Object'.
backend/newpennine-api/src/orders/dto/grn-response.dto.ts(23,4): error TS1240: Unable to resolve signature of property decorator when called as an expression.
  Argument of type 'undefined' is not assignable to parameter of type 'Object'.
backend/newpennine-api/src/orders/dto/grn-response.dto.ts(29,4): error TS1240: Unable to resolve signature of property decorator when called as an expression.
  Argument of type 'undefined' is not assignable to parameter of type 'Object'.
backend/newpennine-api/src/orders/dto/grn-response.dto.ts(35,4): error TS1240: Unable to resolve signature of property decorator when called as an expression.
  Argument of type 'undefined' is not assignable to parameter of type 'Object'.
backend/newpennine-api/src/orders/dto/grn-response.dto.ts(41,4): error TS1240: Unable to resolve signature of property decorator when called as an expression.
  Argument of type 'undefined' is not assignable to parameter of type 'Object'.
backend/newpennine-api/src/orders/dto/grn-response.dto.ts(47,4): error TS1240: Unable to resolve signature of property decorator when called as an expression.
  Argument of type 'undefined' is not assignable to parameter of type 'Object'.
backend/newpennine-api/src/orders/dto/grn-response.dto.ts(53,4): error TS1240: Unable to resolve signature of property decorator when called as an expression.
  Argument of type 'undefined' is not assignable to parameter of type 'Object'.
backend/newpennine-api/src/orders/dto/grn-response.dto.ts(59,4): error TS1240: Unable to resolve signature of property decorator when called as an expression.
  Argument of type 'undefined' is not assignable to parameter of type 'Object'.
backend/newpennine-api/src/orders/dto/grn-response.dto.ts(65,4): error TS1240: Unable to resolve signature of property decorator when called as an expression.
  Argument of type 'undefined' is not assignable to parameter of type 'Object'.
backend/newpennine-api/src/orders/dto/grn-response.dto.ts(72,4): error TS1240: Unable to resolve signature of property decorator when called as an expression.
  Argument of type 'undefined' is not assignable to parameter of type 'Object'.
backend/newpennine-api/src/orders/dto/grn-response.dto.ts(78,4): error TS1240: Unable to resolve signature of property decorator when called as an expression.
  Argument of type 'undefined' is not assignable to parameter of type 'Object'.
backend/newpennine-api/src/orders/dto/grn-response.dto.ts(84,4): error TS1240: Unable to resolve signature of property decorator when called as an expression.
  Argument of type 'undefined' is not assignable to parameter of type 'Object'.
backend/newpennine-api/src/orders/dto/grn-response.dto.ts(90,4): error TS1240: Unable to resolve signature of property decorator when called as an expression.
  Argument of type 'undefined' is not assignable to parameter of type 'Object'.
backend/newpennine-api/src/orders/dto/grn-response.dto.ts(96,4): error TS1240: Unable to resolve signature of property decorator when called as an expression.
  Argument of type 'undefined' is not assignable to parameter of type 'Object'.
backend/newpennine-api/src/orders/dto/grn-response.dto.ts(102,4): error TS1240: Unable to resolve signature of property decorator when called as an expression.
  Argument of type 'undefined' is not assignable to parameter of type 'Object'.
backend/newpennine-api/src/orders/dto/grn-response.dto.ts(108,4): error TS1240: Unable to resolve signature of property decorator when called as an expression.
  Argument of type 'undefined' is not assignable to parameter of type 'Object'.
backend/newpennine-api/src/orders/dto/grn-response.dto.ts(114,4): error TS1240: Unable to resolve signature of property decorator when called as an expression.
  Argument of type 'undefined' is not assignable to parameter of type 'Object'.
backend/newpennine-api/src/orders/dto/grn-response.dto.ts(120,4): error TS1240: Unable to resolve signature of property decorator when called as an expression.
  Argument of type 'undefined' is not assignable to parameter of type 'Object'.
backend/newpennine-api/src/orders/dto/grn-response.dto.ts(126,4): error TS1240: Unable to resolve signature of property decorator when called as an expression.
  Argument of type 'undefined' is not assignable to parameter of type 'Object'.
backend/newpennine-api/src/orders/dto/grn-response.dto.ts(132,4): error TS1240: Unable to resolve signature of property decorator when called as an expression.
  Argument of type 'undefined' is not assignable to parameter of type 'Object'.
backend/newpennine-api/src/orders/dto/grn-response.dto.ts(138,4): error TS1240: Unable to resolve signature of property decorator when called as an expression.
  Argument of type 'undefined' is not assignable to parameter of type 'Object'.
backend/newpennine-api/src/orders/dto/grn-response.dto.ts(144,4): error TS1240: Unable to resolve signature of property decorator when called as an expression.
  Argument of type 'undefined' is not assignable to parameter of type 'Object'.
backend/newpennine-api/src/orders/dto/grn-response.dto.ts(150,4): error TS1240: Unable to resolve signature of property decorator when called as an expression.
  Argument of type 'undefined' is not assignable to parameter of type 'Object'.
backend/newpennine-api/src/orders/dto/grn-response.dto.ts(158,4): error TS1240: Unable to resolve signature of property decorator when called as an expression.
  Argument of type 'undefined' is not assignable to parameter of type 'Object'.
backend/newpennine-api/src/orders/dto/grn-response.dto.ts(164,4): error TS1240: Unable to resolve signature of property decorator when called as an expression.
  Argument of type 'undefined' is not assignable to parameter of type 'Object'.
backend/newpennine-api/src/orders/dto/grn-response.dto.ts(170,4): error TS1240: Unable to resolve signature of property decorator when called as an expression.
  Argument of type 'undefined' is not assignable to parameter of type 'Object'.
backend/newpennine-api/src/orders/dto/grn-response.dto.ts(176,4): error TS1240: Unable to resolve signature of property decorator when called as an expression.
  Argument of type 'undefined' is not assignable to parameter of type 'Object'.
backend/newpennine-api/src/orders/dto/grn-response.dto.ts(182,4): error TS1240: Unable to resolve signature of property decorator when called as an expression.
  Argument of type 'undefined' is not assignable to parameter of type 'Object'.
backend/newpennine-api/src/orders/dto/grn-response.dto.ts(188,4): error TS1240: Unable to resolve signature of property decorator when called as an expression.
  Argument of type 'undefined' is not assignable to parameter of type 'Object'.
backend/newpennine-api/src/orders/dto/grn-response.dto.ts(194,4): error TS1240: Unable to resolve signature of property decorator when called as an expression.
  Argument of type 'undefined' is not assignable to parameter of type 'Object'.
backend/newpennine-api/src/orders/orders.controller.ts(2,3): error TS2305: Module '"@nestjs/common"' has no exported member 'Controller'.
backend/newpennine-api/src/orders/orders.controller.ts(3,3): error TS2305: Module '"@nestjs/common"' has no exported member 'Get'.
backend/newpennine-api/src/orders/orders.controller.ts(4,3): error TS2305: Module '"@nestjs/common"' has no exported member 'Query'.
backend/newpennine-api/src/orders/orders.controller.ts(5,3): error TS2305: Module '"@nestjs/common"' has no exported member 'Param'.
backend/newpennine-api/src/orders/orders.controller.ts(6,3): error TS2305: Module '"@nestjs/common"' has no exported member 'HttpStatus'.
backend/newpennine-api/src/orders/orders.controller.ts(7,3): error TS2305: Module '"@nestjs/common"' has no exported member 'Logger'.
backend/newpennine-api/src/orders/orders.controller.ts(8,3): error TS2305: Module '"@nestjs/common"' has no exported member 'UseGuards'.
backend/newpennine-api/src/orders/orders.controller.ts(35,3): error TS1241: Unable to resolve signature of method decorator when called as an expression.
  The runtime will invoke the decorator with 2 arguments, but the decorator expects 3.
backend/newpennine-api/src/orders/orders.controller.ts(35,4): error TS1270: Decorator function return type 'void | TypedPropertyDescriptor<unknown>' is not assignable to type 'void | ((query: AcoQueryDto) => Promise<AcoResponseDto>)'.
  Type 'TypedPropertyDescriptor<unknown>' is not assignable to type 'void | ((query: AcoQueryDto) => Promise<AcoResponseDto>)'.
backend/newpennine-api/src/orders/orders.controller.ts(53,22): error TS1206: Decorators are not valid here.
backend/newpennine-api/src/orders/orders.controller.ts(59,3): error TS1241: Unable to resolve signature of method decorator when called as an expression.
  The runtime will invoke the decorator with 2 arguments, but the decorator expects 3.
backend/newpennine-api/src/orders/orders.controller.ts(59,4): error TS1270: Decorator function return type 'void | TypedPropertyDescriptor<unknown>' is not assignable to type 'void | ((id: string) => Promise<AcoRecordDto>)'.
  Type 'TypedPropertyDescriptor<unknown>' is not assignable to type 'void | ((id: string) => Promise<AcoRecordDto>)'.
backend/newpennine-api/src/orders/orders.controller.ts(82,25): error TS1206: Decorators are not valid here.
backend/newpennine-api/src/orders/orders.controller.ts(88,3): error TS1241: Unable to resolve signature of method decorator when called as an expression.
  The runtime will invoke the decorator with 2 arguments, but the decorator expects 3.
backend/newpennine-api/src/orders/orders.controller.ts(88,4): error TS1270: Decorator function return type 'void | TypedPropertyDescriptor<unknown>' is not assignable to type 'void | (() => Promise<any>)'.
  Type 'TypedPropertyDescriptor<unknown>' is not assignable to type 'void | (() => Promise<any>)'.
backend/newpennine-api/src/orders/orders.controller.ts(127,3): error TS1241: Unable to resolve signature of method decorator when called as an expression.
  The runtime will invoke the decorator with 2 arguments, but the decorator expects 3.
backend/newpennine-api/src/orders/orders.controller.ts(127,4): error TS1270: Decorator function return type 'void | TypedPropertyDescriptor<unknown>' is not assignable to type 'void | ((query: GrnQueryDto) => Promise<GrnResponseDto>)'.
  Type 'TypedPropertyDescriptor<unknown>' is not assignable to type 'void | ((query: GrnQueryDto) => Promise<GrnResponseDto>)'.
backend/newpennine-api/src/orders/orders.controller.ts(145,22): error TS1206: Decorators are not valid here.
backend/newpennine-api/src/orders/orders.controller.ts(151,3): error TS1241: Unable to resolve signature of method decorator when called as an expression.
  The runtime will invoke the decorator with 2 arguments, but the decorator expects 3.
backend/newpennine-api/src/orders/orders.controller.ts(151,4): error TS1270: Decorator function return type 'void | TypedPropertyDescriptor<unknown>' is not assignable to type 'void | ((id: string) => Promise<GrnRecordDto>)'.
  Type 'TypedPropertyDescriptor<unknown>' is not assignable to type 'void | ((id: string) => Promise<GrnRecordDto>)'.
backend/newpennine-api/src/orders/orders.controller.ts(174,25): error TS1206: Decorators are not valid here.
backend/newpennine-api/src/orders/orders.controller.ts(180,3): error TS1241: Unable to resolve signature of method decorator when called as an expression.
  The runtime will invoke the decorator with 2 arguments, but the decorator expects 3.
backend/newpennine-api/src/orders/orders.controller.ts(180,4): error TS1270: Decorator function return type 'void | TypedPropertyDescriptor<unknown>' is not assignable to type 'void | (() => Promise<any>)'.
  Type 'TypedPropertyDescriptor<unknown>' is not assignable to type 'void | (() => Promise<any>)'.
backend/newpennine-api/src/orders/orders.module.ts(1,10): error TS2305: Module '"@nestjs/common"' has no exported member 'Module'.
backend/newpennine-api/src/orders/orders.service.ts(2,3): error TS2305: Module '"@nestjs/common"' has no exported member 'Injectable'.
backend/newpennine-api/src/orders/orders.service.ts(3,3): error TS2305: Module '"@nestjs/common"' has no exported member 'Logger'.
backend/newpennine-api/src/orders/orders.service.ts(4,3): error TS2305: Module '"@nestjs/common"' has no exported member 'NotFoundException'.
backend/newpennine-api/src/orders/orders.service.ts(5,3): error TS2305: Module '"@nestjs/common"' has no exported member 'InternalServerErrorException'.
backend/newpennine-api/src/pallets/dto/pallets-query.dto.ts(1,10): error TS2305: Module '"class-validator"' has no exported member 'IsOptional'.
backend/newpennine-api/src/pallets/dto/pallets-query.dto.ts(1,22): error TS2305: Module '"class-validator"' has no exported member 'IsString'.
backend/newpennine-api/src/pallets/dto/pallets-query.dto.ts(1,32): error TS2305: Module '"class-validator"' has no exported member 'IsNumberString'.
backend/newpennine-api/src/pallets/pallets.controller.ts(2,3): error TS2305: Module '"@nestjs/common"' has no exported member 'Controller'.
backend/newpennine-api/src/pallets/pallets.controller.ts(3,3): error TS2305: Module '"@nestjs/common"' has no exported member 'Get'.
backend/newpennine-api/src/pallets/pallets.controller.ts(4,3): error TS2305: Module '"@nestjs/common"' has no exported member 'Param'.
backend/newpennine-api/src/pallets/pallets.controller.ts(5,3): error TS2305: Module '"@nestjs/common"' has no exported member 'Query'.
backend/newpennine-api/src/pallets/pallets.controller.ts(6,3): error TS2305: Module '"@nestjs/common"' has no exported member 'ValidationPipe'.
backend/newpennine-api/src/pallets/pallets.controller.ts(7,3): error TS2305: Module '"@nestjs/common"' has no exported member 'HttpException'.
backend/newpennine-api/src/pallets/pallets.controller.ts(8,3): error TS2305: Module '"@nestjs/common"' has no exported member 'HttpStatus'.
backend/newpennine-api/src/pallets/pallets.controller.ts(9,3): error TS2305: Module '"@nestjs/common"' has no exported member 'UseGuards'.
backend/newpennine-api/src/pallets/pallets.controller.ts(34,5): error TS1206: Decorators are not valid here.
backend/newpennine-api/src/pallets/pallets.controller.ts(61,5): error TS1206: Decorators are not valid here.
backend/newpennine-api/src/pallets/pallets.module.ts(1,10): error TS2305: Module '"@nestjs/common"' has no exported member 'Module'.
backend/newpennine-api/src/pallets/pallets.service.ts(1,10): error TS2305: Module '"@nestjs/common"' has no exported member 'Injectable'.
backend/newpennine-api/src/pallets/pallets.service.ts(76,13): error TS2322: Type '{ plt_num: any; product_code: any; generate_time: any; series: any; plt_remark: any; product_qty: any; pdf_url: any; product_description: any; location: null; warehouse: null; }[]' is not assignable to type 'PalletDto[]'.
  Type '{ plt_num: any; product_code: any; generate_time: any; series: any; plt_remark: any; product_qty: any; pdf_url: any; product_description: any; location: null; warehouse: null; }' is not assignable to type 'PalletDto'.
    Types of property 'location' are incompatible.
      Type 'null' is not assignable to type 'string | undefined'.
backend/newpennine-api/src/pallets/pallets.service.ts(167,9): error TS2322: Type 'null' is not assignable to type 'string | undefined'.
backend/newpennine-api/src/products/dto/products-types-response.dto.ts(4,4): error TS1240: Unable to resolve signature of property decorator when called as an expression.
  Argument of type 'undefined' is not assignable to parameter of type 'Object'.
backend/newpennine-api/src/products/dto/products-types-response.dto.ts(10,4): error TS1240: Unable to resolve signature of property decorator when called as an expression.
  Argument of type 'undefined' is not assignable to parameter of type 'Object'.
backend/newpennine-api/src/products/dto/products-types-response.dto.ts(16,4): error TS1240: Unable to resolve signature of property decorator when called as an expression.
  Argument of type 'undefined' is not assignable to parameter of type 'Object'.
backend/newpennine-api/src/products/dto/products-types-response.dto.ts(24,4): error TS1240: Unable to resolve signature of property decorator when called as an expression.
  Argument of type 'undefined' is not assignable to parameter of type 'Object'.
backend/newpennine-api/src/products/dto/products-types-response.dto.ts(30,4): error TS1240: Unable to resolve signature of property decorator when called as an expression.
  Argument of type 'undefined' is not assignable to parameter of type 'Object'.
backend/newpennine-api/src/products/dto/products-types-response.dto.ts(36,4): error TS1240: Unable to resolve signature of property decorator when called as an expression.
  Argument of type 'undefined' is not assignable to parameter of type 'Object'.
backend/newpennine-api/src/products/dto/products-types-response.dto.ts(42,4): error TS1240: Unable to resolve signature of property decorator when called as an expression.
  Argument of type 'undefined' is not assignable to parameter of type 'Object'.
backend/newpennine-api/src/products/dto/products-types-response.dto.ts(48,4): error TS1240: Unable to resolve signature of property decorator when called as an expression.
  Argument of type 'undefined' is not assignable to parameter of type 'Object'.
backend/newpennine-api/src/products/products.controller.ts(2,3): error TS2305: Module '"@nestjs/common"' has no exported member 'Controller'.
backend/newpennine-api/src/products/products.controller.ts(3,3): error TS2305: Module '"@nestjs/common"' has no exported member 'Get'.
backend/newpennine-api/src/products/products.controller.ts(4,3): error TS2305: Module '"@nestjs/common"' has no exported member 'HttpException'.
backend/newpennine-api/src/products/products.controller.ts(5,3): error TS2305: Module '"@nestjs/common"' has no exported member 'HttpStatus'.
backend/newpennine-api/src/products/products.controller.ts(6,3): error TS2305: Module '"@nestjs/common"' has no exported member 'UseGuards'.
backend/newpennine-api/src/products/products.controller.ts(26,3): error TS1241: Unable to resolve signature of method decorator when called as an expression.
  The runtime will invoke the decorator with 2 arguments, but the decorator expects 3.
backend/newpennine-api/src/products/products.controller.ts(26,4): error TS1270: Decorator function return type 'void | TypedPropertyDescriptor<unknown>' is not assignable to type 'void | (() => Promise<ProductsTypesResponseDto>)'.
  Type 'TypedPropertyDescriptor<unknown>' is not assignable to type 'void | (() => Promise<ProductsTypesResponseDto>)'.
backend/newpennine-api/src/products/products.module.ts(1,10): error TS2305: Module '"@nestjs/common"' has no exported member 'Module'.
backend/newpennine-api/src/products/products.service.ts(1,10): error TS2305: Module '"@nestjs/common"' has no exported member 'Injectable'.
backend/newpennine-api/src/rpc/dto/rpc-query.dto.ts(1,10): error TS2305: Module '"class-validator"' has no exported member 'IsOptional'.
backend/newpennine-api/src/rpc/dto/rpc-query.dto.ts(1,22): error TS2305: Module '"class-validator"' has no exported member 'IsString'.
backend/newpennine-api/src/rpc/dto/rpc-query.dto.ts(1,32): error TS2305: Module '"class-validator"' has no exported member 'IsNumber'.
backend/newpennine-api/src/rpc/dto/rpc-query.dto.ts(1,42): error TS2305: Module '"class-validator"' has no exported member 'IsDateString'.
backend/newpennine-api/src/rpc/dto/rpc-query.dto.ts(5,4): error TS1240: Unable to resolve signature of property decorator when called as an expression.
  Argument of type 'undefined' is not assignable to parameter of type 'Object'.
backend/newpennine-api/src/rpc/dto/rpc-query.dto.ts(10,4): error TS1240: Unable to resolve signature of property decorator when called as an expression.
  Argument of type 'undefined' is not assignable to parameter of type 'Object'.
backend/newpennine-api/src/rpc/dto/rpc-query.dto.ts(19,4): error TS1240: Unable to resolve signature of property decorator when called as an expression.
  Argument of type 'undefined' is not assignable to parameter of type 'Object'.
backend/newpennine-api/src/rpc/dto/rpc-query.dto.ts(24,4): error TS1240: Unable to resolve signature of property decorator when called as an expression.
  Argument of type 'undefined' is not assignable to parameter of type 'Object'.
backend/newpennine-api/src/rpc/dto/rpc-query.dto.ts(31,4): error TS1240: Unable to resolve signature of property decorator when called as an expression.
  Argument of type 'undefined' is not assignable to parameter of type 'Object'.
backend/newpennine-api/src/rpc/dto/rpc-query.dto.ts(36,4): error TS1240: Unable to resolve signature of property decorator when called as an expression.
  Argument of type 'undefined' is not assignable to parameter of type 'Object'.
backend/newpennine-api/src/rpc/dto/rpc-query.dto.ts(41,4): error TS1240: Unable to resolve signature of property decorator when called as an expression.
  Argument of type 'undefined' is not assignable to parameter of type 'Object'.
backend/newpennine-api/src/rpc/dto/rpc-query.dto.ts(46,4): error TS1240: Unable to resolve signature of property decorator when called as an expression.
  Argument of type 'undefined' is not assignable to parameter of type 'Object'.
backend/newpennine-api/src/rpc/dto/rpc-query.dto.ts(51,4): error TS1240: Unable to resolve signature of property decorator when called as an expression.
  Argument of type 'undefined' is not assignable to parameter of type 'Object'.
backend/newpennine-api/src/rpc/dto/rpc-response.dto.ts(4,4): error TS1240: Unable to resolve signature of property decorator when called as an expression.
  Argument of type 'undefined' is not assignable to parameter of type 'Object'.
backend/newpennine-api/src/rpc/dto/rpc-response.dto.ts(7,4): error TS1240: Unable to resolve signature of property decorator when called as an expression.
  Argument of type 'undefined' is not assignable to parameter of type 'Object'.
backend/newpennine-api/src/rpc/dto/rpc-response.dto.ts(10,4): error TS1240: Unable to resolve signature of property decorator when called as an expression.
  Argument of type 'undefined' is not assignable to parameter of type 'Object'.
backend/newpennine-api/src/rpc/dto/rpc-response.dto.ts(13,4): error TS1240: Unable to resolve signature of property decorator when called as an expression.
  Argument of type 'undefined' is not assignable to parameter of type 'Object'.
backend/newpennine-api/src/rpc/dto/rpc-response.dto.ts(22,4): error TS1240: Unable to resolve signature of property decorator when called as an expression.
  Argument of type 'undefined' is not assignable to parameter of type 'Object'.
backend/newpennine-api/src/rpc/dto/rpc-response.dto.ts(25,4): error TS1240: Unable to resolve signature of property decorator when called as an expression.
  Argument of type 'undefined' is not assignable to parameter of type 'Object'.
backend/newpennine-api/src/rpc/dto/rpc-response.dto.ts(31,4): error TS1240: Unable to resolve signature of property decorator when called as an expression.
  Argument of type 'undefined' is not assignable to parameter of type 'Object'.
backend/newpennine-api/src/rpc/dto/rpc-response.dto.ts(36,4): error TS1240: Unable to resolve signature of property decorator when called as an expression.
  Argument of type 'undefined' is not assignable to parameter of type 'Object'.
backend/newpennine-api/src/rpc/dto/rpc-response.dto.ts(39,4): error TS1240: Unable to resolve signature of property decorator when called as an expression.
  Argument of type 'undefined' is not assignable to parameter of type 'Object'.
backend/newpennine-api/src/rpc/dto/rpc-response.dto.ts(49,4): error TS1240: Unable to resolve signature of property decorator when called as an expression.
  Argument of type 'undefined' is not assignable to parameter of type 'Object'.
backend/newpennine-api/src/rpc/rpc.controller.ts(2,3): error TS2305: Module '"@nestjs/common"' has no exported member 'Controller'.
backend/newpennine-api/src/rpc/rpc.controller.ts(3,3): error TS2305: Module '"@nestjs/common"' has no exported member 'Get'.
backend/newpennine-api/src/rpc/rpc.controller.ts(4,3): error TS2305: Module '"@nestjs/common"' has no exported member 'Query'.
backend/newpennine-api/src/rpc/rpc.controller.ts(5,3): error TS2305: Module '"@nestjs/common"' has no exported member 'Logger'.
backend/newpennine-api/src/rpc/rpc.controller.ts(6,3): error TS2305: Module '"@nestjs/common"' has no exported member 'HttpException'.
backend/newpennine-api/src/rpc/rpc.controller.ts(7,3): error TS2305: Module '"@nestjs/common"' has no exported member 'HttpStatus'.
backend/newpennine-api/src/rpc/rpc.controller.ts(8,3): error TS2305: Module '"@nestjs/common"' has no exported member 'UseGuards'.
backend/newpennine-api/src/rpc/rpc.controller.ts(39,3): error TS1241: Unable to resolve signature of method decorator when called as an expression.
  The runtime will invoke the decorator with 2 arguments, but the decorator expects 3.
backend/newpennine-api/src/rpc/rpc.controller.ts(39,4): error TS1270: Decorator function return type 'void | TypedPropertyDescriptor<unknown>' is not assignable to type 'void | ((query: AwaitLocationCountQueryDto) => Promise<RpcResponseDto<AwaitLocationCountResponseDto>>)'.
  Type 'TypedPropertyDescriptor<unknown>' is not assignable to type 'void | ((query: AwaitLocationCountQueryDto) => Promise<RpcResponseDto<AwaitLocationCountResponseDto>>)'.
backend/newpennine-api/src/rpc/rpc.controller.ts(56,5): error TS1206: Decorators are not valid here.
backend/newpennine-api/src/rpc/rpc.controller.ts(93,3): error TS1241: Unable to resolve signature of method decorator when called as an expression.
  The runtime will invoke the decorator with 2 arguments, but the decorator expects 3.
backend/newpennine-api/src/rpc/rpc.controller.ts(93,4): error TS1270: Decorator function return type 'void | TypedPropertyDescriptor<unknown>' is not assignable to type 'void | ((query: StockLevelHistoryQueryDto) => Promise<RpcResponseDto<StockLevelHistoryResponseDto>>)'.
  Type 'TypedPropertyDescriptor<unknown>' is not assignable to type 'void | ((query: StockLevelHistoryQueryDto) => Promise<RpcResponseDto<StockLevelHistoryResponseDto>>)'.
backend/newpennine-api/src/rpc/rpc.controller.ts(126,5): error TS1206: Decorators are not valid here.
backend/newpennine-api/src/rpc/rpc.module.ts(1,10): error TS2305: Module '"@nestjs/common"' has no exported member 'Module'.
backend/newpennine-api/src/rpc/rpc.service.ts(1,10): error TS2305: Module '"@nestjs/common"' has no exported member 'Injectable'.
backend/newpennine-api/src/rpc/rpc.service.ts(1,22): error TS2305: Module '"@nestjs/common"' has no exported member 'Logger'.
backend/newpennine-api/src/supabase/supabase.module.ts(1,10): error TS2305: Module '"@nestjs/common"' has no exported member 'Module'.
backend/newpennine-api/src/supabase/supabase.service.ts(1,10): error TS2305: Module '"@nestjs/common"' has no exported member 'Injectable'.
backend/newpennine-api/src/supabase/supabase.service.ts(1,22): error TS2305: Module '"@nestjs/common"' has no exported member 'Inject'.
backend/newpennine-api/src/supabase/supabase.service.ts(11,5): error TS1206: Decorators are not valid here.
backend/newpennine-api/src/transfers/dto/transfer-response.dto.ts(4,4): error TS1240: Unable to resolve signature of property decorator when called as an expression.
  Argument of type 'undefined' is not assignable to parameter of type 'Object'.
backend/newpennine-api/src/transfers/dto/transfer-response.dto.ts(7,4): error TS1240: Unable to resolve signature of property decorator when called as an expression.
  Argument of type 'undefined' is not assignable to parameter of type 'Object'.
backend/newpennine-api/src/transfers/dto/transfer-response.dto.ts(10,4): error TS1240: Unable to resolve signature of property decorator when called as an expression.
  Argument of type 'undefined' is not assignable to parameter of type 'Object'.
backend/newpennine-api/src/transfers/dto/transfer-response.dto.ts(13,4): error TS1240: Unable to resolve signature of property decorator when called as an expression.
  Argument of type 'undefined' is not assignable to parameter of type 'Object'.
backend/newpennine-api/src/transfers/dto/transfer-response.dto.ts(16,4): error TS1240: Unable to resolve signature of property decorator when called as an expression.
  Argument of type 'undefined' is not assignable to parameter of type 'Object'.
backend/newpennine-api/src/transfers/dto/transfer-response.dto.ts(19,4): error TS1240: Unable to resolve signature of property decorator when called as an expression.
  Argument of type 'undefined' is not assignable to parameter of type 'Object'.
backend/newpennine-api/src/transfers/dto/transfer-response.dto.ts(22,4): error TS1240: Unable to resolve signature of property decorator when called as an expression.
  Argument of type 'undefined' is not assignable to parameter of type 'Object'.
backend/newpennine-api/src/transfers/dto/transfer-response.dto.ts(25,4): error TS1240: Unable to resolve signature of property decorator when called as an expression.
  Argument of type 'undefined' is not assignable to parameter of type 'Object'.
backend/newpennine-api/src/transfers/dto/transfer-response.dto.ts(28,4): error TS1240: Unable to resolve signature of property decorator when called as an expression.
  Argument of type 'undefined' is not assignable to parameter of type 'Object'.
backend/newpennine-api/src/transfers/dto/transfer-response.dto.ts(31,4): error TS1240: Unable to resolve signature of property decorator when called as an expression.
  Argument of type 'undefined' is not assignable to parameter of type 'Object'.
backend/newpennine-api/src/transfers/dto/transfer-response.dto.ts(34,4): error TS1240: Unable to resolve signature of property decorator when called as an expression.
  Argument of type 'undefined' is not assignable to parameter of type 'Object'.
backend/newpennine-api/src/transfers/dto/transfer-response.dto.ts(37,4): error TS1240: Unable to resolve signature of property decorator when called as an expression.
  Argument of type 'undefined' is not assignable to parameter of type 'Object'.
backend/newpennine-api/src/transfers/dto/transfer-response.dto.ts(40,4): error TS1240: Unable to resolve signature of property decorator when called as an expression.
  Argument of type 'undefined' is not assignable to parameter of type 'Object'.
backend/newpennine-api/src/transfers/dto/transfer-response.dto.ts(43,4): error TS1240: Unable to resolve signature of property decorator when called as an expression.
  Argument of type 'undefined' is not assignable to parameter of type 'Object'.
backend/newpennine-api/src/transfers/dto/transfer-response.dto.ts(48,4): error TS1240: Unable to resolve signature of property decorator when called as an expression.
  Argument of type 'undefined' is not assignable to parameter of type 'Object'.
backend/newpennine-api/src/transfers/dto/transfer-response.dto.ts(54,4): error TS1240: Unable to resolve signature of property decorator when called as an expression.
  Argument of type 'undefined' is not assignable to parameter of type 'Object'.
backend/newpennine-api/src/transfers/dto/transfer-response.dto.ts(57,4): error TS1240: Unable to resolve signature of property decorator when called as an expression.
  Argument of type 'undefined' is not assignable to parameter of type 'Object'.
backend/newpennine-api/src/transfers/dto/transfer-response.dto.ts(60,4): error TS1240: Unable to resolve signature of property decorator when called as an expression.
  Argument of type 'undefined' is not assignable to parameter of type 'Object'.
backend/newpennine-api/src/transfers/dto/transfer-response.dto.ts(63,4): error TS1240: Unable to resolve signature of property decorator when called as an expression.
  Argument of type 'undefined' is not assignable to parameter of type 'Object'.
backend/newpennine-api/src/transfers/dto/transfer-response.dto.ts(66,4): error TS1240: Unable to resolve signature of property decorator when called as an expression.
  Argument of type 'undefined' is not assignable to parameter of type 'Object'.
backend/newpennine-api/src/transfers/dto/transfer-response.dto.ts(69,4): error TS1240: Unable to resolve signature of property decorator when called as an expression.
  Argument of type 'undefined' is not assignable to parameter of type 'Object'.
backend/newpennine-api/src/transfers/dto/transfers-query.dto.ts(2,3): error TS2305: Module '"class-validator"' has no exported member 'IsOptional'.
backend/newpennine-api/src/transfers/dto/transfers-query.dto.ts(3,3): error TS2305: Module '"class-validator"' has no exported member 'IsString'.
backend/newpennine-api/src/transfers/dto/transfers-query.dto.ts(4,3): error TS2305: Module '"class-validator"' has no exported member 'IsNumber'.
backend/newpennine-api/src/transfers/dto/transfers-query.dto.ts(5,3): error TS2305: Module '"class-validator"' has no exported member 'IsDateString'.
backend/newpennine-api/src/transfers/dto/transfers-query.dto.ts(6,3): error TS2305: Module '"class-validator"' has no exported member 'IsEnum'.
backend/newpennine-api/src/transfers/dto/transfers-query.dto.ts(7,3): error TS2305: Module '"class-validator"' has no exported member 'Min'.
backend/newpennine-api/src/transfers/dto/transfers-query.dto.ts(8,3): error TS2305: Module '"class-validator"' has no exported member 'Max'.
backend/newpennine-api/src/transfers/dto/transfers-query.dto.ts(10,10): error TS2305: Module '"class-transformer"' has no exported member 'Type'.
backend/newpennine-api/src/transfers/dto/transfers-query.dto.ts(33,4): error TS1240: Unable to resolve signature of property decorator when called as an expression.
  Argument of type 'undefined' is not assignable to parameter of type 'Object'.
backend/newpennine-api/src/transfers/dto/transfers-query.dto.ts(38,4): error TS1240: Unable to resolve signature of property decorator when called as an expression.
  Argument of type 'undefined' is not assignable to parameter of type 'Object'.
backend/newpennine-api/src/transfers/dto/transfers-query.dto.ts(43,4): error TS1240: Unable to resolve signature of property decorator when called as an expression.
  Argument of type 'undefined' is not assignable to parameter of type 'Object'.
backend/newpennine-api/src/transfers/dto/transfers-query.dto.ts(48,4): error TS1240: Unable to resolve signature of property decorator when called as an expression.
  Argument of type 'undefined' is not assignable to parameter of type 'Object'.
backend/newpennine-api/src/transfers/dto/transfers-query.dto.ts(56,4): error TS1240: Unable to resolve signature of property decorator when called as an expression.
  Argument of type 'undefined' is not assignable to parameter of type 'Object'.
backend/newpennine-api/src/transfers/dto/transfers-query.dto.ts(65,4): error TS1240: Unable to resolve signature of property decorator when called as an expression.
  Argument of type 'undefined' is not assignable to parameter of type 'Object'.
backend/newpennine-api/src/transfers/dto/transfers-query.dto.ts(73,4): error TS1240: Unable to resolve signature of property decorator when called as an expression.
  Argument of type 'undefined' is not assignable to parameter of type 'Object'.
backend/newpennine-api/src/transfers/dto/transfers-query.dto.ts(81,4): error TS1240: Unable to resolve signature of property decorator when called as an expression.
  Argument of type 'undefined' is not assignable to parameter of type 'Object'.
backend/newpennine-api/src/transfers/dto/transfers-query.dto.ts(89,4): error TS1240: Unable to resolve signature of property decorator when called as an expression.
  Argument of type 'undefined' is not assignable to parameter of type 'Object'.
backend/newpennine-api/src/transfers/dto/transfers-query.dto.ts(101,4): error TS1240: Unable to resolve signature of property decorator when called as an expression.
  Argument of type 'undefined' is not assignable to parameter of type 'Object'.
backend/newpennine-api/src/transfers/dto/transfers-query.dto.ts(115,4): error TS1240: Unable to resolve signature of property decorator when called as an expression.
  Argument of type 'undefined' is not assignable to parameter of type 'Object'.
backend/newpennine-api/src/transfers/dto/transfers-query.dto.ts(125,4): error TS1240: Unable to resolve signature of property decorator when called as an expression.
  Argument of type 'undefined' is not assignable to parameter of type 'Object'.
backend/newpennine-api/src/transfers/dto/transfers-query.dto.ts(135,4): error TS1240: Unable to resolve signature of property decorator when called as an expression.
  Argument of type 'undefined' is not assignable to parameter of type 'Object'.
backend/newpennine-api/src/transfers/transfers.controller.ts(1,10): error TS2305: Module '"@nestjs/common"' has no exported member 'Controller'.
backend/newpennine-api/src/transfers/transfers.controller.ts(1,22): error TS2305: Module '"@nestjs/common"' has no exported member 'Get'.
backend/newpennine-api/src/transfers/transfers.controller.ts(1,27): error TS2305: Module '"@nestjs/common"' has no exported member 'Query'.
backend/newpennine-api/src/transfers/transfers.controller.ts(1,34): error TS2305: Module '"@nestjs/common"' has no exported member 'Logger'.
backend/newpennine-api/src/transfers/transfers.controller.ts(1,42): error TS2305: Module '"@nestjs/common"' has no exported member 'UseGuards'.
backend/newpennine-api/src/transfers/transfers.controller.ts(23,3): error TS1241: Unable to resolve signature of method decorator when called as an expression.
  The runtime will invoke the decorator with 2 arguments, but the decorator expects 3.
backend/newpennine-api/src/transfers/transfers.controller.ts(23,4): error TS1270: Decorator function return type 'void | TypedPropertyDescriptor<unknown>' is not assignable to type 'void | ((query: TransfersQueryDto) => Promise<TransfersListResponseDto>)'.
  Type 'TypedPropertyDescriptor<unknown>' is not assignable to type 'void | ((query: TransfersQueryDto) => Promise<TransfersListResponseDto>)'.
backend/newpennine-api/src/transfers/transfers.controller.ts(34,5): error TS1206: Decorators are not valid here.
backend/newpennine-api/src/transfers/transfers.module.ts(1,10): error TS2305: Module '"@nestjs/common"' has no exported member 'Module'.
backend/newpennine-api/src/transfers/transfers.service.ts(1,10): error TS2305: Module '"@nestjs/common"' has no exported member 'Injectable'.
backend/newpennine-api/src/transfers/transfers.service.ts(1,22): error TS2305: Module '"@nestjs/common"' has no exported member 'Logger'.
backend/newpennine-api/src/warehouse-transfers/dto/transfer-list-query.dto.ts(2,3): error TS2305: Module '"class-validator"' has no exported member 'IsOptional'.
backend/newpennine-api/src/warehouse-transfers/dto/transfer-list-query.dto.ts(3,3): error TS2305: Module '"class-validator"' has no exported member 'IsInt'.
backend/newpennine-api/src/warehouse-transfers/dto/transfer-list-query.dto.ts(4,3): error TS2305: Module '"class-validator"' has no exported member 'Min'.
backend/newpennine-api/src/warehouse-transfers/dto/transfer-list-query.dto.ts(5,3): error TS2305: Module '"class-validator"' has no exported member 'Max'.
backend/newpennine-api/src/warehouse-transfers/dto/transfer-list-query.dto.ts(6,3): error TS2305: Module '"class-validator"' has no exported member 'IsString'.
backend/newpennine-api/src/warehouse-transfers/dto/transfer-list-query.dto.ts(7,3): error TS2305: Module '"class-validator"' has no exported member 'IsDateString'.
backend/newpennine-api/src/warehouse-transfers/dto/transfer-list-query.dto.ts(9,10): error TS2305: Module '"class-transformer"' has no exported member 'Type'.
backend/newpennine-api/src/warehouse-transfers/warehouse-transfers.controller.ts(2,3): error TS2305: Module '"@nestjs/common"' has no exported member 'Controller'.
backend/newpennine-api/src/warehouse-transfers/warehouse-transfers.controller.ts(3,3): error TS2305: Module '"@nestjs/common"' has no exported member 'Get'.
backend/newpennine-api/src/warehouse-transfers/warehouse-transfers.controller.ts(4,3): error TS2305: Module '"@nestjs/common"' has no exported member 'Query'.
backend/newpennine-api/src/warehouse-transfers/warehouse-transfers.controller.ts(5,3): error TS2305: Module '"@nestjs/common"' has no exported member 'UseGuards'.
backend/newpennine-api/src/warehouse-transfers/warehouse-transfers.controller.ts(6,3): error TS2305: Module '"@nestjs/common"' has no exported member 'Logger'.
backend/newpennine-api/src/warehouse-transfers/warehouse-transfers.controller.ts(7,3): error TS2305: Module '"@nestjs/common"' has no exported member 'HttpStatus'.
backend/newpennine-api/src/warehouse-transfers/warehouse-transfers.controller.ts(8,3): error TS2305: Module '"@nestjs/common"' has no exported member 'HttpCode'.
backend/newpennine-api/src/warehouse-transfers/warehouse-transfers.controller.ts(31,5): error TS1206: Decorators are not valid here.
backend/newpennine-api/src/warehouse-transfers/warehouse-transfers.module.ts(1,10): error TS2305: Module '"@nestjs/common"' has no exported member 'Module'.
backend/newpennine-api/src/warehouse-transfers/warehouse-transfers.service.ts(1,10): error TS2305: Module '"@nestjs/common"' has no exported member 'Injectable'.
backend/newpennine-api/src/warehouse-transfers/warehouse-transfers.service.ts(1,22): error TS2305: Module '"@nestjs/common"' has no exported member 'Logger'.
backend/newpennine-api/src/widgets/cache/widget-cache.service.ts(1,10): error TS2305: Module '"@nestjs/common"' has no exported member 'Injectable'.
backend/newpennine-api/src/widgets/dto/inventory-ordered-analysis-query.dto.ts(2,10): error TS2305: Module '"class-validator"' has no exported member 'IsOptional'.
backend/newpennine-api/src/widgets/dto/inventory-ordered-analysis-query.dto.ts(2,22): error TS2305: Module '"class-validator"' has no exported member 'IsString'.
backend/newpennine-api/src/widgets/dto/inventory-ordered-analysis-query.dto.ts(2,32): error TS2305: Module '"class-validator"' has no exported member 'IsArray'.
backend/newpennine-api/src/widgets/dto/inventory-ordered-analysis-query.dto.ts(2,41): error TS2305: Module '"class-validator"' has no exported member 'IsDateString'.
backend/newpennine-api/src/widgets/dto/inventory-ordered-analysis-query.dto.ts(5,4): error TS1240: Unable to resolve signature of property decorator when called as an expression.
  Argument of type 'undefined' is not assignable to parameter of type 'Object'.
backend/newpennine-api/src/widgets/dto/inventory-ordered-analysis-query.dto.ts(12,4): error TS1240: Unable to resolve signature of property decorator when called as an expression.
  Argument of type 'undefined' is not assignable to parameter of type 'Object'.
backend/newpennine-api/src/widgets/dto/inventory-ordered-analysis-query.dto.ts(19,4): error TS1240: Unable to resolve signature of property decorator when called as an expression.
  Argument of type 'undefined' is not assignable to parameter of type 'Object'.
backend/newpennine-api/src/widgets/dto/inventory-ordered-analysis-query.dto.ts(27,4): error TS1240: Unable to resolve signature of property decorator when called as an expression.
  Argument of type 'undefined' is not assignable to parameter of type 'Object'.
backend/newpennine-api/src/widgets/dto/inventory-ordered-analysis-query.dto.ts(35,4): error TS1240: Unable to resolve signature of property decorator when called as an expression.
  Argument of type 'undefined' is not assignable to parameter of type 'Object'.
backend/newpennine-api/src/widgets/dto/inventory-ordered-analysis-response.dto.ts(4,4): error TS1240: Unable to resolve signature of property decorator when called as an expression.
  Argument of type 'undefined' is not assignable to parameter of type 'Object'.
backend/newpennine-api/src/widgets/dto/inventory-ordered-analysis-response.dto.ts(7,4): error TS1240: Unable to resolve signature of property decorator when called as an expression.
  Argument of type 'undefined' is not assignable to parameter of type 'Object'.
backend/newpennine-api/src/widgets/dto/inventory-ordered-analysis-response.dto.ts(13,4): error TS1240: Unable to resolve signature of property decorator when called as an expression.
  Argument of type 'undefined' is not assignable to parameter of type 'Object'.
backend/newpennine-api/src/widgets/dto/inventory-ordered-analysis-response.dto.ts(16,4): error TS1240: Unable to resolve signature of property decorator when called as an expression.
  Argument of type 'undefined' is not assignable to parameter of type 'Object'.
backend/newpennine-api/src/widgets/dto/inventory-ordered-analysis-response.dto.ts(19,4): error TS1240: Unable to resolve signature of property decorator when called as an expression.
  Argument of type 'undefined' is not assignable to parameter of type 'Object'.
backend/newpennine-api/src/widgets/dto/inventory-ordered-analysis-response.dto.ts(25,4): error TS1240: Unable to resolve signature of property decorator when called as an expression.
  Argument of type 'undefined' is not assignable to parameter of type 'Object'.
backend/newpennine-api/src/widgets/dto/inventory-ordered-analysis-response.dto.ts(28,4): error TS1240: Unable to resolve signature of property decorator when called as an expression.
  Argument of type 'undefined' is not assignable to parameter of type 'Object'.
backend/newpennine-api/src/widgets/dto/inventory-ordered-analysis-response.dto.ts(36,4): error TS1240: Unable to resolve signature of property decorator when called as an expression.
  Argument of type 'undefined' is not assignable to parameter of type 'Object'.
backend/newpennine-api/src/widgets/dto/inventory-ordered-analysis-response.dto.ts(42,4): error TS1240: Unable to resolve signature of property decorator when called as an expression.
  Argument of type 'undefined' is not assignable to parameter of type 'Object'.
backend/newpennine-api/src/widgets/dto/inventory-ordered-analysis-response.dto.ts(48,4): error TS1240: Unable to resolve signature of property decorator when called as an expression.
  Argument of type 'undefined' is not assignable to parameter of type 'Object'.
backend/newpennine-api/src/widgets/dto/inventory-ordered-analysis-response.dto.ts(54,4): error TS1240: Unable to resolve signature of property decorator when called as an expression.
  Argument of type 'undefined' is not assignable to parameter of type 'Object'.
backend/newpennine-api/src/widgets/dto/inventory-ordered-analysis-response.dto.ts(60,4): error TS1240: Unable to resolve signature of property decorator when called as an expression.
  Argument of type 'undefined' is not assignable to parameter of type 'Object'.
backend/newpennine-api/src/widgets/dto/inventory-ordered-analysis-response.dto.ts(66,4): error TS1240: Unable to resolve signature of property decorator when called as an expression.
  Argument of type 'undefined' is not assignable to parameter of type 'Object'.
backend/newpennine-api/src/widgets/dto/inventory-ordered-analysis-response.dto.ts(74,4): error TS1240: Unable to resolve signature of property decorator when called as an expression.
  Argument of type 'undefined' is not assignable to parameter of type 'Object'.
backend/newpennine-api/src/widgets/dto/inventory-ordered-analysis-response.dto.ts(80,4): error TS1240: Unable to resolve signature of property decorator when called as an expression.
  Argument of type 'undefined' is not assignable to parameter of type 'Object'.
backend/newpennine-api/src/widgets/dto/inventory-ordered-analysis-response.dto.ts(89,4): error TS1240: Unable to resolve signature of property decorator when called as an expression.
  Argument of type 'undefined' is not assignable to parameter of type 'Object'.
backend/newpennine-api/src/widgets/dto/inventory-ordered-analysis-response.dto.ts(95,4): error TS1240: Unable to resolve signature of property decorator when called as an expression.
  Argument of type 'undefined' is not assignable to parameter of type 'Object'.
backend/newpennine-api/src/widgets/dto/inventory-ordered-analysis-response.dto.ts(101,4): error TS1240: Unable to resolve signature of property decorator when called as an expression.
  Argument of type 'undefined' is not assignable to parameter of type 'Object'.
backend/newpennine-api/src/widgets/dto/inventory-ordered-analysis-response.dto.ts(108,4): error TS1240: Unable to resolve signature of property decorator when called as an expression.
  Argument of type 'undefined' is not assignable to parameter of type 'Object'.
backend/newpennine-api/src/widgets/dto/inventory-ordered-analysis-response.dto.ts(114,4): error TS1240: Unable to resolve signature of property decorator when called as an expression.
  Argument of type 'undefined' is not assignable to parameter of type 'Object'.
backend/newpennine-api/src/widgets/dto/product-distribution-query.dto.ts(1,10): error TS2305: Module '"class-validator"' has no exported member 'IsOptional'.
backend/newpennine-api/src/widgets/dto/product-distribution-query.dto.ts(1,22): error TS2305: Module '"class-validator"' has no exported member 'IsInt'.
backend/newpennine-api/src/widgets/dto/product-distribution-query.dto.ts(1,29): error TS2305: Module '"class-validator"' has no exported member 'Min'.
backend/newpennine-api/src/widgets/dto/product-distribution-query.dto.ts(1,34): error TS2305: Module '"class-validator"' has no exported member 'Max'.
backend/newpennine-api/src/widgets/dto/product-distribution-query.dto.ts(2,10): error TS2305: Module '"class-transformer"' has no exported member 'Type'.
backend/newpennine-api/src/widgets/dto/product-distribution-response.dto.ts(4,4): error TS1240: Unable to resolve signature of property decorator when called as an expression.
  Argument of type 'undefined' is not assignable to parameter of type 'Object'.
backend/newpennine-api/src/widgets/dto/product-distribution-response.dto.ts(7,4): error TS1240: Unable to resolve signature of property decorator when called as an expression.
  Argument of type 'undefined' is not assignable to parameter of type 'Object'.
backend/newpennine-api/src/widgets/dto/product-distribution-response.dto.ts(10,4): error TS1240: Unable to resolve signature of property decorator when called as an expression.
  Argument of type 'undefined' is not assignable to parameter of type 'Object'.
backend/newpennine-api/src/widgets/dto/product-distribution-response.dto.ts(13,4): error TS1240: Unable to resolve signature of property decorator when called as an expression.
  Argument of type 'undefined' is not assignable to parameter of type 'Object'.
backend/newpennine-api/src/widgets/dto/product-distribution-response.dto.ts(18,4): error TS1240: Unable to resolve signature of property decorator when called as an expression.
  Argument of type 'undefined' is not assignable to parameter of type 'Object'.
backend/newpennine-api/src/widgets/dto/product-distribution-response.dto.ts(21,4): error TS1240: Unable to resolve signature of property decorator when called as an expression.
  Argument of type 'undefined' is not assignable to parameter of type 'Object'.
backend/newpennine-api/src/widgets/dto/product-distribution-response.dto.ts(24,4): error TS1240: Unable to resolve signature of property decorator when called as an expression.
  Argument of type 'undefined' is not assignable to parameter of type 'Object'.
backend/newpennine-api/src/widgets/dto/product-distribution-response.dto.ts(27,4): error TS1240: Unable to resolve signature of property decorator when called as an expression.
  Argument of type 'undefined' is not assignable to parameter of type 'Object'.
backend/newpennine-api/src/widgets/dto/product-distribution-response.dto.ts(32,4): error TS1240: Unable to resolve signature of property decorator when called as an expression.
  Argument of type 'undefined' is not assignable to parameter of type 'Object'.
backend/newpennine-api/src/widgets/dto/product-distribution-response.dto.ts(38,4): error TS1240: Unable to resolve signature of property decorator when called as an expression.
  Argument of type 'undefined' is not assignable to parameter of type 'Object'.
backend/newpennine-api/src/widgets/dto/product-distribution-response.dto.ts(41,4): error TS1240: Unable to resolve signature of property decorator when called as an expression.
  Argument of type 'undefined' is not assignable to parameter of type 'Object'.
backend/newpennine-api/src/widgets/dto/product-distribution-response.dto.ts(44,4): error TS1240: Unable to resolve signature of property decorator when called as an expression.
  Argument of type 'undefined' is not assignable to parameter of type 'Object'.
backend/newpennine-api/src/widgets/dto/production-details-query.dto.ts(2,3): error TS2305: Module '"class-validator"' has no exported member 'IsNotEmpty'.
backend/newpennine-api/src/widgets/dto/production-details-query.dto.ts(3,3): error TS2305: Module '"class-validator"' has no exported member 'IsOptional'.
backend/newpennine-api/src/widgets/dto/production-details-query.dto.ts(4,3): error TS2305: Module '"class-validator"' has no exported member 'IsString'.
backend/newpennine-api/src/widgets/dto/production-details-query.dto.ts(5,3): error TS2305: Module '"class-validator"' has no exported member 'IsInt'.
backend/newpennine-api/src/widgets/dto/production-details-query.dto.ts(6,3): error TS2305: Module '"class-validator"' has no exported member 'Min'.
backend/newpennine-api/src/widgets/dto/production-details-query.dto.ts(7,3): error TS2305: Module '"class-validator"' has no exported member 'Max'.
backend/newpennine-api/src/widgets/dto/production-details-query.dto.ts(9,10): error TS2305: Module '"class-transformer"' has no exported member 'Type'.
backend/newpennine-api/src/widgets/dto/production-details-query.dto.ts(13,4): error TS1240: Unable to resolve signature of property decorator when called as an expression.
  Argument of type 'undefined' is not assignable to parameter of type 'Object'.
backend/newpennine-api/src/widgets/dto/production-details-query.dto.ts(21,4): error TS1240: Unable to resolve signature of property decorator when called as an expression.
  Argument of type 'undefined' is not assignable to parameter of type 'Object'.
backend/newpennine-api/src/widgets/dto/production-details-query.dto.ts(29,4): error TS1240: Unable to resolve signature of property decorator when called as an expression.
  Argument of type 'undefined' is not assignable to parameter of type 'Object'.
backend/newpennine-api/src/widgets/dto/production-details-query.dto.ts(38,4): error TS1240: Unable to resolve signature of property decorator when called as an expression.
  Argument of type 'undefined' is not assignable to parameter of type 'Object'.
backend/newpennine-api/src/widgets/dto/production-details-query.dto.ts(47,4): error TS1240: Unable to resolve signature of property decorator when called as an expression.
  Argument of type 'undefined' is not assignable to parameter of type 'Object'.
backend/newpennine-api/src/widgets/dto/production-details-response.dto.ts(4,4): error TS1240: Unable to resolve signature of property decorator when called as an expression.
  Argument of type 'undefined' is not assignable to parameter of type 'Object'.
backend/newpennine-api/src/widgets/dto/production-details-response.dto.ts(10,4): error TS1240: Unable to resolve signature of property decorator when called as an expression.
  Argument of type 'undefined' is not assignable to parameter of type 'Object'.
backend/newpennine-api/src/widgets/dto/production-details-response.dto.ts(16,4): error TS1240: Unable to resolve signature of property decorator when called as an expression.
  Argument of type 'undefined' is not assignable to parameter of type 'Object'.
backend/newpennine-api/src/widgets/dto/production-details-response.dto.ts(22,4): error TS1240: Unable to resolve signature of property decorator when called as an expression.
  Argument of type 'undefined' is not assignable to parameter of type 'Object'.
backend/newpennine-api/src/widgets/dto/production-details-response.dto.ts(28,4): error TS1240: Unable to resolve signature of property decorator when called as an expression.
  Argument of type 'undefined' is not assignable to parameter of type 'Object'.
backend/newpennine-api/src/widgets/dto/production-details-response.dto.ts(34,4): error TS1240: Unable to resolve signature of property decorator when called as an expression.
  Argument of type 'undefined' is not assignable to parameter of type 'Object'.
backend/newpennine-api/src/widgets/dto/production-details-response.dto.ts(40,4): error TS1240: Unable to resolve signature of property decorator when called as an expression.
  Argument of type 'undefined' is not assignable to parameter of type 'Object'.
backend/newpennine-api/src/widgets/dto/production-details-response.dto.ts(46,4): error TS1240: Unable to resolve signature of property decorator when called as an expression.
  Argument of type 'undefined' is not assignable to parameter of type 'Object'.
backend/newpennine-api/src/widgets/dto/production-details-response.dto.ts(52,4): error TS1240: Unable to resolve signature of property decorator when called as an expression.
  Argument of type 'undefined' is not assignable to parameter of type 'Object'.
backend/newpennine-api/src/widgets/dto/production-details-response.dto.ts(58,4): error TS1240: Unable to resolve signature of property decorator when called as an expression.
  Argument of type 'undefined' is not assignable to parameter of type 'Object'.
backend/newpennine-api/src/widgets/dto/production-details-response.dto.ts(66,4): error TS1240: Unable to resolve signature of property decorator when called as an expression.
  Argument of type 'undefined' is not assignable to parameter of type 'Object'.
backend/newpennine-api/src/widgets/dto/production-details-response.dto.ts(72,4): error TS1240: Unable to resolve signature of property decorator when called as an expression.
  Argument of type 'undefined' is not assignable to parameter of type 'Object'.
backend/newpennine-api/src/widgets/dto/production-details-response.dto.ts(78,4): error TS1240: Unable to resolve signature of property decorator when called as an expression.
  Argument of type 'undefined' is not assignable to parameter of type 'Object'.
backend/newpennine-api/src/widgets/dto/production-details-response.dto.ts(84,4): error TS1240: Unable to resolve signature of property decorator when called as an expression.
  Argument of type 'undefined' is not assignable to parameter of type 'Object'.
backend/newpennine-api/src/widgets/dto/production-details-response.dto.ts(90,4): error TS1240: Unable to resolve signature of property decorator when called as an expression.
  Argument of type 'undefined' is not assignable to parameter of type 'Object'.
backend/newpennine-api/src/widgets/dto/production-details-response.dto.ts(96,4): error TS1240: Unable to resolve signature of property decorator when called as an expression.
  Argument of type 'undefined' is not assignable to parameter of type 'Object'.
backend/newpennine-api/src/widgets/dto/production-details-response.dto.ts(104,4): error TS1240: Unable to resolve signature of property decorator when called as an expression.
  Argument of type 'undefined' is not assignable to parameter of type 'Object'.
backend/newpennine-api/src/widgets/dto/production-details-response.dto.ts(110,4): error TS1240: Unable to resolve signature of property decorator when called as an expression.
  Argument of type 'undefined' is not assignable to parameter of type 'Object'.
backend/newpennine-api/src/widgets/dto/production-details-response.dto.ts(116,4): error TS1240: Unable to resolve signature of property decorator when called as an expression.
  Argument of type 'undefined' is not assignable to parameter of type 'Object'.
backend/newpennine-api/src/widgets/dto/query.dto.ts(1,10): error TS2305: Module '"class-validator"' has no exported member 'IsOptional'.
backend/newpennine-api/src/widgets/dto/query.dto.ts(1,22): error TS2305: Module '"class-validator"' has no exported member 'IsString'.
backend/newpennine-api/src/widgets/dto/query.dto.ts(1,32): error TS2305: Module '"class-validator"' has no exported member 'IsNumberString'.
backend/newpennine-api/src/widgets/dto/staff-workload-query.dto.ts(1,10): error TS2305: Module '"class-validator"' has no exported member 'IsNotEmpty'.
backend/newpennine-api/src/widgets/dto/staff-workload-query.dto.ts(1,22): error TS2305: Module '"class-validator"' has no exported member 'IsOptional'.
backend/newpennine-api/src/widgets/dto/staff-workload-query.dto.ts(1,34): error TS2305: Module '"class-validator"' has no exported member 'IsString'.
backend/newpennine-api/src/widgets/dto/staff-workload-query.dto.ts(5,4): error TS1240: Unable to resolve signature of property decorator when called as an expression.
  Argument of type 'undefined' is not assignable to parameter of type 'Object'.
backend/newpennine-api/src/widgets/dto/staff-workload-query.dto.ts(13,4): error TS1240: Unable to resolve signature of property decorator when called as an expression.
  Argument of type 'undefined' is not assignable to parameter of type 'Object'.
backend/newpennine-api/src/widgets/dto/staff-workload-query.dto.ts(21,4): error TS1240: Unable to resolve signature of property decorator when called as an expression.
  Argument of type 'undefined' is not assignable to parameter of type 'Object'.
backend/newpennine-api/src/widgets/dto/staff-workload-query.dto.ts(30,4): error TS1240: Unable to resolve signature of property decorator when called as an expression.
  Argument of type 'undefined' is not assignable to parameter of type 'Object'.
backend/newpennine-api/src/widgets/dto/staff-workload-query.dto.ts(39,4): error TS1240: Unable to resolve signature of property decorator when called as an expression.
  Argument of type 'undefined' is not assignable to parameter of type 'Object'.
backend/newpennine-api/src/widgets/dto/staff-workload-response.dto.ts(4,4): error TS1240: Unable to resolve signature of property decorator when called as an expression.
  Argument of type 'undefined' is not assignable to parameter of type 'Object'.
backend/newpennine-api/src/widgets/dto/staff-workload-response.dto.ts(10,4): error TS1240: Unable to resolve signature of property decorator when called as an expression.
  Argument of type 'undefined' is not assignable to parameter of type 'Object'.
backend/newpennine-api/src/widgets/dto/staff-workload-response.dto.ts(16,4): error TS1240: Unable to resolve signature of property decorator when called as an expression.
  Argument of type 'undefined' is not assignable to parameter of type 'Object'.
backend/newpennine-api/src/widgets/dto/staff-workload-response.dto.ts(22,4): error TS1240: Unable to resolve signature of property decorator when called as an expression.
  Argument of type 'undefined' is not assignable to parameter of type 'Object'.
backend/newpennine-api/src/widgets/dto/staff-workload-response.dto.ts(28,4): error TS1240: Unable to resolve signature of property decorator when called as an expression.
  Argument of type 'undefined' is not assignable to parameter of type 'Object'.
backend/newpennine-api/src/widgets/dto/staff-workload-response.dto.ts(34,4): error TS1240: Unable to resolve signature of property decorator when called as an expression.
  Argument of type 'undefined' is not assignable to parameter of type 'Object'.
backend/newpennine-api/src/widgets/dto/staff-workload-response.dto.ts(42,4): error TS1240: Unable to resolve signature of property decorator when called as an expression.
  Argument of type 'undefined' is not assignable to parameter of type 'Object'.
backend/newpennine-api/src/widgets/dto/staff-workload-response.dto.ts(48,4): error TS1240: Unable to resolve signature of property decorator when called as an expression.
  Argument of type 'undefined' is not assignable to parameter of type 'Object'.
backend/newpennine-api/src/widgets/dto/staff-workload-response.dto.ts(54,4): error TS1240: Unable to resolve signature of property decorator when called as an expression.
  Argument of type 'undefined' is not assignable to parameter of type 'Object'.
backend/newpennine-api/src/widgets/dto/staff-workload-response.dto.ts(60,4): error TS1240: Unable to resolve signature of property decorator when called as an expression.
  Argument of type 'undefined' is not assignable to parameter of type 'Object'.
backend/newpennine-api/src/widgets/dto/staff-workload-response.dto.ts(66,4): error TS1240: Unable to resolve signature of property decorator when called as an expression.
  Argument of type 'undefined' is not assignable to parameter of type 'Object'.
backend/newpennine-api/src/widgets/dto/staff-workload-response.dto.ts(72,4): error TS1240: Unable to resolve signature of property decorator when called as an expression.
  Argument of type 'undefined' is not assignable to parameter of type 'Object'.
backend/newpennine-api/src/widgets/dto/staff-workload-response.dto.ts(80,4): error TS1240: Unable to resolve signature of property decorator when called as an expression.
  Argument of type 'undefined' is not assignable to parameter of type 'Object'.
backend/newpennine-api/src/widgets/dto/staff-workload-response.dto.ts(86,4): error TS1240: Unable to resolve signature of property decorator when called as an expression.
  Argument of type 'undefined' is not assignable to parameter of type 'Object'.
backend/newpennine-api/src/widgets/dto/staff-workload-response.dto.ts(92,4): error TS1240: Unable to resolve signature of property decorator when called as an expression.
  Argument of type 'undefined' is not assignable to parameter of type 'Object'.
backend/newpennine-api/src/widgets/dto/staff-workload-response.dto.ts(98,4): error TS1240: Unable to resolve signature of property decorator when called as an expression.
  Argument of type 'undefined' is not assignable to parameter of type 'Object'.
backend/newpennine-api/src/widgets/dto/staff-workload-response.dto.ts(106,4): error TS1240: Unable to resolve signature of property decorator when called as an expression.
  Argument of type 'undefined' is not assignable to parameter of type 'Object'.
backend/newpennine-api/src/widgets/dto/staff-workload-response.dto.ts(112,4): error TS1240: Unable to resolve signature of property decorator when called as an expression.
  Argument of type 'undefined' is not assignable to parameter of type 'Object'.
backend/newpennine-api/src/widgets/dto/staff-workload-response.dto.ts(118,4): error TS1240: Unable to resolve signature of property decorator when called as an expression.
  Argument of type 'undefined' is not assignable to parameter of type 'Object'.
backend/newpennine-api/src/widgets/dto/staff-workload-response.dto.ts(124,4): error TS1240: Unable to resolve signature of property decorator when called as an expression.
  Argument of type 'undefined' is not assignable to parameter of type 'Object'.
backend/newpennine-api/src/widgets/dto/stats-card-query.dto.ts(2,10): error TS2305: Module '"class-validator"' has no exported member 'IsOptional'.
backend/newpennine-api/src/widgets/dto/stats-card-query.dto.ts(2,22): error TS2305: Module '"class-validator"' has no exported member 'IsString'.
backend/newpennine-api/src/widgets/dto/stats-card-query.dto.ts(2,32): error TS2305: Module '"class-validator"' has no exported member 'IsEnum'.
backend/newpennine-api/src/widgets/dto/stats-card-query.dto.ts(17,4): error TS1240: Unable to resolve signature of property decorator when called as an expression.
  Argument of type 'undefined' is not assignable to parameter of type 'Object'.
backend/newpennine-api/src/widgets/dto/stats-card-query.dto.ts(25,4): error TS1240: Unable to resolve signature of property decorator when called as an expression.
  Argument of type 'undefined' is not assignable to parameter of type 'Object'.
backend/newpennine-api/src/widgets/dto/stats-card-query.dto.ts(34,4): error TS1240: Unable to resolve signature of property decorator when called as an expression.
  Argument of type 'undefined' is not assignable to parameter of type 'Object'.
backend/newpennine-api/src/widgets/dto/stats-card-query.dto.ts(43,4): error TS1240: Unable to resolve signature of property decorator when called as an expression.
  Argument of type 'undefined' is not assignable to parameter of type 'Object'.
backend/newpennine-api/src/widgets/dto/stats-card-query.dto.ts(52,4): error TS1240: Unable to resolve signature of property decorator when called as an expression.
  Argument of type 'undefined' is not assignable to parameter of type 'Object'.
backend/newpennine-api/src/widgets/dto/stats-card-response.dto.ts(4,4): error TS1240: Unable to resolve signature of property decorator when called as an expression.
  Argument of type 'undefined' is not assignable to parameter of type 'Object'.
backend/newpennine-api/src/widgets/dto/stats-card-response.dto.ts(10,4): error TS1240: Unable to resolve signature of property decorator when called as an expression.
  Argument of type 'undefined' is not assignable to parameter of type 'Object'.
backend/newpennine-api/src/widgets/dto/stats-card-response.dto.ts(16,4): error TS1240: Unable to resolve signature of property decorator when called as an expression.
  Argument of type 'undefined' is not assignable to parameter of type 'Object'.
backend/newpennine-api/src/widgets/dto/stats-card-response.dto.ts(22,4): error TS1240: Unable to resolve signature of property decorator when called as an expression.
  Argument of type 'undefined' is not assignable to parameter of type 'Object'.
backend/newpennine-api/src/widgets/dto/stats-card-response.dto.ts(28,4): error TS1240: Unable to resolve signature of property decorator when called as an expression.
  Argument of type 'undefined' is not assignable to parameter of type 'Object'.
backend/newpennine-api/src/widgets/dto/stats-card-response.dto.ts(36,4): error TS1240: Unable to resolve signature of property decorator when called as an expression.
  Argument of type 'undefined' is not assignable to parameter of type 'Object'.
backend/newpennine-api/src/widgets/dto/stats-card-response.dto.ts(42,4): error TS1240: Unable to resolve signature of property decorator when called as an expression.
  Argument of type 'undefined' is not assignable to parameter of type 'Object'.
backend/newpennine-api/src/widgets/dto/stats-card-response.dto.ts(49,4): error TS1240: Unable to resolve signature of property decorator when called as an expression.
  Argument of type 'undefined' is not assignable to parameter of type 'Object'.
backend/newpennine-api/src/widgets/dto/stats-card-response.dto.ts(57,4): error TS1240: Unable to resolve signature of property decorator when called as an expression.
  Argument of type 'undefined' is not assignable to parameter of type 'Object'.
backend/newpennine-api/src/widgets/dto/stats-card-response.dto.ts(64,4): error TS1240: Unable to resolve signature of property decorator when called as an expression.
  Argument of type 'undefined' is not assignable to parameter of type 'Object'.
backend/newpennine-api/src/widgets/dto/stats-card-response.dto.ts(70,4): error TS1240: Unable to resolve signature of property decorator when called as an expression.
  Argument of type 'undefined' is not assignable to parameter of type 'Object'.
backend/newpennine-api/src/widgets/dto/stock-distribution-query.dto.ts(2,10): error TS2305: Module '"class-validator"' has no exported member 'IsOptional'.
backend/newpennine-api/src/widgets/dto/stock-distribution-query.dto.ts(2,22): error TS2305: Module '"class-validator"' has no exported member 'IsString'.
backend/newpennine-api/src/widgets/dto/stock-distribution-query.dto.ts(2,32): error TS2305: Module '"class-validator"' has no exported member 'IsInt'.
backend/newpennine-api/src/widgets/dto/stock-distribution-query.dto.ts(2,39): error TS2305: Module '"class-validator"' has no exported member 'Min'.
backend/newpennine-api/src/widgets/dto/stock-distribution-query.dto.ts(2,44): error TS2305: Module '"class-validator"' has no exported member 'Max'.
backend/newpennine-api/src/widgets/dto/stock-distribution-query.dto.ts(3,10): error TS2305: Module '"class-transformer"' has no exported member 'Type'.
backend/newpennine-api/src/widgets/dto/stock-distribution-query.dto.ts(6,4): error TS1240: Unable to resolve signature of property decorator when called as an expression.
  Argument of type 'undefined' is not assignable to parameter of type 'Object'.
backend/newpennine-api/src/widgets/dto/stock-distribution-query.dto.ts(26,4): error TS1240: Unable to resolve signature of property decorator when called as an expression.
  Argument of type 'undefined' is not assignable to parameter of type 'Object'.
backend/newpennine-api/src/widgets/dto/stock-distribution-query.dto.ts(40,4): error TS1240: Unable to resolve signature of property decorator when called as an expression.
  Argument of type 'undefined' is not assignable to parameter of type 'Object'.
backend/newpennine-api/src/widgets/dto/stock-distribution-query.dto.ts(52,4): error TS1240: Unable to resolve signature of property decorator when called as an expression.
  Argument of type 'undefined' is not assignable to parameter of type 'Object'.
backend/newpennine-api/src/widgets/dto/stock-distribution-query.dto.ts(64,4): error TS1240: Unable to resolve signature of property decorator when called as an expression.
  Argument of type 'undefined' is not assignable to parameter of type 'Object'.
backend/newpennine-api/src/widgets/dto/stock-distribution-response.dto.ts(4,4): error TS1240: Unable to resolve signature of property decorator when called as an expression.
  Argument of type 'undefined' is not assignable to parameter of type 'Object'.
backend/newpennine-api/src/widgets/dto/stock-distribution-response.dto.ts(10,4): error TS1240: Unable to resolve signature of property decorator when called as an expression.
  Argument of type 'undefined' is not assignable to parameter of type 'Object'.
backend/newpennine-api/src/widgets/dto/stock-distribution-response.dto.ts(16,4): error TS1240: Unable to resolve signature of property decorator when called as an expression.
  Argument of type 'undefined' is not assignable to parameter of type 'Object'.
backend/newpennine-api/src/widgets/dto/stock-distribution-response.dto.ts(22,4): error TS1240: Unable to resolve signature of property decorator when called as an expression.
  Argument of type 'undefined' is not assignable to parameter of type 'Object'.
backend/newpennine-api/src/widgets/dto/stock-distribution-response.dto.ts(28,4): error TS1240: Unable to resolve signature of property decorator when called as an expression.
  Argument of type 'undefined' is not assignable to parameter of type 'Object'.
backend/newpennine-api/src/widgets/dto/stock-distribution-response.dto.ts(34,4): error TS1240: Unable to resolve signature of property decorator when called as an expression.
  Argument of type 'undefined' is not assignable to parameter of type 'Object'.
backend/newpennine-api/src/widgets/dto/stock-distribution-response.dto.ts(40,4): error TS1240: Unable to resolve signature of property decorator when called as an expression.
  Argument of type 'undefined' is not assignable to parameter of type 'Object'.
backend/newpennine-api/src/widgets/dto/stock-distribution-response.dto.ts(46,4): error TS1240: Unable to resolve signature of property decorator when called as an expression.
  Argument of type 'undefined' is not assignable to parameter of type 'Object'.
backend/newpennine-api/src/widgets/dto/stock-distribution-response.dto.ts(52,4): error TS1240: Unable to resolve signature of property decorator when called as an expression.
  Argument of type 'undefined' is not assignable to parameter of type 'Object'.
backend/newpennine-api/src/widgets/dto/stock-distribution-response.dto.ts(58,4): error TS1240: Unable to resolve signature of property decorator when called as an expression.
  Argument of type 'undefined' is not assignable to parameter of type 'Object'.
backend/newpennine-api/src/widgets/dto/stock-distribution-response.dto.ts(66,4): error TS1240: Unable to resolve signature of property decorator when called as an expression.
  Argument of type 'undefined' is not assignable to parameter of type 'Object'.
backend/newpennine-api/src/widgets/dto/stock-distribution-response.dto.ts(72,4): error TS1240: Unable to resolve signature of property decorator when called as an expression.
  Argument of type 'undefined' is not assignable to parameter of type 'Object'.
backend/newpennine-api/src/widgets/dto/stock-distribution-response.dto.ts(78,4): error TS1240: Unable to resolve signature of property decorator when called as an expression.
  Argument of type 'undefined' is not assignable to parameter of type 'Object'.
backend/newpennine-api/src/widgets/dto/stock-distribution-response.dto.ts(84,4): error TS1240: Unable to resolve signature of property decorator when called as an expression.
  Argument of type 'undefined' is not assignable to parameter of type 'Object'.
backend/newpennine-api/src/widgets/dto/stock-distribution-response.dto.ts(90,4): error TS1240: Unable to resolve signature of property decorator when called as an expression.
  Argument of type 'undefined' is not assignable to parameter of type 'Object'.
backend/newpennine-api/src/widgets/dto/stock-distribution-response.dto.ts(96,4): error TS1240: Unable to resolve signature of property decorator when called as an expression.
  Argument of type 'undefined' is not assignable to parameter of type 'Object'.
backend/newpennine-api/src/widgets/dto/stock-distribution-response.dto.ts(102,4): error TS1240: Unable to resolve signature of property decorator when called as an expression.
  Argument of type 'undefined' is not assignable to parameter of type 'Object'.
backend/newpennine-api/src/widgets/dto/stock-distribution-response.dto.ts(110,4): error TS1240: Unable to resolve signature of property decorator when called as an expression.
  Argument of type 'undefined' is not assignable to parameter of type 'Object'.
backend/newpennine-api/src/widgets/dto/stock-distribution-response.dto.ts(131,4): error TS1240: Unable to resolve signature of property decorator when called as an expression.
  Argument of type 'undefined' is not assignable to parameter of type 'Object'.
backend/newpennine-api/src/widgets/dto/stock-distribution-response.dto.ts(138,4): error TS1240: Unable to resolve signature of property decorator when called as an expression.
  Argument of type 'undefined' is not assignable to parameter of type 'Object'.
backend/newpennine-api/src/widgets/dto/stock-distribution-response.dto.ts(144,4): error TS1240: Unable to resolve signature of property decorator when called as an expression.
  Argument of type 'undefined' is not assignable to parameter of type 'Object'.
backend/newpennine-api/src/widgets/dto/top-products-by-quantity-query.dto.ts(1,10): error TS2305: Module '"class-validator"' has no exported member 'IsOptional'.
backend/newpennine-api/src/widgets/dto/top-products-by-quantity-query.dto.ts(1,22): error TS2305: Module '"class-validator"' has no exported member 'IsString'.
backend/newpennine-api/src/widgets/dto/top-products-by-quantity-query.dto.ts(1,32): error TS2305: Module '"class-validator"' has no exported member 'IsInt'.
backend/newpennine-api/src/widgets/dto/top-products-by-quantity-query.dto.ts(1,39): error TS2305: Module '"class-validator"' has no exported member 'Min'.
backend/newpennine-api/src/widgets/dto/top-products-by-quantity-query.dto.ts(1,44): error TS2305: Module '"class-validator"' has no exported member 'Max'.
backend/newpennine-api/src/widgets/dto/top-products-by-quantity-query.dto.ts(2,10): error TS2305: Module '"class-transformer"' has no exported member 'Type'.
backend/newpennine-api/src/widgets/dto/top-products-by-quantity-query.dto.ts(6,4): error TS1240: Unable to resolve signature of property decorator when called as an expression.
  Argument of type 'undefined' is not assignable to parameter of type 'Object'.
backend/newpennine-api/src/widgets/dto/top-products-by-quantity-query.dto.ts(20,4): error TS1240: Unable to resolve signature of property decorator when called as an expression.
  Argument of type 'undefined' is not assignable to parameter of type 'Object'.
backend/newpennine-api/src/widgets/dto/top-products-by-quantity-query.dto.ts(29,4): error TS1240: Unable to resolve signature of property decorator when called as an expression.
  Argument of type 'undefined' is not assignable to parameter of type 'Object'.
backend/newpennine-api/src/widgets/dto/top-products-by-quantity-query.dto.ts(39,4): error TS1240: Unable to resolve signature of property decorator when called as an expression.
  Argument of type 'undefined' is not assignable to parameter of type 'Object'.
backend/newpennine-api/src/widgets/dto/top-products-by-quantity-response.dto.ts(4,4): error TS1240: Unable to resolve signature of property decorator when called as an expression.
  Argument of type 'undefined' is not assignable to parameter of type 'Object'.
backend/newpennine-api/src/widgets/dto/top-products-by-quantity-response.dto.ts(10,4): error TS1240: Unable to resolve signature of property decorator when called as an expression.
  Argument of type 'undefined' is not assignable to parameter of type 'Object'.
backend/newpennine-api/src/widgets/dto/top-products-by-quantity-response.dto.ts(16,4): error TS1240: Unable to resolve signature of property decorator when called as an expression.
  Argument of type 'undefined' is not assignable to parameter of type 'Object'.
backend/newpennine-api/src/widgets/dto/top-products-by-quantity-response.dto.ts(22,4): error TS1240: Unable to resolve signature of property decorator when called as an expression.
  Argument of type 'undefined' is not assignable to parameter of type 'Object'.
backend/newpennine-api/src/widgets/dto/top-products-by-quantity-response.dto.ts(29,4): error TS1240: Unable to resolve signature of property decorator when called as an expression.
  Argument of type 'undefined' is not assignable to parameter of type 'Object'.
backend/newpennine-api/src/widgets/dto/top-products-by-quantity-response.dto.ts(36,4): error TS1240: Unable to resolve signature of property decorator when called as an expression.
  Argument of type 'undefined' is not assignable to parameter of type 'Object'.
backend/newpennine-api/src/widgets/dto/top-products-by-quantity-response.dto.ts(42,4): error TS1240: Unable to resolve signature of property decorator when called as an expression.
  Argument of type 'undefined' is not assignable to parameter of type 'Object'.
backend/newpennine-api/src/widgets/dto/top-products-by-quantity-response.dto.ts(50,4): error TS1240: Unable to resolve signature of property decorator when called as an expression.
  Argument of type 'undefined' is not assignable to parameter of type 'Object'.
backend/newpennine-api/src/widgets/dto/top-products-by-quantity-response.dto.ts(56,4): error TS1240: Unable to resolve signature of property decorator when called as an expression.
  Argument of type 'undefined' is not assignable to parameter of type 'Object'.
backend/newpennine-api/src/widgets/dto/top-products-by-quantity-response.dto.ts(62,4): error TS1240: Unable to resolve signature of property decorator when called as an expression.
  Argument of type 'undefined' is not assignable to parameter of type 'Object'.
backend/newpennine-api/src/widgets/dto/top-products-by-quantity-response.dto.ts(68,4): error TS1240: Unable to resolve signature of property decorator when called as an expression.
  Argument of type 'undefined' is not assignable to parameter of type 'Object'.
backend/newpennine-api/src/widgets/dto/top-products-by-quantity-response.dto.ts(74,4): error TS1240: Unable to resolve signature of property decorator when called as an expression.
  Argument of type 'undefined' is not assignable to parameter of type 'Object'.
backend/newpennine-api/src/widgets/dto/top-products-by-quantity-response.dto.ts(82,4): error TS1240: Unable to resolve signature of property decorator when called as an expression.
  Argument of type 'undefined' is not assignable to parameter of type 'Object'.
backend/newpennine-api/src/widgets/dto/top-products-by-quantity-response.dto.ts(88,4): error TS1240: Unable to resolve signature of property decorator when called as an expression.
  Argument of type 'undefined' is not assignable to parameter of type 'Object'.
backend/newpennine-api/src/widgets/dto/top-products-by-quantity-response.dto.ts(94,4): error TS1240: Unable to resolve signature of property decorator when called as an expression.
  Argument of type 'undefined' is not assignable to parameter of type 'Object'.
backend/newpennine-api/src/widgets/dto/transaction-report-query.dto.ts(1,10): error TS2305: Module '"class-validator"' has no exported member 'IsDateString'.
backend/newpennine-api/src/widgets/dto/transaction-report-query.dto.ts(1,24): error TS2305: Module '"class-validator"' has no exported member 'IsOptional'.
backend/newpennine-api/src/widgets/dto/transaction-report-response.dto.ts(4,4): error TS1240: Unable to resolve signature of property decorator when called as an expression.
  Argument of type 'undefined' is not assignable to parameter of type 'Object'.
backend/newpennine-api/src/widgets/dto/transaction-report-response.dto.ts(7,4): error TS1240: Unable to resolve signature of property decorator when called as an expression.
  Argument of type 'undefined' is not assignable to parameter of type 'Object'.
backend/newpennine-api/src/widgets/dto/transaction-report-response.dto.ts(10,4): error TS1240: Unable to resolve signature of property decorator when called as an expression.
  Argument of type 'undefined' is not assignable to parameter of type 'Object'.
backend/newpennine-api/src/widgets/dto/transaction-report-response.dto.ts(13,4): error TS1240: Unable to resolve signature of property decorator when called as an expression.
  Argument of type 'undefined' is not assignable to parameter of type 'Object'.
backend/newpennine-api/src/widgets/dto/transaction-report-response.dto.ts(16,4): error TS1240: Unable to resolve signature of property decorator when called as an expression.
  Argument of type 'undefined' is not assignable to parameter of type 'Object'.
backend/newpennine-api/src/widgets/dto/transaction-report-response.dto.ts(19,4): error TS1240: Unable to resolve signature of property decorator when called as an expression.
  Argument of type 'undefined' is not assignable to parameter of type 'Object'.
backend/newpennine-api/src/widgets/dto/transaction-report-response.dto.ts(22,4): error TS1240: Unable to resolve signature of property decorator when called as an expression.
  Argument of type 'undefined' is not assignable to parameter of type 'Object'.
backend/newpennine-api/src/widgets/dto/transaction-report-response.dto.ts(25,4): error TS1240: Unable to resolve signature of property decorator when called as an expression.
  Argument of type 'undefined' is not assignable to parameter of type 'Object'.
backend/newpennine-api/src/widgets/dto/transaction-report-response.dto.ts(28,4): error TS1240: Unable to resolve signature of property decorator when called as an expression.
  Argument of type 'undefined' is not assignable to parameter of type 'Object'.
backend/newpennine-api/src/widgets/dto/transaction-report-response.dto.ts(31,4): error TS1240: Unable to resolve signature of property decorator when called as an expression.
  Argument of type 'undefined' is not assignable to parameter of type 'Object'.
backend/newpennine-api/src/widgets/dto/transaction-report-response.dto.ts(34,4): error TS1240: Unable to resolve signature of property decorator when called as an expression.
  Argument of type 'undefined' is not assignable to parameter of type 'Object'.
backend/newpennine-api/src/widgets/dto/transaction-report-response.dto.ts(39,4): error TS1240: Unable to resolve signature of property decorator when called as an expression.
  Argument of type 'undefined' is not assignable to parameter of type 'Object'.
backend/newpennine-api/src/widgets/dto/transaction-report-response.dto.ts(42,4): error TS1240: Unable to resolve signature of property decorator when called as an expression.
  Argument of type 'undefined' is not assignable to parameter of type 'Object'.
backend/newpennine-api/src/widgets/dto/transaction-report-response.dto.ts(45,4): error TS1240: Unable to resolve signature of property decorator when called as an expression.
  Argument of type 'undefined' is not assignable to parameter of type 'Object'.
backend/newpennine-api/src/widgets/dto/transaction-report-response.dto.ts(48,4): error TS1240: Unable to resolve signature of property decorator when called as an expression.
  Argument of type 'undefined' is not assignable to parameter of type 'Object'.
backend/newpennine-api/src/widgets/dto/transaction-report-response.dto.ts(51,4): error TS1240: Unable to resolve signature of property decorator when called as an expression.
  Argument of type 'undefined' is not assignable to parameter of type 'Object'.
backend/newpennine-api/src/widgets/dto/transaction-report-response.dto.ts(56,4): error TS1240: Unable to resolve signature of property decorator when called as an expression.
  Argument of type 'undefined' is not assignable to parameter of type 'Object'.
backend/newpennine-api/src/widgets/dto/transaction-report-response.dto.ts(59,4): error TS1240: Unable to resolve signature of property decorator when called as an expression.
  Argument of type 'undefined' is not assignable to parameter of type 'Object'.
backend/newpennine-api/src/widgets/dto/transaction-report-response.dto.ts(62,4): error TS1240: Unable to resolve signature of property decorator when called as an expression.
  Argument of type 'undefined' is not assignable to parameter of type 'Object'.
backend/newpennine-api/src/widgets/dto/transaction-report-response.dto.ts(65,4): error TS1240: Unable to resolve signature of property decorator when called as an expression.
  Argument of type 'undefined' is not assignable to parameter of type 'Object'.
backend/newpennine-api/src/widgets/dto/transaction-report-response.dto.ts(68,4): error TS1240: Unable to resolve signature of property decorator when called as an expression.
  Argument of type 'undefined' is not assignable to parameter of type 'Object'.
backend/newpennine-api/src/widgets/dto/transaction-report-response.dto.ts(73,4): error TS1240: Unable to resolve signature of property decorator when called as an expression.
  Argument of type 'undefined' is not assignable to parameter of type 'Object'.
backend/newpennine-api/src/widgets/dto/transaction-report-response.dto.ts(79,4): error TS1240: Unable to resolve signature of property decorator when called as an expression.
  Argument of type 'undefined' is not assignable to parameter of type 'Object'.
backend/newpennine-api/src/widgets/dto/transaction-report-response.dto.ts(82,4): error TS1240: Unable to resolve signature of property decorator when called as an expression.
  Argument of type 'undefined' is not assignable to parameter of type 'Object'.
backend/newpennine-api/src/widgets/dto/transaction-report-response.dto.ts(85,4): error TS1240: Unable to resolve signature of property decorator when called as an expression.
  Argument of type 'undefined' is not assignable to parameter of type 'Object'.
backend/newpennine-api/src/widgets/dto/transaction-report-response.dto.ts(88,4): error TS1240: Unable to resolve signature of property decorator when called as an expression.
  Argument of type 'undefined' is not assignable to parameter of type 'Object'.
backend/newpennine-api/src/widgets/guards/widget-permissions.guard.ts(2,3): error TS2305: Module '"@nestjs/common"' has no exported member 'Injectable'.
backend/newpennine-api/src/widgets/guards/widget-permissions.guard.ts(3,3): error TS2305: Module '"@nestjs/common"' has no exported member 'CanActivate'.
backend/newpennine-api/src/widgets/guards/widget-permissions.guard.ts(4,3): error TS2305: Module '"@nestjs/common"' has no exported member 'ExecutionContext'.
backend/newpennine-api/src/widgets/guards/widget-permissions.guard.ts(5,3): error TS2305: Module '"@nestjs/common"' has no exported member 'ForbiddenException'.
backend/newpennine-api/src/widgets/guards/widget-permissions.guard.ts(6,3): error TS2305: Module '"@nestjs/common"' has no exported member 'SetMetadata'.
backend/newpennine-api/src/widgets/widgets.controller.spec.ts(2,10): error TS2305: Module '"@nestjs/common"' has no exported member 'HttpException'.
backend/newpennine-api/src/widgets/widgets.controller.spec.ts(29,25): error TS2339: Property 'get' does not exist on type 'TestingModule'.
backend/newpennine-api/src/widgets/widgets.controller.spec.ts(30,22): error TS2339: Property 'get' does not exist on type 'TestingModule'.
backend/newpennine-api/src/widgets/widgets.controller.ts(2,3): error TS2305: Module '"@nestjs/common"' has no exported member 'Controller'.
backend/newpennine-api/src/widgets/widgets.controller.ts(3,3): error TS2305: Module '"@nestjs/common"' has no exported member 'Get'.
backend/newpennine-api/src/widgets/widgets.controller.ts(4,3): error TS2305: Module '"@nestjs/common"' has no exported member 'Query'.
backend/newpennine-api/src/widgets/widgets.controller.ts(5,3): error TS2305: Module '"@nestjs/common"' has no exported member 'HttpException'.
backend/newpennine-api/src/widgets/widgets.controller.ts(6,3): error TS2305: Module '"@nestjs/common"' has no exported member 'HttpStatus'.
backend/newpennine-api/src/widgets/widgets.controller.ts(7,3): error TS2305: Module '"@nestjs/common"' has no exported member 'ValidationPipe'.
backend/newpennine-api/src/widgets/widgets.controller.ts(8,3): error TS2305: Module '"@nestjs/common"' has no exported member 'UseGuards'.
backend/newpennine-api/src/widgets/widgets.controller.ts(52,3): error TS1241: Unable to resolve signature of method decorator when called as an expression.
  The runtime will invoke the decorator with 2 arguments, but the decorator expects 3.
backend/newpennine-api/src/widgets/widgets.controller.ts(52,4): error TS1270: Decorator function return type 'void | TypedPropertyDescriptor<unknown>' is not assignable to type 'void | ((query: StatsQueryDto) => Promise<StatsResponseDto>)'.
  Type 'TypedPropertyDescriptor<unknown>' is not assignable to type 'void | ((query: StatsQueryDto) => Promise<StatsResponseDto>)'.
backend/newpennine-api/src/widgets/widgets.controller.ts(58,5): error TS1206: Decorators are not valid here.
backend/newpennine-api/src/widgets/widgets.controller.ts(76,3): error TS1241: Unable to resolve signature of method decorator when called as an expression.
  The runtime will invoke the decorator with 2 arguments, but the decorator expects 3.
backend/newpennine-api/src/widgets/widgets.controller.ts(76,4): error TS1270: Decorator function return type 'void | TypedPropertyDescriptor<unknown>' is not assignable to type 'void | ((query: InventoryQueryDto) => Promise<InventoryResponseDto>)'.
  Type 'TypedPropertyDescriptor<unknown>' is not assignable to type 'void | ((query: InventoryQueryDto) => Promise<InventoryResponseDto>)'.
backend/newpennine-api/src/widgets/widgets.controller.ts(82,5): error TS1206: Decorators are not valid here.
backend/newpennine-api/src/widgets/widgets.controller.ts(107,3): error TS1241: Unable to resolve signature of method decorator when called as an expression.
  The runtime will invoke the decorator with 2 arguments, but the decorator expects 3.
backend/newpennine-api/src/widgets/widgets.controller.ts(107,4): error TS1270: Decorator function return type 'void | TypedPropertyDescriptor<unknown>' is not assignable to type 'void | ((query: StatsQueryDto) => Promise<StatsResponseDto>)'.
  Type 'TypedPropertyDescriptor<unknown>' is not assignable to type 'void | ((query: StatsQueryDto) => Promise<StatsResponseDto>)'.
backend/newpennine-api/src/widgets/widgets.controller.ts(113,5): error TS1206: Decorators are not valid here.
backend/newpennine-api/src/widgets/widgets.controller.ts(134,3): error TS1241: Unable to resolve signature of method decorator when called as an expression.
  The runtime will invoke the decorator with 2 arguments, but the decorator expects 3.
backend/newpennine-api/src/widgets/widgets.controller.ts(134,4): error TS1270: Decorator function return type 'void | TypedPropertyDescriptor<unknown>' is not assignable to type 'void | ((query: InventoryQueryDto) => Promise<InventoryAnalysisResponseDto>)'.
  Type 'TypedPropertyDescriptor<unknown>' is not assignable to type 'void | ((query: InventoryQueryDto) => Promise<InventoryAnalysisResponseDto>)'.
backend/newpennine-api/src/widgets/widgets.controller.ts(140,5): error TS1206: Decorators are not valid here.
backend/newpennine-api/src/widgets/widgets.controller.ts(158,3): error TS1241: Unable to resolve signature of method decorator when called as an expression.
  The runtime will invoke the decorator with 2 arguments, but the decorator expects 3.
backend/newpennine-api/src/widgets/widgets.controller.ts(158,4): error TS1270: Decorator function return type 'void | TypedPropertyDescriptor<unknown>' is not assignable to type 'void | ((query: StatsCardQueryDto) => Promise<StatsCardResponseDto>)'.
  Type 'TypedPropertyDescriptor<unknown>' is not assignable to type 'void | ((query: StatsCardQueryDto) => Promise<StatsCardResponseDto>)'.
backend/newpennine-api/src/widgets/widgets.controller.ts(165,5): error TS1206: Decorators are not valid here.
backend/newpennine-api/src/widgets/widgets.controller.ts(183,3): error TS1241: Unable to resolve signature of method decorator when called as an expression.
  The runtime will invoke the decorator with 2 arguments, but the decorator expects 3.
backend/newpennine-api/src/widgets/widgets.controller.ts(183,4): error TS1270: Decorator function return type 'void | TypedPropertyDescriptor<unknown>' is not assignable to type 'void | ((query: InventoryOrderedAnalysisQueryDto) => Promise<InventoryOrderedAnalysisResponseDto>)'.
  Type 'TypedPropertyDescriptor<unknown>' is not assignable to type 'void | ((query: InventoryOrderedAnalysisQueryDto) => Promise<InventoryOrderedAnalysisResponseDto>)'.
backend/newpennine-api/src/widgets/widgets.controller.ts(190,5): error TS1206: Decorators are not valid here.
backend/newpennine-api/src/widgets/widgets.controller.ts(208,3): error TS1241: Unable to resolve signature of method decorator when called as an expression.
  The runtime will invoke the decorator with 2 arguments, but the decorator expects 3.
backend/newpennine-api/src/widgets/widgets.controller.ts(208,4): error TS1270: Decorator function return type 'void | TypedPropertyDescriptor<unknown>' is not assignable to type 'void | ((query: ProductDistributionQueryDto) => Promise<ProductDistributionResponseDto>)'.
  Type 'TypedPropertyDescriptor<unknown>' is not assignable to type 'void | ((query: ProductDistributionQueryDto) => Promise<ProductDistributionResponseDto>)'.
backend/newpennine-api/src/widgets/widgets.controller.ts(215,5): error TS1206: Decorators are not valid here.
backend/newpennine-api/src/widgets/widgets.controller.ts(233,3): error TS1241: Unable to resolve signature of method decorator when called as an expression.
  The runtime will invoke the decorator with 2 arguments, but the decorator expects 3.
backend/newpennine-api/src/widgets/widgets.controller.ts(233,4): error TS1270: Decorator function return type 'void | TypedPropertyDescriptor<unknown>' is not assignable to type 'void | ((query: TransactionReportQueryDto) => Promise<TransactionReportResponseDto>)'.
  Type 'TypedPropertyDescriptor<unknown>' is not assignable to type 'void | ((query: TransactionReportQueryDto) => Promise<TransactionReportResponseDto>)'.
backend/newpennine-api/src/widgets/widgets.controller.ts(240,5): error TS1206: Decorators are not valid here.
backend/newpennine-api/src/widgets/widgets.controller.ts(258,3): error TS1241: Unable to resolve signature of method decorator when called as an expression.
  The runtime will invoke the decorator with 2 arguments, but the decorator expects 3.
backend/newpennine-api/src/widgets/widgets.controller.ts(258,4): error TS1270: Decorator function return type 'void | TypedPropertyDescriptor<unknown>' is not assignable to type 'void | ((query: TopProductsByQuantityQueryDto) => Promise<TopProductsByQuantityResponseDto>)'.
  Type 'TypedPropertyDescriptor<unknown>' is not assignable to type 'void | ((query: TopProductsByQuantityQueryDto) => Promise<TopProductsByQuantityResponseDto>)'.
backend/newpennine-api/src/widgets/widgets.controller.ts(265,5): error TS1206: Decorators are not valid here.
backend/newpennine-api/src/widgets/widgets.controller.ts(283,3): error TS1241: Unable to resolve signature of method decorator when called as an expression.
  The runtime will invoke the decorator with 2 arguments, but the decorator expects 3.
backend/newpennine-api/src/widgets/widgets.controller.ts(283,4): error TS1270: Decorator function return type 'void | TypedPropertyDescriptor<unknown>' is not assignable to type 'void | ((query: ProductionDetailsQueryDto) => Promise<ProductionDetailsResponseDto>)'.
  Type 'TypedPropertyDescriptor<unknown>' is not assignable to type 'void | ((query: ProductionDetailsQueryDto) => Promise<ProductionDetailsResponseDto>)'.
backend/newpennine-api/src/widgets/widgets.controller.ts(290,5): error TS1206: Decorators are not valid here.
backend/newpennine-api/src/widgets/widgets.controller.ts(308,3): error TS1241: Unable to resolve signature of method decorator when called as an expression.
  The runtime will invoke the decorator with 2 arguments, but the decorator expects 3.
backend/newpennine-api/src/widgets/widgets.controller.ts(308,4): error TS1270: Decorator function return type 'void | TypedPropertyDescriptor<unknown>' is not assignable to type 'void | ((query: StaffWorkloadQueryDto) => Promise<StaffWorkloadResponseDto>)'.
  Type 'TypedPropertyDescriptor<unknown>' is not assignable to type 'void | ((query: StaffWorkloadQueryDto) => Promise<StaffWorkloadResponseDto>)'.
backend/newpennine-api/src/widgets/widgets.controller.ts(315,5): error TS1206: Decorators are not valid here.
backend/newpennine-api/src/widgets/widgets.controller.ts(333,3): error TS1241: Unable to resolve signature of method decorator when called as an expression.
  The runtime will invoke the decorator with 2 arguments, but the decorator expects 3.
backend/newpennine-api/src/widgets/widgets.controller.ts(333,4): error TS1270: Decorator function return type 'void | TypedPropertyDescriptor<unknown>' is not assignable to type 'void | ((query: StockDistributionQueryDto) => Promise<StockDistributionResponseDto>)'.
  Type 'TypedPropertyDescriptor<unknown>' is not assignable to type 'void | ((query: StockDistributionQueryDto) => Promise<StockDistributionResponseDto>)'.
backend/newpennine-api/src/widgets/widgets.controller.ts(342,5): error TS1206: Decorators are not valid here.
backend/newpennine-api/src/widgets/widgets.module.ts(1,10): error TS2305: Module '"@nestjs/common"' has no exported member 'Module'.
backend/newpennine-api/src/widgets/widgets.service.fixed.ts(1,10): error TS2305: Module '"@nestjs/common"' has no exported member 'Injectable'.
backend/newpennine-api/src/widgets/widgets.service.spec.ts(47,22): error TS2339: Property 'get' does not exist on type 'TestingModule'.
backend/newpennine-api/src/widgets/widgets.service.spec.ts(48,30): error TS2339: Property 'get' does not exist on type 'TestingModule'.
backend/newpennine-api/src/widgets/widgets.service.spec.ts(49,27): error TS2339: Property 'get' does not exist on type 'TestingModule'.
backend/newpennine-api/src/widgets/widgets.service.ts(1,10): error TS2305: Module '"@nestjs/common"' has no exported member 'Injectable'.
backend/newpennine-api/test/app.e2e-spec.ts(2,10): error TS2305: Module '"@nestjs/common"' has no exported member 'INestApplication'.
backend/newpennine-api/test/auth.e2e-spec.ts(2,10): error TS2305: Module '"@nestjs/common"' has no exported member 'INestApplication'.
backend/newpennine-api/test/products.e2e-spec.ts(2,10): error TS2305: Module '"@nestjs/common"' has no exported member 'INestApplication'.
backend/newpennine-api/test/quick-validation.e2e-spec.ts(2,10): error TS2305: Module '"@nestjs/common"' has no exported member 'INestApplication'.
backend/newpennine-api/test/test-helpers.ts(4,10): error TS2305: Module '"@nestjs/common"' has no exported member 'INestApplication'.
backend/newpennine-api/test/v1.3.2-validation.e2e-spec.ts(2,10): error TS2305: Module '"@nestjs/common"' has no exported member 'INestApplication'.
backend/newpennine-api/test/widgets-v1.2.1.e2e-spec.ts(2,10): error TS2305: Module '"@nestjs/common"' has no exported member 'INestApplication'.
backend/newpennine-api/test/widgets/analysis-endpoints.e2e-spec.ts(2,10): error TS2305: Module '"@nestjs/common"' has no exported member 'INestApplication'.
backend/newpennine-api/test/widgets/new-widgets-endpoints.e2e-spec.ts(2,10): error TS2305: Module '"@nestjs/common"' has no exported member 'INestApplication'.
backend/newpennine-api/test/widgets/product-distribution.e2e-spec.ts(2,10): error TS2305: Module '"@nestjs/common"' has no exported member 'INestApplication'.
backend/newpennine-api/test/widgets/stock-distribution.e2e-spec.ts(2,10): error TS2305: Module '"@nestjs/common"' has no exported member 'INestApplication'.
backend/newpennine-api/test/widgets/transaction-report.e2e-spec.ts(2,10): error TS2305: Module '"@nestjs/common"' has no exported member 'INestApplication'.
lib/printing/services/__tests__/unified-printing-service.test.ts(490,52): error TS2345: Argument of type '{ id: string; jobId: string; type: PrintType; data: { test: string; }; options: { copies: number; paperSize: PaperSize; orientation: string; }; metadata: { userId: string; original: boolean; }; result: { ...; }; createdAt: string; }' is not assignable to parameter of type 'PrintHistory | Promise<PrintHistory | null> | null'.
  Type '{ id: string; jobId: string; type: PrintType; data: { test: string; }; options: { copies: number; paperSize: PaperSize; orientation: string; }; metadata: { userId: string; original: boolean; }; result: { ...; }; createdAt: string; }' is not assignable to type 'PrintHistory'.
    The types of 'options.orientation' are incompatible between these types.
      Type 'string' is not assignable to type '"portrait" | "landscape"'.
lib/utils/exceljs-migration-helper.ts(1,43): error TS2305: Module '"./exceljs-dynamic"' has no exported member 'BorderStyle'.
lib/utils/exceljs-migration-helper.ts(154,7): error TS2722: Cannot invoke an object which is possibly 'undefined'.
lib/widgets.backup/dynamic-imports.ts(56,38): error TS2307: Cannot find module '@/app/admin/components/dashboard/widgets/common/UniversalUploadWidget' or its corresponding type declarations.
lib/widgets.backup/dynamic-imports.ts(57,40): error TS2307: Cannot find module '@/app/admin/components/dashboard/widgets/common/UniversalUploadWidget' or its corresponding type declarations.
lib/widgets.backup/dynamic-imports.ts(58,37): error TS2307: Cannot find module '@/app/admin/components/dashboard/widgets/common/UniversalUploadWidget' or its corresponding type declarations.
lib/widgets.backup/dynamic-imports.ts(59,43): error TS2307: Cannot find module '@/app/admin/components/dashboard/widgets/common/UniversalUploadWidget' or its corresponding type declarations.
lib/widgets.backup/dynamic-imports.ts(60,37): error TS2307: Cannot find module '@/app/admin/components/dashboard/widgets/common/UniversalUploadWidget' or its corresponding type declarations.
lib/widgets.backup/enhanced-performance-monitor.ts(221,37): error TS2339: Property 'getWidgetReport' does not exist on type 'SimplePerformanceMonitor'.
lib/widgets.backup/enhanced-performance-monitor.ts(303,37): error TS2339: Property 'getWidgetReport' does not exist on type 'SimplePerformanceMonitor'.
lib/widgets.backup/enhanced-performance-monitor.ts(329,54): error TS2339: Property 'mean' does not exist on type 'SimpleStats'.
lib/widgets.backup/enhanced-performance-monitor.ts(330,48): error TS2339: Property 'mean' does not exist on type 'SimpleStats'.
lib/widgets.backup/enhanced-performance-monitor.ts(432,43): error TS2339: Property 'getRealtimeMetrics' does not exist on type 'SimplePerformanceMonitor'.
lib/widgets.backup/enhanced-performance-monitor.ts(437,39): error TS2339: Property 'getWidgetReport' does not exist on type 'SimplePerformanceMonitor'.
lib/widgets.backup/enhanced-performance-monitor.ts(658,37): error TS2339: Property 'getWidgetReport' does not exist on type 'SimplePerformanceMonitor'.
lib/widgets.backup/enhanced-performance-monitor.ts(687,7): error TS2353: Object literal may only specify known properties, and 'mean' does not exist in type 'SimpleStats'.
lib/widgets.backup/smart-cache-strategy.ts(387,33): error TS2339: Property 'preloadTiming' does not exist on type '{ readonly baseTTL: 5; readonly enableSWR: true; readonly swrWindow: 10; readonly enablePreload: false; readonly dateRangeAware: false; } | { readonly baseTTL: 60; readonly enableSWR: true; readonly swrWindow: 30; readonly enablePreload: true; readonly preloadTiming: 10; readonly dateRangeAware: true; } | { ...; } |...'.
  Property 'preloadTiming' does not exist on type '{ readonly baseTTL: 5; readonly enableSWR: true; readonly swrWindow: 10; readonly enablePreload: false; readonly dateRangeAware: false; }'.
lib/widgets.backup/unified-registry.ts(195,14): error TS2307: Cannot find module '@/app/admin/components/dashboard/widgets/common/UniversalStatsWidget' or its corresponding type declarations.
lib/widgets.backup/unified-registry.ts(215,47): error TS2307: Cannot find module '@/app/admin/components/dashboard/widgets/common/UniversalStatsWidget/statsConfigs' or its corresponding type declarations.
lib/widgets.backup/unified-registry.ts(250,11): error TS2769: No overload matches this call.
  The last overload gave the following error.
    Object literal may only specify known properties, and 'config' does not exist in type 'Attributes'.
lib/widgets.backup/unified-registry.ts(272,14): error TS2307: Cannot find module '@/app/admin/components/dashboard/widgets/common/UniversalListWidget' or its corresponding type declarations.
lib/widgets.backup/unified-registry.ts(285,47): error TS2307: Cannot find module '@/app/admin/components/dashboard/widgets/common/UniversalListWidget/listConfigs' or its corresponding type declarations.
lib/widgets.backup/unified-registry.ts(323,11): error TS2769: No overload matches this call.
  The last overload gave the following error.
    Object literal may only specify known properties, and 'config' does not exist in type 'Attributes'.
lib/widgets.backup/unified-registry.ts(345,14): error TS2307: Cannot find module '@/app/admin/components/dashboard/widgets/common/UniversalUploadWidget' or its corresponding type declarations.
lib/widgets.backup/unified-registry.ts(358,47): error TS2307: Cannot find module '@/app/admin/components/dashboard/widgets/common/UniversalUploadWidget/uploadConfigs' or its corresponding type declarations.
lib/widgets.backup/unified-registry.ts(396,11): error TS2769: No overload matches this call.
  The last overload gave the following error.
    Object literal may only specify known properties, and 'configId' does not exist in type 'Attributes'.
lib/widgets/enhanced-performance-monitor.ts(307,32): error TS2339: Property 'sampleCount' does not exist on type 'never'.
lib/widgets/enhanced-performance-monitor.ts(309,32): error TS2339: Property 'loadTime' does not exist on type 'never'.
lib/widgets/enhanced-performance-monitor.ts(310,34): error TS2339: Property 'renderTime' does not exist on type 'never'.
lib/widgets/enhanced-performance-monitor.ts(451,23): error TS18047: 'report' is possibly 'null'.
lib/widgets/enhanced-performance-monitor.ts(666,26): error TS2339: Property 'v2Performance' does not exist on type 'never'.
lib/widgets/smart-cache-strategy.ts(387,33): error TS2339: Property 'preloadTiming' does not exist on type '{ readonly baseTTL: 5; readonly enableSWR: true; readonly swrWindow: 10; readonly enablePreload: false; readonly dateRangeAware: false; } | { readonly baseTTL: 60; readonly enableSWR: true; readonly swrWindow: 30; readonly enablePreload: true; readonly preloadTiming: 10; readonly dateRangeAware: true; } | { ...; } |...'.
  Property 'preloadTiming' does not exist on type '{ readonly baseTTL: 5; readonly enableSWR: true; readonly swrWindow: 10; readonly enablePreload: false; readonly dateRangeAware: false; }'.
lib/widgets/unified-widget-config.ts(582,5): error TS2353: Object literal may only specify known properties, and 'supportsFilters' does not exist in type 'Partial<WidgetDefinition>'.
